10-09 02:30:16.387  1146  1965 I PowerManagerService: Going to sleep due to power button (uid 1000)...
10-09 02:30:16.769  1146  1170 I VrManagerService: VR mode is disallowed
10-09 02:30:16.830  1146  1177 I DisplayManagerService: Display device changed state: "Built-in Screen", OFF
10-09 02:30:17.206  1146  1179 I DreamManagerService: Entering dreamland.
10-09 02:30:17.208  1146  1179 I PowerManagerService: Dozing...
10-09 02:30:17.209  1146  1175 I DreamController: Starting dream: name=ComponentInfo{com.android.systemui/com.android.systemui.doze.DozeService}, isTest=false, canDoze=true, userId=0
10-09 02:30:17.280  1146  3289 I ActivityManager: Setting hasTopUi=true for pid=3237
10-09 02:30:17.461  1146  1171 I WindowManager: OverscanTimeout run
10-09 02:30:32.797  1146  1170 I ActivityManager: Start proc 12894:com.tencent.mobileqq/u0a68 for service com.tencent.mobileqq/.app.CoreService
10-09 02:30:33.156  1146 13105 I ActivityManager: Start proc 12920:com.tencent.mobileqq:MSF/u0a68 for service com.tencent.mobileqq/.msf.service.MsfService
10-09 02:30:36.414  1146  4500 W ActivityManager: Unable to start service Intent { cmp=com.tencent.mobileqq/.qipc.QIPCService } U=0: not found
10-09 02:30:39.456 12894 13059 E ActivityThread: Failed to find provider info for com.sec.badge
10-09 02:30:39.467 12894 13022 E ActivityThread: Failed to find provider info for com.sec.badge
10-09 02:32:15.175  1146  1965 I PowerManagerService: Waking up from dozing (uid 1000)...
10-09 02:32:15.177  1146  1179 I DisplayPowerController: Blocking screen on until initial contents have been drawn.
10-09 02:32:15.179  1146  1177 I DisplayManagerService: Display device changed state: "Built-in Screen", ON
10-09 02:32:15.257  1146  1179 I DisplayPowerController: Unblocked screen on after 80 ms
10-09 02:32:15.258  1146  1179 I DreamManagerService: Gently waking up from dream.
10-09 02:32:15.259  1146 12777 I DreamManagerService: Leaving dreamland.
10-09 02:32:15.260  1146  1175 I DreamController: Stopping dream: name=ComponentInfo{com.android.systemui/com.android.systemui.doze.DozeService}, isTest=false, canDoze=true, userId=0
10-09 02:32:18.815  1146  1170 I VrManagerService: VR mode is allowed
10-09 02:32:18.819  1146 12777 W ActivityManager: Unable to start service Intent { act=com.android.launcher3.WINDOW_OVERLAY dat=app://com.teslacoilsw.launcher:10060?v=5 pkg=com.google.android.googlequicksearchbox } U=0: not found
10-09 02:32:18.874  1146  3284 W InputMethodManagerService: Window already focused, ignoring focus gain of: com.android.internal.view.IInputMethodClient$Stub$Proxy@318cf64 attribute=android.view.inputmethod.EditorInfo@c18f5cd, token = android.os.BinderProxy@f607cbb
10-09 02:32:19.116  1146 12779 I ActivityManager: Setting hasTopUi=false for pid=3237
10-09 02:32:19.794  1146  1964 I ActivityManager: START u0 {act=android.intent.action.MAIN cat=[android.intent.category.HOME] flg=0x10200000 cmp=com.teslacoilsw.launcher/.NovaLauncher (has extras)} from uid 1000 on display 0
10-09 02:32:19.906  1146 16558 W ActivityManager: Unable to start service Intent { act=com.android.launcher3.WINDOW_OVERLAY dat=app://com.teslacoilsw.launcher:10060?v=5 pkg=com.google.android.googlequicksearchbox } U=0: not found
10-09 02:32:20.532  1146  4502 I ActivityManager: START u0 {act=android.intent.action.MAIN cat=[android.intent.category.LAUNCHER] flg=0x10200000 cmp=com.android.settings/.Settings (has extras)} from uid 10060 on display 0
10-09 02:32:20.618  1146  4089 I ActivityManager: Start proc 13371:com.android.settings/1000 for activity com.android.settings/.Settings
10-09 02:32:20.721  1146  1965 I PowerManagerService: Going to sleep due to power button (uid 1000)...
10-09 02:32:21.086  1146 12776 I ActivityManager: Start proc 13387:com.android.cellbroadcastreceiver/u0a8 for content provider com.android.cellbroadcastreceiver/.CellBroadcastSearchIndexableProvider
10-09 02:32:21.087  1146 12776 W ActivityManager: Slow operation: 52ms so far, now at getContentProviderImpl: after start process
10-09 02:32:21.087  1146 12776 W ActivityManager: Slow operation: 52ms so far, now at getContentProviderImpl: updating data structures
10-09 02:32:21.087  1146 12776 W ActivityManager: Slow operation: 52ms so far, now at getContentProviderImpl: done!
10-09 02:32:21.127  1146  1179 I VrManagerService: VR mode is disallowed
10-09 02:32:21.133  1146  1177 I DisplayManagerService: Display device changed state: "Built-in Screen", OFF
10-09 02:32:21.311  1146 12780 I ActivityManager: Start proc 13407:org.cyanogenmod.cmparts/1000 for content provider org.cyanogenmod.cmparts/.search.CMPartsSearchIndexablesProvider
10-09 02:32:21.507  1146  1179 I DreamManagerService: Entering dreamland.
10-09 02:32:21.507  1146  1179 I PowerManagerService: Dozing...
10-09 02:32:21.509  1146  1175 I DreamController: Starting dream: name=ComponentInfo{com.android.systemui/com.android.systemui.doze.DozeService}, isTest=false, canDoze=true, userId=0
10-09 02:32:21.611  1146  4501 I ProcessStatsService: Added stats: 2017-10-08-16-23-00, over +9h58m13s275ms
10-09 02:32:21.704  1146 12780 E BatteryStatsService: no controller energy info supplied
10-09 02:32:21.704  1146 12780 E BatteryStatsService: no controller energy info supplied
10-09 02:32:21.750  1146 12780 E BatteryStatsService: modem info is invalid: ModemActivityInfo{ mTimestamp=857952127 mSleepTimeMs=847755997 mIdleTimeMs=-846768355 mTxTimeMs[]=[0, 0, 0, 0, 0] mRxTimeMs=7317 mEnergyUsed=0}
10-09 02:32:21.796  1146 12776 I ActivityManager: Setting hasTopUi=true for pid=3237
10-09 02:32:21.920  1146  1965 I PowerManagerService: Waking up from dozing (uid 1000)...
10-09 02:32:21.920  1146  1179 I DisplayPowerController: Blocking screen on until initial contents have been drawn.
10-09 02:32:21.921  1146  1177 I DisplayManagerService: Display device changed state: "Built-in Screen", ON
10-09 02:32:21.950  1146  1171 I WindowManager: OverscanTimeout run
10-09 02:32:22.056  1146  1965 I WindowManager: Suppressed redundant power key press while already in the process of turning the screen on.
10-09 02:32:22.332  1146  1179 I DisplayPowerController: Unblocked screen on after 413 ms
10-09 02:32:22.334  1146  1179 I DreamManagerService: Gently waking up from dream.
10-09 02:32:22.335  1146  4500 I DreamManagerService: Leaving dreamland.
10-09 02:32:22.335  1146  1175 I DreamController: Stopping dream: name=ComponentInfo{com.android.systemui/com.android.systemui.doze.DozeService}, isTest=false, canDoze=true, userId=0
10-09 02:32:23.311  1146  1170 I VrManagerService: VR mode is allowed
10-09 02:32:23.400  1146 12161 I ProcessStatsService: Added stats: 2017-10-08-16-23-00, over +9h58m13s275ms
10-09 02:32:23.459  1146  4501 W InputMethodManagerService: Window already focused, ignoring focus gain of: com.android.internal.view.IInputMethodClient$Stub$Proxy@93d0fbd attribute=null, token = android.os.BinderProxy@10c4b8c
10-09 02:32:23.559  1146  1168 E BatteryStatsService: no controller energy info supplied
10-09 02:32:23.561  1146  1168 E BatteryStatsService: no controller energy info supplied
10-09 02:32:23.590  1146  1168 E BatteryStatsService: modem info is invalid: ModemActivityInfo{ mTimestamp=857953982 mSleepTimeMs=847755997 mIdleTimeMs=-846768355 mTxTimeMs[]=[0, 0, 0, 0, 0] mRxTimeMs=7317 mEnergyUsed=0}
10-09 02:32:23.611  1146 12160 I ActivityManager: Setting hasTopUi=false for pid=3237
10-09 02:32:24.241  1146  1964 I ActivityManager: START u0 {act=android.intent.action.MAIN cat=[android.intent.category.HOME] flg=0x10200000 cmp=com.teslacoilsw.launcher/.NovaLauncher (has extras)} from uid 1000 on display 0
10-09 02:32:24.324  1146  4500 W ActivityManager: Unable to start service Intent { act=com.android.launcher3.WINDOW_OVERLAY dat=app://com.teslacoilsw.launcher:10060?v=5 pkg=com.google.android.googlequicksearchbox } U=0: not found
10-09 02:32:26.137  1146  1964 I ActivityManager: START u0 {act=android.intent.action.MAIN cat=[android.intent.category.HOME] flg=0x10200000 cmp=com.teslacoilsw.launcher/.NovaLauncher (has extras)} from uid 1000 on display 0
10-09 02:32:26.149  1146 16556 W ActivityManager: Unable to start service Intent { act=com.android.launcher3.WINDOW_OVERLAY dat=app://com.teslacoilsw.launcher:10060?v=5 pkg=com.google.android.googlequicksearchbox } U=0: not found
10-09 02:32:35.220  1146  1170 I ActivityManager: Start proc 13455:app.greyshirts.sslcapture/u0a81 for broadcast app.greyshirts.sslcapture/com.google.android.gms.measurement.AppMeasurementReceiver
10-09 02:32:35.936  1146 12777 W ActivityManager: Unable to start service Intent { act=com.android.vending.billing.InAppBillingService.BIND pkg=com.android.vending } U=0: not found
10-09 02:33:26.142  1146  1179 I PowerManagerService: Going to sleep due to screen timeout (uid 1000)...
10-09 02:33:26.513  1146  1170 I VrManagerService: VR mode is disallowed
10-09 02:33:26.564  1146  1177 I DisplayManagerService: Display device changed state: "Built-in Screen", OFF
10-09 02:33:26.937  1146  1179 I DreamManagerService: Entering dreamland.
10-09 02:33:26.937  1146  1179 I PowerManagerService: Dozing...
10-09 02:33:26.938  1146  1175 I DreamController: Starting dream: name=ComponentInfo{com.android.systemui/com.android.systemui.doze.DozeService}, isTest=false, canDoze=true, userId=0
10-09 02:33:27.178  1146  1171 I WindowManager: OverscanTimeout run
10-09 02:33:30.913  1146  1965 I PowerManagerService: Waking up from dozing (uid 1000)...
10-09 02:33:30.914  1146  1179 I DisplayPowerController: Blocking screen on until initial contents have been drawn.
10-09 02:33:30.944  1146  1177 I DisplayManagerService: Display device changed state: "Built-in Screen", ON
10-09 02:33:31.002  1146  4356 W ActivityManager: Unable to start service Intent { act=com.android.launcher3.WINDOW_OVERLAY dat=app://com.teslacoilsw.launcher:10060?v=5 pkg=com.google.android.googlequicksearchbox } U=0: not found
10-09 02:33:31.023  1146  1179 I DisplayPowerController: Unblocked screen on after 109 ms
10-09 02:33:31.024  1146  1179 I VrManagerService: VR mode is allowed
10-09 02:33:31.024  1146  1179 I DreamManagerService: Gently waking up from dream.
10-09 02:33:31.041  1146  1168 I DreamManagerService: Leaving dreamland.
10-09 02:33:31.042  1146  1175 I DreamController: Stopping dream: name=ComponentInfo{com.android.systemui/com.android.systemui.doze.DozeService}, isTest=false, canDoze=true, userId=0
10-09 02:33:34.754  1146  1182 W PackageParser: Unknown element under <manifest>: meta-data at /data/app/vmdl1069419223.tmp/base.apk Binary XML file line #15
10-09 02:33:34.755  1146  1182 W PackageParser: No actions in intent filter at /data/app/vmdl1069419223.tmp/base.apk Binary XML file line #56
10-09 02:33:34.756  1146  1182 W PackageParser: No actions in intent filter at /data/app/vmdl1069419223.tmp/base.apk Binary XML file line #65
10-09 02:33:36.230  1146  1170 I ActivityManager: Force stopping com.example.administrator.ushot appid=10079 user=-1: installPackageLI
10-09 02:33:36.299  1146  1182 I PackageManager: Package com.example.administrator.ushot codePath changed from /data/app/com.example.administrator.ushot-2 to /data/app/com.example.administrator.ushot-1; Retaining data and using new
10-09 02:33:36.300  1146  1182 W PackageManager: Code path for com.example.administrator.ushot changing from /data/app/com.example.administrator.ushot-2 to /data/app/com.example.administrator.ushot-1
10-09 02:33:36.300  1146  1182 W PackageManager: Resource path for com.example.administrator.ushot changing from /data/app/com.example.administrator.ushot-2 to /data/app/com.example.administrator.ushot-1
10-09 02:33:36.525  1146  1182 I ActivityManager: Force stopping com.example.administrator.ushot appid=10079 user=0: pkg removed
10-09 02:33:36.620 25308 25308 W ContextImpl: Calling a method in the system process without a qualified user: android.app.ContextImpl.startService:1357 android.content.ContextWrapper.startService:613 android.content.ContextWrapper.startService:613 com.android.keychain.KeyChainBroadcastReceiver.onReceive:12 android.app.ActivityThread.handleReceiver:3080 
10-09 02:33:36.698  1146  1169 W VoiceInteractionManagerService: no available voice recognition services found for user 0
10-09 02:33:36.770  1146  4500 W BackupManagerService: dataChanged but no participant pkg='com.teslacoilsw.launcher' uid=10060
10-09 02:33:36.959  1146  4356 I ActivityManager: Process com.UCMobile (pid 11920) has died
10-09 02:33:36.959  1146  4356 D ActivityManager: cleanUpApplicationRecord -- 11920
10-09 02:33:36.959  1146  4356 W ActivityManager: Scheduling restart of crashed service com.UCMobile/com.uc.browser.startup.WarmStartupService in 1000ms
10-09 02:33:37.024  1146  4501 I ActivityManager: Start proc 13612:com.UCMobile/u0a72 for broadcast com.UCMobile/com.uc.base.system.receivers.SysReceiver
10-09 02:33:37.322  1146  4501 I ActivityManager: START u0 {act=android.intent.action.MAIN cat=[android.intent.category.LAUNCHER] flg=0x10000000 cmp=com.example.administrator.ushot/.Modules.MainActivity} from uid 2000 on display 0
10-09 02:33:37.387  1146  3284 I ActivityManager: Start proc 13648:com.example.administrator.ushot/u0a79 for activity com.example.administrator.ushot/.Modules.MainActivity
10-09 02:33:37.403  1146 12160 I ActivityManager: Process com.UCMobile (pid 13612) has died
10-09 02:33:37.403  1146 12160 D ActivityManager: cleanUpApplicationRecord -- 13612
10-09 02:33:37.404  1146 12160 W ActivityManager: Scheduling restart of crashed service com.UCMobile/com.uc.browser.startup.WarmStartupService in 1000ms
10-09 02:33:38.419  1146  1170 I ActivityManager: Start proc 13669:com.UCMobile/u0a72 for service com.UCMobile/com.uc.browser.startup.WarmStartupService
10-09 02:33:40.054  1146 16556 I ActivityManager: START u0 {cmp=com.example.administrator.ushot/com.zhihu.matisse.ui.MatisseActivity} from uid 10079 on display 0
10-09 02:33:45.046  1146 12776 I ActivityManager: START u0 {cmp=com.example.administrator.ushot/.Modules.ViewActivity (has extras)} from uid 10079 on display 0
10-09 02:33:52.597  1146  1965 I PowerManagerService: Going to sleep due to power button (uid 1000)...
10-09 02:33:52.961  1146  1170 I VrManagerService: VR mode is disallowed
10-09 02:33:53.014  1146  1177 I DisplayManagerService: Display device changed state: "Built-in Screen", OFF
10-09 02:33:53.383  1146  1179 I DreamManagerService: Entering dreamland.
10-09 02:33:53.383  1146  1179 I PowerManagerService: Dozing...
10-09 02:33:53.384  1146  1175 I DreamController: Starting dream: name=ComponentInfo{com.android.systemui/com.android.systemui.doze.DozeService}, isTest=false, canDoze=true, userId=0
10-09 02:33:53.434  1146  4500 I ActivityManager: Setting hasTopUi=true for pid=3237
10-09 02:33:53.621  1146  1171 I WindowManager: OverscanTimeout run
10-09 02:35:02.436  1146  1965 I PowerManagerService: Waking up from dozing (uid 1000)...
10-09 02:35:02.437  1146  1179 I DisplayPowerController: Blocking screen on until initial contents have been drawn.
10-09 02:35:02.439  1146  1177 I DisplayManagerService: Display device changed state: "Built-in Screen", ON
10-09 02:35:02.532  1146  1179 I DisplayPowerController: Unblocked screen on after 95 ms
10-09 02:35:02.534  1146  1179 I DreamManagerService: Gently waking up from dream.
10-09 02:35:02.535  1146 12161 I DreamManagerService: Leaving dreamland.
10-09 02:35:02.535  1146  1175 I DreamController: Stopping dream: name=ComponentInfo{com.android.systemui/com.android.systemui.doze.DozeService}, isTest=false, canDoze=true, userId=0
10-09 02:35:03.903  1146  1170 I VrManagerService: VR mode is allowed
10-09 02:35:03.956  1146 12777 W InputMethodManagerService: Window already focused, ignoring focus gain of: com.android.internal.view.IInputMethodClient$Stub$Proxy@5e40816 attribute=android.view.inputmethod.EditorInfo@3925597, token = android.os.BinderProxy@9b5141d
10-09 02:35:04.157  1146 12160 I ActivityManager: Setting hasTopUi=false for pid=3237
10-09 02:35:06.533  1146  1167 I ActivityManager: START u0 {cmp=com.example.administrator.ushot/com.zhihu.matisse.ui.MatisseActivity} from uid 10079 on display 0
10-09 02:35:07.179  1146  1964 I ActivityManager: START u0 {act=android.intent.action.MAIN cat=[android.intent.category.HOME] flg=0x10200000 cmp=com.teslacoilsw.launcher/.NovaLauncher (has extras)} from uid 1000 on display 0
10-09 02:35:07.227  1146  4500 W ActivityManager: Unable to start service Intent { act=com.android.launcher3.WINDOW_OVERLAY dat=app://com.teslacoilsw.launcher:10060?v=5 pkg=com.google.android.googlequicksearchbox } U=0: not found
10-09 02:35:15.048  1146  1167 W BackupManagerService: dataChanged but no participant pkg='com.teslacoilsw.launcher' uid=10060
10-09 02:35:15.061  1146 16558 W BackupManagerService: dataChanged but no participant pkg='com.teslacoilsw.launcher' uid=10060
10-09 02:35:16.683  1146  1964 I ActivityManager: START u0 {act=android.intent.action.MAIN cat=[android.intent.category.HOME] flg=0x10200000 cmp=com.teslacoilsw.launcher/.NovaLauncher (has extras)} from uid 1000 on display 0
10-09 02:35:16.698  1146 16558 W ActivityManager: Unable to start service Intent { act=com.android.launcher3.WINDOW_OVERLAY dat=app://com.teslacoilsw.launcher:10060?v=5 pkg=com.google.android.googlequicksearchbox } U=0: not found
10-09 02:35:18.773  1146  1167 W BackupManagerService: dataChanged but no participant pkg='com.teslacoilsw.launcher' uid=10060
10-09 02:35:21.065  1146  1167 W BackupManagerService: dataChanged but no participant pkg='com.teslacoilsw.launcher' uid=10060
10-09 02:35:22.045  1146 13105 I ActivityManager: START u0 {act=android.intent.action.MAIN cat=[android.intent.category.LAUNCHER] flg=0x10200000 cmp=app.greyshirts.sslcapture/ui.HomeActivity bnds=[0,1044][270,1368] (has extras)} from uid 10060 on display 0
10-09 02:35:23.965  1146  2370 D ConnectivityService: Sending CONNECTED broadcast for type 17 NetworkAgentInfo [VPN () - 114] isDefaultNetwork=false
10-09 02:35:24.123  1146 12776 I ActivityManager: Process com.grarak.kerneladiutor:monitoring (pid 23084) has died
10-09 02:35:24.123  1146 12776 D ActivityManager: cleanUpApplicationRecord -- 23084
10-09 02:35:24.124  1146 12776 W ActivityManager: Scheduling restart of crashed service com.grarak.kerneladiutor/.services.monitor.Monitor in 1000ms
10-09 02:35:24.675  1146  4089 I ActivityManager: START u0 {flg=0x10804000 cmp=com.android.systemui/.recents.RecentsActivity} from uid 10033 on display 0
10-09 02:35:25.139  1146  1170 I ActivityManager: Start proc 15375:com.grarak.kerneladiutor:monitoring/u0a50 for service com.grarak.kerneladiutor/.services.monitor.Monitor
10-09 02:35:25.598  1146  4502 E ActivityManager: applyOptionsLocked: Unknown animationType=0
10-09 02:35:25.823  1146  1146 W WindowManager: Attempted to remove non-existing token: android.os.Binder@9b2466b
10-09 02:35:27.356  1146  4089 I ActivityManager: START u0 {cmp=com.example.administrator.ushot/.Modules.ViewActivity (has extras)} from uid 10079 on display 0
10-09 02:35:28.020  1146  4491 I ActivityManager: Process org.cyanogenmod.snap (pid 25477) has died
10-09 02:35:28.020  1146  4491 D ActivityManager: cleanUpApplicationRecord -- 25477
10-09 02:35:30.858  1146  1964 I ActivityManager: START u0 {act=android.intent.action.MAIN cat=[android.intent.category.HOME] flg=0x10200000 cmp=com.teslacoilsw.launcher/.NovaLauncher (has extras)} from uid 1000 on display 0
10-09 02:35:30.903  1146 12160 W ActivityManager: Unable to start service Intent { act=com.android.launcher3.WINDOW_OVERLAY dat=app://com.teslacoilsw.launcher:10060?v=5 pkg=com.google.android.googlequicksearchbox } U=0: not found
10-09 02:35:31.931  1146 16556 I ActivityManager: START u0 {act=android.intent.action.MAIN cat=[android.intent.category.LAUNCHER] flg=0x10200000 cmp=app.greyshirts.sslcapture/ui.HomeActivity bnds=[0,1044][270,1368] (has extras)} from uid 10060 on display 0
10-09 02:35:33.220   443  1158 D NetlinkEvent: Unknown ifindex 30 in RTM_DELADDR
10-09 02:35:33.240  1146  2370 D ConnectivityService: Sending DISCONNECTED broadcast for type 17 NetworkAgentInfo [VPN () - 114] isDefaultNetwork=false
10-09 02:35:33.699  1146 16556 I ActivityManager: START u0 {cmp=app.greyshirts.sslcapture/ui.StreamListActivity (has extras)} from uid 10081 on display 0
10-09 02:35:40.436  1146  2370 D ConnectivityService: Sending CONNECTED broadcast for type 17 NetworkAgentInfo [VPN () - 115] isDefaultNetwork=false
10-09 02:35:40.808  1146  1964 I ActivityManager: START u0 {act=android.intent.action.MAIN cat=[android.intent.category.HOME] flg=0x10200000 cmp=com.teslacoilsw.launcher/.NovaLauncher (has extras)} from uid 1000 on display 0
10-09 02:35:40.884  1146 12160 W ActivityManager: Unable to start service Intent { act=com.android.launcher3.WINDOW_OVERLAY dat=app://com.teslacoilsw.launcher:10060?v=5 pkg=com.google.android.googlequicksearchbox } U=0: not found
10-09 02:35:42.306  1146  1146 W WindowManager: Attempted to remove non-existing token: android.os.Binder@309b734
10-09 02:35:42.827  1146  4500 I ActivityManager: START u0 {act=android.intent.action.MAIN cat=[android.intent.category.LAUNCHER] flg=0x10200000 cmp=com.example.administrator.ushot/.Modules.MainActivity (has extras)} from uid 10060 on display 0
10-09 02:35:49.554  1146  4491 I ActivityManager: START u0 {cmp=com.example.administrator.ushot/com.zhihu.matisse.ui.MatisseActivity} from uid 10079 on display 0
10-09 02:35:51.445  1146 16556 I ActivityManager: Setting hasTopUi=true for pid=3237
10-09 02:35:51.449  1146  4500 I ActivityManager: Setting hasTopUi=false for pid=3237
10-09 02:35:51.554  1146 12160 I ActivityManager: Setting hasTopUi=true for pid=3237
10-09 02:35:51.882  1146  1168 I ActivityManager: START u0 {cmp=com.example.administrator.ushot/.Modules.ViewActivity (has extras)} from uid 10079 on display 0
10-09 02:35:56.605  1146 13105 I ActivityManager: START u0 {act=com.tencent.mobileqq.action.MAINACTIVITY flg=0x14000000 cmp=com.tencent.mobileqq/.activity.SplashActivity (has extras)} from uid 10068 on display 0
10-09 02:35:56.629  1146  4491 E ActivityManager: applyOptionsLocked: Unknown animationType=0
10-09 02:35:56.890  1146  1168 I ActivityManager: Setting hasTopUi=false for pid=3237
10-09 02:35:58.473  1146  3289 I ActivityManager: Start proc 15970:com.tencent.mobileqq:peak/u0a68 for service com.tencent.mobileqq/.activity.photo.PeakService
10-09 02:35:58.732  1146  4501 I ActivityManager: START u0 {flg=0x24040000 cmp=com.tencent.mobileqq/.activity.aio.photo.AIOGalleryActivity (has extras)} from uid 10068 on display 0
10-09 02:35:59.660  1146 16558 I ActivityManager: START u0 {flg=0x24040000 cmp=com.tencent.mobileqq/.activity.aio.photo.AIOGalleryActivity (has extras)} from uid 10068 on display 0
10-09 02:37:02.463  1146  4500 I ActivityManager: START u0 {flg=0x24040000 cmp=com.tencent.mobileqq/.activity.aio.photo.AIOGalleryActivity (has extras)} from uid 10068 on display 0
10-09 02:37:51.827  1146  4356 I ActivityManager: START u0 {flg=0x24040000 cmp=com.tencent.mobileqq/.activity.aio.photo.AIOGalleryActivity (has extras)} from uid 10068 on display 0
10-09 02:38:51.752  1146  1179 I PowerManagerService: Going to sleep due to screen timeout (uid 1000)...
10-09 02:38:52.126  1146  1170 I VrManagerService: VR mode is disallowed
10-09 02:38:52.185  1146  1177 I DisplayManagerService: Display device changed state: "Built-in Screen", OFF
10-09 02:38:52.550  1146  1179 I DreamManagerService: Entering dreamland.
10-09 02:38:52.551  1146  1179 I PowerManagerService: Dozing...
10-09 02:38:52.553  1146  1175 I DreamController: Starting dream: name=ComponentInfo{com.android.systemui/com.android.systemui.doze.DozeService}, isTest=false, canDoze=true, userId=0
10-09 02:38:52.791  1146  1171 I WindowManager: OverscanTimeout run
10-09 02:39:01.803  1146  4500 I ActivityManager: Setting hasTopUi=true for pid=3237
10-09 02:39:37.340  1146  2370 D NetworkNotificationManager: showNotification tag=ConnectivityNotification:111 event=SIGN_IN transport=Wi-Fi extraInfo="KHAN" highPrioriy=false
10-09 02:40:43.202  1146  1965 I PowerManagerService: Waking up from dozing (uid 1000)...
10-09 02:40:43.203  1146  1179 I DisplayPowerController: Blocking screen on until initial contents have been drawn.
10-09 02:40:43.205  1146  1177 I DisplayManagerService: Display device changed state: "Built-in Screen", ON
10-09 02:40:43.283  1146  1965 I WindowManager: Suppressed redundant power key press while already in the process of turning the screen on.
10-09 02:40:43.300  1146  1179 I DisplayPowerController: Unblocked screen on after 96 ms
10-09 02:40:43.301  1146  1179 I DreamManagerService: Gently waking up from dream.
10-09 02:40:43.303  1146  4089 I DreamManagerService: Leaving dreamland.
10-09 02:40:43.303  1146  1175 I DreamController: Stopping dream: name=ComponentInfo{com.android.systemui/com.android.systemui.doze.DozeService}, isTest=false, canDoze=true, userId=0
10-09 02:40:43.603  1146  4501 I ActivityManager: Force stopping com.example.administrator.ushot appid=10079 user=0: from pid 20318
10-09 02:40:43.603  1146  4501 I ActivityManager: Killing 13648:com.example.administrator.ushot/u0a79 (adj 700): stop com.example.administrator.ushot
10-09 02:40:43.603  1146  4501 D ActivityManager: cleanUpApplicationRecord -- 13648
10-09 02:40:43.604  1146  4501 W ActivityManager: Force removing ActivityRecord{bd242e u0 com.example.administrator.ushot/.Modules.ViewActivity t116}: app died, no saved state
10-09 02:40:43.609  1146  4501 W ActivityManager: Force removing ActivityRecord{18182b8 u0 com.example.administrator.ushot/.Modules.MainActivity t116}: app died, no saved state
10-09 02:40:44.081  1146  1170 I VrManagerService: VR mode is allowed
10-09 02:40:44.162  1146  1168 W InputMethodManagerService: Window already focused, ignoring focus gain of: com.android.internal.view.IInputMethodClient$Stub$Proxy@8e2f76c attribute=android.view.inputmethod.EditorInfo@98e7135, token = android.os.BinderProxy@679a799
10-09 02:40:44.325  1146 12776 I ActivityManager: Setting hasTopUi=false for pid=3237
10-09 02:40:45.597  1146  1964 I ActivityManager: START u0 {act=android.intent.action.MAIN cat=[android.intent.category.HOME] flg=0x10200000 cmp=com.teslacoilsw.launcher/.NovaLauncher (has extras)} from uid 1000 on display 0
10-09 02:40:45.661  1146  4501 W ActivityManager: Unable to start service Intent { act=com.android.launcher3.WINDOW_OVERLAY dat=app://com.teslacoilsw.launcher:10060?v=5 pkg=com.google.android.googlequicksearchbox } U=0: not found
10-09 02:40:48.158  1146  1964 I ActivityManager: START u0 {act=android.intent.action.MAIN cat=[android.intent.category.HOME] flg=0x10200000 cmp=com.teslacoilsw.launcher/.NovaLauncher (has extras)} from uid 1000 on display 0
10-09 02:40:48.172  1146  4491 W ActivityManager: Unable to start service Intent { act=com.android.launcher3.WINDOW_OVERLAY dat=app://com.teslacoilsw.launcher:10060?v=5 pkg=com.google.android.googlequicksearchbox } U=0: not found
10-09 02:40:50.444  1146  1182 W PackageParser: Unknown element under <manifest>: meta-data at /data/app/vmdl1011564563.tmp/base.apk Binary XML file line #15
10-09 02:40:50.445  1146  1182 W PackageParser: No actions in intent filter at /data/app/vmdl1011564563.tmp/base.apk Binary XML file line #56
10-09 02:40:50.445  1146  1182 W PackageParser: No actions in intent filter at /data/app/vmdl1011564563.tmp/base.apk Binary XML file line #65
10-09 02:40:52.057  1146  1170 I ActivityManager: Force stopping com.example.administrator.ushot appid=10079 user=-1: installPackageLI
10-09 02:40:52.159  1146  1182 I PackageManager: Package com.example.administrator.ushot codePath changed from /data/app/com.example.administrator.ushot-1 to /data/app/com.example.administrator.ushot-2; Retaining data and using new
10-09 02:40:52.160  1146  1182 W PackageManager: Code path for com.example.administrator.ushot changing from /data/app/com.example.administrator.ushot-1 to /data/app/com.example.administrator.ushot-2
10-09 02:40:52.160  1146  1182 W PackageManager: Resource path for com.example.administrator.ushot changing from /data/app/com.example.administrator.ushot-1 to /data/app/com.example.administrator.ushot-2
10-09 02:40:52.458  1146  1182 I ActivityManager: Force stopping com.example.administrator.ushot appid=10079 user=0: pkg removed
10-09 02:40:52.571 25308 25308 W ContextImpl: Calling a method in the system process without a qualified user: android.app.ContextImpl.startService:1357 android.content.ContextWrapper.startService:613 android.content.ContextWrapper.startService:613 com.android.keychain.KeyChainBroadcastReceiver.onReceive:12 android.app.ActivityThread.handleReceiver:3080 
10-09 02:40:52.760  1146  1169 W VoiceInteractionManagerService: no available voice recognition services found for user 0
10-09 02:40:52.775  1146 12780 I ActivityManager: Process com.UCMobile (pid 13669) has died
10-09 02:40:52.775  1146 12780 D ActivityManager: cleanUpApplicationRecord -- 13669
10-09 02:40:52.776  1146 12780 W ActivityManager: Scheduling restart of crashed service com.UCMobile/com.uc.browser.startup.WarmStartupService in 1000ms
10-09 02:40:52.851  1146 16556 I ActivityManager: Start proc 20434:com.UCMobile/u0a72 for broadcast com.UCMobile/com.uc.base.system.receivers.SysReceiver
10-09 02:40:52.851  1146 12776 W BackupManagerService: dataChanged but no participant pkg='com.teslacoilsw.launcher' uid=10060
10-09 02:40:53.182  1146  4502 I ActivityManager: Process com.UCMobile (pid 20434) has died
10-09 02:40:53.182  1146  4502 D ActivityManager: cleanUpApplicationRecord -- 20434
10-09 02:40:53.183  1146  4502 W ActivityManager: Scheduling restart of crashed service com.UCMobile/com.uc.browser.startup.WarmStartupService in 1000ms
10-09 02:40:53.258  1146 16558 I ActivityManager: START u0 {act=android.intent.action.MAIN cat=[android.intent.category.LAUNCHER] flg=0x10000000 cmp=com.example.administrator.ushot/.Modules.MainActivity} from uid 2000 on display 0
10-09 02:40:53.326  1146  4089 I ActivityManager: Start proc 20472:com.example.administrator.ushot/u0a79 for activity com.example.administrator.ushot/.Modules.MainActivity
10-09 02:40:54.194  1146  1170 I ActivityManager: Start proc 20493:com.UCMobile/u0a72 for service com.UCMobile/com.uc.browser.startup.WarmStartupService
10-09 02:40:54.881  1146 12161 I ActivityManager: START u0 {cmp=com.example.administrator.ushot/com.zhihu.matisse.ui.MatisseActivity} from uid 10079 on display 0
10-09 02:40:56.974  1146  1168 I ActivityManager: START u0 {cmp=com.example.administrator.ushot/.Modules.ViewActivity (has extras)} from uid 10079 on display 0
10-09 02:41:24.368  1146  1964 I ActivityManager: START u0 {act=android.intent.action.MAIN cat=[android.intent.category.HOME] flg=0x10200000 cmp=com.teslacoilsw.launcher/.NovaLauncher (has extras)} from uid 1000 on display 0
10-09 02:41:24.428  1146  4491 W ActivityManager: Unable to start service Intent { act=com.android.launcher3.WINDOW_OVERLAY dat=app://com.teslacoilsw.launcher:10060?v=5 pkg=com.google.android.googlequicksearchbox } U=0: not found
10-09 02:41:27.627  1146  1964 I ActivityManager: START u0 {act=android.intent.action.MAIN cat=[android.intent.category.HOME] flg=0x10200000 cmp=com.teslacoilsw.launcher/.NovaLauncher (has extras)} from uid 1000 on display 0
10-09 02:41:27.638  1146 12780 W ActivityManager: Unable to start service Intent { act=com.android.launcher3.WINDOW_OVERLAY dat=app://com.teslacoilsw.launcher:10060?v=5 pkg=com.google.android.googlequicksearchbox } U=0: not found
10-09 02:41:28.166  1146  4502 I ActivityManager: START u0 {act=android.intent.action.MAIN cat=[android.intent.category.LAUNCHER] flg=0x10200000 cmp=app.greyshirts.sslcapture/ui.HomeActivity bnds=[0,1044][270,1368] (has extras)} from uid 10060 on display 0
10-09 02:41:29.588  1146 16556 I ActivityManager: START u0 {cmp=app.greyshirts.sslcapture/ui.StreamListActivity (has extras)} from uid 10081 on display 0
10-09 02:41:34.773   443  1158 D NetlinkEvent: Unknown ifindex 31 in RTM_DELADDR
10-09 02:41:34.790  1146  2370 D ConnectivityService: Sending DISCONNECTED broadcast for type 17 NetworkAgentInfo [VPN () - 115] isDefaultNetwork=false
10-09 02:41:36.009  1146  2370 D ConnectivityService: Sending CONNECTED broadcast for type 17 NetworkAgentInfo [VPN () - 116] isDefaultNetwork=false
10-09 02:41:36.231  1146  1964 I ActivityManager: START u0 {act=android.intent.action.MAIN cat=[android.intent.category.HOME] flg=0x10200000 cmp=com.teslacoilsw.launcher/.NovaLauncher (has extras)} from uid 1000 on display 0
10-09 02:41:36.298  1146 12160 W ActivityManager: Unable to start service Intent { act=com.android.launcher3.WINDOW_OVERLAY dat=app://com.teslacoilsw.launcher:10060?v=5 pkg=com.google.android.googlequicksearchbox } U=0: not found
10-09 02:41:37.899  1146  1146 W WindowManager: Attempted to remove non-existing token: android.os.Binder@e8b5e9b
10-09 02:41:38.114  1146 12780 I ActivityManager: START u0 {act=android.intent.action.MAIN cat=[android.intent.category.LAUNCHER] flg=0x10200000 cmp=com.example.administrator.ushot/.Modules.MainActivity (has extras)} from uid 10060 on display 0
10-09 02:41:40.066  1146 12160 I ActivityManager: START u0 {cmp=com.example.administrator.ushot/com.zhihu.matisse.ui.MatisseActivity} from uid 10079 on display 0
10-09 02:41:42.039  1146 12161 I ActivityManager: START u0 {cmp=com.example.administrator.ushot/.Modules.ViewActivity (has extras)} from uid 10079 on display 0
10-09 02:41:44.659  1146  1964 I ActivityManager: START u0 {act=android.intent.action.MAIN cat=[android.intent.category.HOME] flg=0x10200000 cmp=com.teslacoilsw.launcher/.NovaLauncher (has extras)} from uid 1000 on display 0
10-09 02:41:44.727  1146 12776 W ActivityManager: Unable to start service Intent { act=com.android.launcher3.WINDOW_OVERLAY dat=app://com.teslacoilsw.launcher:10060?v=5 pkg=com.google.android.googlequicksearchbox } U=0: not found
10-09 02:41:45.656  1146  3289 I ActivityManager: START u0 {flg=0x10804000 cmp=com.android.systemui/.recents.RecentsActivity} from uid 10033 on display 0
10-09 02:41:49.814  1146 16558 E ActivityManager: applyOptionsLocked: Unknown animationType=0
10-09 02:41:50.802   443  1158 D NetlinkEvent: Unknown ifindex 32 in RTM_DELADDR
10-09 02:41:50.820  1146  2370 D ConnectivityService: Sending DISCONNECTED broadcast for type 17 NetworkAgentInfo [VPN () - 116] isDefaultNetwork=false
10-09 02:41:51.355  1146 12161 I ActivityManager: START u0 {cmp=app.greyshirts.sslcapture/ui.StreamListActivity (has extras)} from uid 10081 on display 0
10-09 02:41:53.711  1146 13105 I ActivityManager: START u0 {cmp=app.greyshirts.sslcapture/ui.PacketActivity (has extras)} from uid 10081 on display 0
10-09 02:42:00.032  1146 12160 W ActivityManager: Unable to start service Intent { act=com.android.launcher3.WINDOW_OVERLAY dat=app://com.teslacoilsw.launcher:10060?v=5 pkg=com.google.android.googlequicksearchbox } U=0: not found
10-09 02:42:01.093  1146  4500 I ActivityManager: START u0 {act=android.intent.action.MAIN cat=[android.intent.category.LAUNCHER] flg=0x10200000 cmp=app.greyshirts.sslcapture/ui.HomeActivity bnds=[0,1044][270,1368] (has extras)} from uid 10060 on display 0
10-09 02:42:02.706  1146  4089 I ActivityManager: START u0 {cmp=app.greyshirts.sslcapture/ui.SettingsActivity} from uid 10081 on display 0
10-09 02:42:12.174  1146  1964 I ActivityManager: START u0 {act=android.intent.action.MAIN cat=[android.intent.category.HOME] flg=0x10200000 cmp=com.teslacoilsw.launcher/.NovaLauncher (has extras)} from uid 1000 on display 0
10-09 02:42:12.231  1146  3289 W ActivityManager: Unable to start service Intent { act=com.android.launcher3.WINDOW_OVERLAY dat=app://com.teslacoilsw.launcher:10060?v=5 pkg=com.google.android.googlequicksearchbox } U=0: not found
10-09 02:42:14.037  1146 12779 W BackupManagerService: dataChanged but no participant pkg='com.teslacoilsw.launcher' uid=10060
10-09 02:42:14.662  1146 12160 I ActivityManager: START u0 {act=android.intent.action.DELETE dat=package:app.greyshirts.sslcapture flg=0x10800000 cmp=com.android.packageinstaller/.UninstallerActivity (has extras)} from uid 10060 on display 0
10-09 02:42:14.764  1146  1167 I ActivityManager: Start proc 21815:com.android.packageinstaller/u0a24 for activity com.android.packageinstaller/.UninstallerActivity
10-09 02:42:16.185  1146 16558 I ActivityManager: START u0 {act=android.intent.action.VIEW cmp=com.android.packageinstaller/.UninstallAppProgress (has extras)} from uid 10024 on display 0
10-09 02:42:16.234  1146  1170 I ActivityManager: Force stopping app.greyshirts.sslcapture appid=10081 user=0: deletePackageX
10-09 02:42:16.234  1146  1170 I ActivityManager: Killing 13455:app.greyshirts.sslcapture/u0a81 (adj 700): stop app.greyshirts.sslcapture
10-09 02:42:16.235  1146  1170 D ActivityManager: cleanUpApplicationRecord -- 13455
10-09 02:42:16.237  1146  1170 W ActivityManager: Force removing ActivityRecord{438547a u0 app.greyshirts.sslcapture/ui.HomeActivity t120}: app died, no saved state
10-09 02:42:16.289  1146  1182 I PackageManager: Removing old permission: app.greyshirts.sslcapture.permission.C2D_MESSAGE from package app.greyshirts.sslcapture
10-09 02:42:16.377  1146  4089 D ConnectivityService: ConnectivityService NetworkRequestInfo binderDied(NetworkRequest [ LISTEN id=27, [ Capabilities: INTERNET&NOT_RESTRICTED&TRUSTED&FOREGROUND] ], android.os.BinderProxy@8cc792)
10-09 02:42:16.377  1146 12776 I WindowManager: WIN DEATH: Window{1af0ff u0 app.greyshirts.sslcapture/ui.HomeActivity}
10-09 02:42:16.377  1146  1168 D ConnectivityService: ConnectivityService NetworkRequestInfo binderDied(NetworkRequest [ LISTEN id=26, [ Capabilities: INTERNET&NOT_RESTRICTED&TRUSTED&FOREGROUND] ], android.os.BinderProxy@daba563)
10-09 02:42:16.378  1146  2370 E ConnectivityService: RemoteException caught trying to send a callback msg for NetworkRequest [ LISTEN id=27, [ Capabilities: INTERNET&NOT_RESTRICTED&TRUSTED&FOREGROUND] ]
10-09 02:42:16.379  1146  2370 E ConnectivityService: RemoteException caught trying to send a callback msg for NetworkRequest [ LISTEN id=26, [ Capabilities: INTERNET&NOT_RESTRICTED&TRUSTED&FOREGROUND] ]
10-09 02:42:16.549  1146  1182 I ActivityManager: Force stopping app.greyshirts.sslcapture appid=10081 user=0: pkg removed
10-09 02:42:16.743  1146 16558 W ActivityManager: Unable to start service Intent { act=com.android.launcher3.WINDOW_OVERLAY dat=app://com.teslacoilsw.launcher:10060?v=5 pkg=com.google.android.googlequicksearchbox } U=0: not found
10-09 02:42:16.741 25308 25308 W ContextImpl: Calling a method in the system process without a qualified user: android.app.ContextImpl.startService:1357 android.content.ContextWrapper.startService:613 android.content.ContextWrapper.startService:613 com.android.keychain.KeyChainBroadcastReceiver.onReceive:12 android.app.ActivityThread.handleReceiver:3080 
10-09 02:42:16.783  1146  1167 D WindowManager: relayoutVisibleWindow: Window{5b845d8 u0 com.teslacoilsw.launcher/com.teslacoilsw.launcher.NovaLauncher EXITING} mAnimatingExit=true, mRemoveOnExit=false, mDestroying=false
10-09 02:42:16.821  1146 12780 W BackupManagerService: dataChanged but no participant pkg='com.teslacoilsw.launcher' uid=10060
10-09 02:42:16.961  1146  4089 I ActivityManager: Start proc 21885:com.android.documentsui/u0a11 for broadcast com.android.documentsui/.PackageReceiver
10-09 02:42:16.964  1146  3289 W ActivityManager: Request to remove task ignored for non-existent task 117
10-09 02:42:16.970  1146 12161 W ActivityManager: Request to remove task ignored for non-existent task 117
10-09 02:42:19.012  1146  4502 I ActivityManager: START u0 {act=android.intent.action.MAIN cat=[android.intent.category.LAUNCHER] flg=0x10200000 cmp=com.coolapk.market/.view.main.MainActivity (has extras)} from uid 10060 on display 0
10-09 02:42:19.094  1146  4491 I ActivityManager: Start proc 21934:com.coolapk.market/u0a73 for activity com.coolapk.market/.view.main.MainActivity
10-09 02:42:20.081  1146  1146 W WindowManager: Attempted to remove non-existing token: android.os.Binder@2934bf
10-09 02:42:21.598  1146  4500 I ActivityManager: START u0 {flg=0x10000 cmp=com.coolapk.market/.view.search.SearchExtendActivity (has extras)} from uid 10073 on display 0
10-09 02:42:23.193  1146  4089 I ActivityManager: START u0 {cmp=com.coolapk.market/.view.search.SearchResultActivity (has extras)} from uid 10073 on display 0
10-09 02:42:26.046  1146  1168 W InputMethodManagerService: Window already focused, ignoring focus gain of: com.android.internal.view.IInputMethodClient$Stub$Proxy@f088d3c attribute=null, token = android.os.BinderProxy@a01c46a
10-09 02:42:32.661  1146  1146 W WindowManager: Attempted to remove non-existing token: android.os.Binder@1291e41
10-09 02:42:34.290  1146  1182 W PackageManager: Unknown permission com.google.android.c2dm.permission.RECEIVE in package app.greyshirts.sslcapture
10-09 02:42:34.374  1146  1182 V BackupManagerService: restoreAtInstall pkg=app.greyshirts.sslcapture token=26 restoreSet=0
10-09 02:42:34.376  1146  1182 W BackupManagerService: Requested unavailable transport: com.google.android.gms/.backup.BackupTransportService
10-09 02:42:34.376  1146  1182 W BackupManagerService: No transport
10-09 02:42:34.376  1146  1182 V BackupManagerService: Finishing install immediately
10-09 02:42:34.574  1146  1169 W VoiceInteractionManagerService: no available voice recognition services found for user 0
10-09 02:42:34.670  1146  1146 W WindowManager: Attempted to remove non-existing token: android.os.Binder@f41a0c3
10-09 02:42:34.773  1146  3284 W BackupManagerService: dataChanged but no participant pkg='com.teslacoilsw.launcher' uid=10060
10-09 02:42:34.794  1146  4356 I ActivityManager: Process com.UCMobile (pid 20493) has died
10-09 02:42:34.795  1146  4356 D ActivityManager: cleanUpApplicationRecord -- 20493
10-09 02:42:34.795  1146  4356 W ActivityManager: Scheduling restart of crashed service com.UCMobile/com.uc.browser.startup.WarmStartupService in 1000ms
10-09 02:42:35.816  1146  1170 I ActivityManager: Start proc 22339:com.UCMobile/u0a72 for service com.UCMobile/com.uc.browser.startup.WarmStartupService
10-09 02:42:36.677  1146  1146 W WindowManager: Attempted to remove non-existing token: android.os.Binder@3dd4491
10-09 02:42:38.077  1146 12777 I ActivityManager: START u0 {act=android.intent.action.MAIN cat=[android.intent.category.LAUNCHER] flg=0x10000000 pkg=app.greyshirts.sslcapture cmp=app.greyshirts.sslcapture/ui.HomeActivity} from uid 10073 on display 0
10-09 02:42:38.148  1146  3289 I ActivityManager: Start proc 22406:app.greyshirts.sslcapture/u0a82 for activity app.greyshirts.sslcapture/ui.HomeActivity
10-09 02:42:38.772  1146 16558 W ActivityManager: Unable to start service Intent { act=com.android.vending.billing.InAppBillingService.BIND pkg=com.android.vending } U=0: not found
10-09 02:42:38.936  1146 16558 I ActivityManager: START u0 {cmp=app.greyshirts.sslcapture/ui.WalkThroughActivity} from uid 10082 on display 0
10-09 02:42:49.676  1146  4502 I ActivityManager: START u0 {act=android.credentials.INSTALL cmp=com.android.certinstaller/.CertInstallerMain (has extras)} from uid 10082 on display 0
10-09 02:42:49.752  1146 12776 I ActivityManager: Start proc 22703:com.android.certinstaller/u0a40 for activity com.android.certinstaller/.CertInstallerMain
10-09 02:42:49.916  1146 12780 I ActivityManager: START u0 {cmp=com.android.certinstaller/.CertInstaller (has extras)} from uid 10040 on display 0
10-09 02:42:52.645  1146 16558 I ActivityManager: START u0 {act=com.android.credentials.INSTALL cmp=com.android.settings/.CredentialStorage (has extras)} from uid 10040 on display 0
10-09 02:42:53.998  1146 13105 I ActivityManager: START u0 {act=android.app.action.SET_NEW_PASSWORD cmp=com.android.settings/.password.SetNewPasswordActivity (has extras)} from uid 1000 on display 0
10-09 02:42:54.092  1146 12160 I ActivityManager: START u0 {act=android.app.action.SET_NEW_PASSWORD cmp=com.android.settings/.ChooseLockGeneric (has extras)} from uid 1000 on display 0
10-09 02:42:54.282  1146 12780 E UserRestrictionsUtils: Unknown restriction: null
10-09 02:42:54.283  1146  1168 E UserRestrictionsUtils: Unknown restriction: null
10-09 02:42:54.283  1146 12777 E UserRestrictionsUtils: Unknown restriction: null
10-09 02:42:54.284  1146 16556 E UserRestrictionsUtils: Unknown restriction: null
10-09 02:42:54.285  1146  4500 E UserRestrictionsUtils: Unknown restriction: null
10-09 02:42:54.286  1146 12160 E UserRestrictionsUtils: Unknown restriction: null
10-09 02:42:54.287  1146  3284 E UserRestrictionsUtils: Unknown restriction: null
10-09 02:42:58.159  1146  4491 I ActivityManager: START u0 {act=android.app.action.SET_NEW_PASSWORD cmp=com.android.settings/.ChooseLockGeneric$InternalActivity (has extras)} from uid 1000 on display 0
10-09 02:42:58.211  1146 12776 E UserRestrictionsUtils: Unknown restriction: null
10-09 02:42:58.212  1146  4491 E UserRestrictionsUtils: Unknown restriction: null
10-09 02:42:58.213  1146  4502 E UserRestrictionsUtils: Unknown restriction: null
10-09 02:42:58.213  1146 12780 E UserRestrictionsUtils: Unknown restriction: null
10-09 02:42:58.214  1146 13105 E UserRestrictionsUtils: Unknown restriction: null
10-09 02:42:58.215  1146 16556 E UserRestrictionsUtils: Unknown restriction: null
10-09 02:42:58.216  1146  4500 E UserRestrictionsUtils: Unknown restriction: null
10-09 02:43:00.594  1146  4501 D CryptdConnector: SND -> {7 cryptfs add_user_key_auth 0 0 [scrubbed] [scrubbed]}
10-09 02:43:00.599   365   379 D vold    : e4crypt_add_user_key_auth 0 serial=0 token_present=0
10-09 02:43:00.603  1146  1984 D CryptdConnector: RCV <- {200 7 Command succeeded}
10-09 02:43:00.669  1146  4501 D CryptdConnector: SND -> {8 cryptfs fixate_newest_user_key_auth 0}
10-09 02:43:00.670   365   379 D vold    : e4crypt_fixate_newest_user_key_auth 0
10-09 02:43:00.670  1146  1984 D CryptdConnector: RCV <- {200 8 Command succeeded}
10-09 02:43:00.722  1146 12779 D CryptdConnector: SND -> {9 cryptfs add_user_key_auth 0 0 [scrubbed] [scrubbed]}
10-09 02:43:00.722   365   379 D vold    : e4crypt_add_user_key_auth 0 serial=0 token_present=0
10-09 02:43:00.723  1146  1984 D CryptdConnector: RCV <- {200 9 Command succeeded}
10-09 02:43:00.772  1146 12779 D CryptdConnector: SND -> {10 cryptfs fixate_newest_user_key_auth 0}
10-09 02:43:00.773   365   379 D vold    : e4crypt_fixate_newest_user_key_auth 0
10-09 02:43:00.774  1146  1984 D CryptdConnector: RCV <- {200 10 Command succeeded}
10-09 02:43:03.236  1146 16558 W ActivityManager: Duplicate finish request for ActivityRecord{24afb3e u0 com.android.certinstaller/.CertInstaller t123 f}
10-09 02:43:03.245  1146 12160 W InputMethodManagerService: Starting input on non-focused client com.android.internal.view.IInputMethodClient$Stub$Proxy@d7a1955 (uid=1000 pid=13371)
10-09 02:43:05.236  1146  1146 W WindowManager: Attempted to remove non-existing token: android.os.Binder@751ac0c
10-09 02:43:05.953  1146 13105 I ActivityManager: START u0 {cmp=com.android.vpndialogs/.ConfirmDialog} from uid 10082 on display 0
10-09 02:43:06.041  1146  4500 W AppOps  : Bad call: specified package app.greyshirts.sslcapture under uid 10028 but it is really 10082
10-09 02:43:06.041  1146  4500 W AppOps  : java.lang.RuntimeException: here
10-09 02:43:06.041  1146  4500 W AppOps  : 	at com.android.server.AppOpsService.getOpsRawLocked(AppOpsService.java:1452)
10-09 02:43:06.041  1146  4500 W AppOps  : 	at com.android.server.AppOpsService.noteOperationUnchecked(AppOpsService.java:1116)
10-09 02:43:06.041  1146  4500 W AppOps  : 	at com.android.server.AppOpsService.noteOperation(AppOpsService.java:1108)
10-09 02:43:06.041  1146  4500 W AppOps  : 	at android.app.AppOpsManager.noteOpNoThrow(AppOpsManager.java:2061)
10-09 02:43:06.041  1146  4500 W AppOps  : 	at com.android.server.connectivity.Vpn.isVpnUserPreConsented(Vpn.java:560)
10-09 02:43:06.041  1146  4500 W AppOps  : 	at com.android.server.connectivity.Vpn.prepare(Vpn.java:440)
10-09 02:43:06.041  1146  4500 W AppOps  : 	at com.android.server.ConnectivityService.prepareVpn(ConnectivityService.java:3561)
10-09 02:43:06.041  1146  4500 W AppOps  : 	at android.net.IConnectivityManager$Stub.onTransact(IConnectivityManager.java:544)
10-09 02:43:06.041  1146  4500 W AppOps  : 	at android.os.Binder.execTransact(Binder.java:565)
10-09 02:43:06.324  1146  1964 I ActivityManager: START u0 {act=android.intent.action.MAIN cat=[android.intent.category.HOME] flg=0x10200000 cmp=com.teslacoilsw.launcher/.NovaLauncher (has extras)} from uid 1000 on display 0
10-09 02:43:06.410  1146  3284 W ActivityManager: Unable to start service Intent { act=com.android.launcher3.WINDOW_OVERLAY dat=app://com.teslacoilsw.launcher:10060?v=5 pkg=com.google.android.googlequicksearchbox } U=0: not found
10-09 02:43:07.942  1146 12780 I ActivityManager: START u0 {flg=0x10804000 cmp=com.android.systemui/.recents.RecentsActivity} from uid 10033 on display 0
10-09 02:43:08.747  1146  1146 W WindowManager: Attempted to remove non-existing token: android.os.Binder@f4d1e0d
10-09 02:43:08.822  1146 16556 E ActivityManager: applyOptionsLocked: Unknown animationType=0
10-09 02:43:10.150  1146  2370 D ConnectivityService: Sending CONNECTED broadcast for type 17 NetworkAgentInfo [VPN () - 117] isDefaultNetwork=false
10-09 02:43:11.153  1146  1964 I ActivityManager: START u0 {act=android.intent.action.MAIN cat=[android.intent.category.HOME] flg=0x10200000 cmp=com.teslacoilsw.launcher/.NovaLauncher (has extras)} from uid 1000 on display 0
10-09 02:43:11.225  1146 12161 W ActivityManager: Unable to start service Intent { act=com.android.launcher3.WINDOW_OVERLAY dat=app://com.teslacoilsw.launcher:10060?v=5 pkg=com.google.android.googlequicksearchbox } U=0: not found
10-09 02:43:24.098  1146  4500 I ActivityManager: START u0 {act=android.intent.action.MAIN cat=[android.intent.category.LAUNCHER] flg=0x10200000 cmp=com.UCMobile/.main.UCMobile (has extras)} from uid 10060 on display 0
