10-09 02:01:40.958  1146 16556 I ActivityManager: START u0 {cmp=com.example.administrator.ushot/com.zhihu.matisse.ui.MatisseActivity} from uid 10079 on display 0
10-09 02:01:46.802  1146  4501 I ActivityManager: START u0 {cmp=com.example.administrator.ushot/com.zhihu.matisse.internal.ui.AlbumPreviewActivity (has extras)} from uid 10079 on display 0
10-09 02:01:51.747  1146 16558 I ActivityManager: START u0 {cmp=com.example.administrator.ushot/.Modules.ViewActivity (has extras)} from uid 10079 on display 0
10-09 02:01:52.575  1146  4491 I ActivityManager: Process com.grarak.kerneladiutor:monitoring (pid 19555) has died
10-09 02:01:52.575  1146  4491 D ActivityManager: cleanUpApplicationRecord -- 19555
10-09 02:01:52.576  1146  4491 W ActivityManager: Scheduling restart of crashed service com.grarak.kerneladiutor/.services.monitor.Monitor in 1000ms
10-09 02:01:52.609  1146  4502 I ActivityManager: Process com.mixplorer (pid 18548) has died
10-09 02:01:52.610  1146  4502 D ActivityManager: cleanUpApplicationRecord -- 18548
10-09 02:01:53.591  1146  1170 I ActivityManager: Start proc 23084:com.grarak.kerneladiutor:monitoring/u0a50 for service com.grarak.kerneladiutor/.services.monitor.Monitor
10-09 02:01:59.913  1146  1964 I ActivityManager: START u0 {act=android.intent.action.MAIN cat=[android.intent.category.HOME] flg=0x10200000 cmp=com.teslacoilsw.launcher/.NovaLauncher (has extras)} from uid 1000 on display 0
10-09 02:01:59.984  1146 16556 W ActivityManager: Unable to start service Intent { act=com.android.launcher3.WINDOW_OVERLAY dat=app://com.teslacoilsw.launcher:10060?v=5 pkg=com.google.android.googlequicksearchbox } U=0: not found
10-09 02:02:04.793  1146 16558 I ActivityManager: START u0 {act=android.intent.action.MAIN cat=[android.intent.category.LAUNCHER] flg=0x10200000 cmp=com.android.gallery3d/.app.GalleryActivity (has extras)} from uid 10060 on display 0
10-09 02:02:04.978  1146  4252 V KeyValueBackupJob: Scheduling k/v pass in 243 minutes
10-09 02:02:09.568  1146  1965 I PowerManagerService: Going to sleep due to power button (uid 1000)...
10-09 02:02:09.939  1146  1170 I VrManagerService: VR mode is disallowed
10-09 02:02:09.989  1146  1177 I DisplayManagerService: Display device changed state: "Built-in Screen", OFF
10-09 02:02:10.343  1146  1179 I DreamManagerService: Entering dreamland.
10-09 02:02:10.343  1146  1179 I PowerManagerService: Dozing...
10-09 02:02:10.344  1146  1175 I DreamController: Starting dream: name=ComponentInfo{com.android.systemui/com.android.systemui.doze.DozeService}, isTest=false, canDoze=true, userId=0
10-09 02:02:10.386  1146  4501 I ActivityManager: Setting hasTopUi=true for pid=3237
10-09 02:02:10.577  1146  1171 I WindowManager: OverscanTimeout run
10-09 02:02:30.940  1146  1169 I UsageStatsService: User[0] Flushing usage stats to disk
10-09 02:02:50.845  1146  1965 I PowerManagerService: Waking up from dozing (uid 1000)...
10-09 02:02:50.846  1146  1179 I DisplayPowerController: Blocking screen on until initial contents have been drawn.
10-09 02:02:50.850  1146  1177 I DisplayManagerService: Display device changed state: "Built-in Screen", ON
10-09 02:02:50.922  1146  1179 I DisplayPowerController: Unblocked screen on after 76 ms
10-09 02:02:50.923  1146  1179 I DreamManagerService: Gently waking up from dream.
10-09 02:02:50.924  1146 16556 I DreamManagerService: Leaving dreamland.
10-09 02:02:50.925  1146  1175 I DreamController: Stopping dream: name=ComponentInfo{com.android.systemui/com.android.systemui.doze.DozeService}, isTest=false, canDoze=true, userId=0
10-09 02:02:52.564  1146  1170 I VrManagerService: VR mode is allowed
10-09 02:02:52.677  1146  4089 W InputMethodManagerService: Window already focused, ignoring focus gain of: com.android.internal.view.IInputMethodClient$Stub$Proxy@94eedb3 attribute=android.view.inputmethod.EditorInfo@e79ef70, token = android.os.BinderProxy@14e445a
10-09 02:02:52.816  1146 13105 I ActivityManager: Setting hasTopUi=false for pid=3237
10-09 02:03:00.127  1146  4491 W InputMethodManagerService: Window already focused, ignoring focus gain of: com.android.internal.view.IInputMethodClient$Stub$Proxy@3f36621 attribute=null, token = android.os.BinderProxy@14e445a
10-09 02:03:02.454  1146  4501 W InputMethodManagerService: Window already focused, ignoring focus gain of: com.android.internal.view.IInputMethodClient$Stub$Proxy@92434d2 attribute=null, token = android.os.BinderProxy@14e445a
10-09 02:03:03.843  1146  1964 I ActivityManager: START u0 {act=android.intent.action.MAIN cat=[android.intent.category.HOME] flg=0x10200000 cmp=com.teslacoilsw.launcher/.NovaLauncher (has extras)} from uid 1000 on display 0
10-09 02:03:03.925  1146  1168 W ActivityManager: Unable to start service Intent { act=com.android.launcher3.WINDOW_OVERLAY dat=app://com.teslacoilsw.launcher:10060?v=5 pkg=com.google.android.googlequicksearchbox } U=0: not found
10-09 02:03:07.888  1146  1168 I ActivityManager: START u0 {act=android.intent.action.MAIN cat=[android.intent.category.LAUNCHER] flg=0x10200000 cmp=com.example.administrator.ccoupons/.Fragments.MainPageActivity (has extras)} from uid 10060 on display 0
10-09 02:03:10.991  1146  4500 I ActivityManager: START u0 {cmp=com.example.administrator.ccoupons/.Fragments.Category.CategorySearchActivity (has extras)} from uid 10080 on display 0
10-09 02:03:11.276  1146 16556 W ActivityManager: Unable to start service Intent { cmp=com.autonavi.minimap/com.amap.api.service.AMapService (has extras) } U=0: not found
10-09 02:03:11.278  1146  4089 W ActivityManager: Unable to start service Intent { cmp=com.autonavi.minimap/.LBSConnectionService (has extras) } U=0: not found
10-09 02:03:12.763  1146  1146 W WindowManager: Attempted to remove non-existing token: android.os.Binder@b76b471
10-09 02:03:15.094  1146  1167 I ActivityManager: START u0 {cmp=com.example.administrator.ccoupons/.User.UserInformationActivity} from uid 10080 on display 0
10-09 02:03:17.486  1146  1146 W WindowManager: Attempted to remove non-existing token: android.os.Binder@932d3b6
10-09 02:03:18.016  1146  4491 I ActivityManager: START u0 {act=android.media.action.IMAGE_CAPTURE flg=0x3 cmp=org.cyanogenmod.snap/com.android.camera.PhotoCamera clip={text/uri-list U:content://com.example.administrator.ccoupons.fileprovider/camera_photos/storage/emulated/0/images/20171009_020318.jpg} (has extras)} from uid 10080 on display 0
10-09 02:03:18.128  1146  4501 I ActivityManager: START u0 {act=android.media.action.IMAGE_CAPTURE flg=0x2000003 cmp=org.cyanogenmod.snap/com.android.camera.CameraActivity clip={text/uri-list U:content://com.example.administrator.ccoupons.fileprovider/camera_photos/storage/emulated/0/images/20171009_020318.jpg} (has extras)} from uid 10026 on display 0
10-09 02:03:18.786  1146  4501 I ActivityManager: Process com.android.defcontainer (pid 10859) has died
10-09 02:03:18.786  1146  4501 D ActivityManager: cleanUpApplicationRecord -- 10859
10-09 02:03:19.994  1146  1146 W WindowManager: Attempted to remove non-existing token: android.os.Binder@ca21d43
10-09 02:03:22.868  1146  4356 I ActivityManager: START u0 {act=com.android.camera.action.CROP dat=content://com.example.administrator.ccoupons.fileprovider/camera_photos/storage/emulated/0/images/20171009_020318.jpg typ=image/* flg=0x1 cmp=com.android.gallery3d/.filtershow.crop.CropActivity (has extras)} from uid 10080 on display 0
10-09 02:03:28.958  1146  4089 I ActivityManager: START u0 {cmp=com.example.administrator.ccoupons/.User.UserPortraitActivity} from uid 10080 on display 0
10-09 02:03:33.870  1146  1965 I PowerManagerService: Going to sleep due to power button (uid 1000)...
10-09 02:03:34.250  1146  1170 I VrManagerService: VR mode is disallowed
10-09 02:03:34.296  1146  1177 I DisplayManagerService: Display device changed state: "Built-in Screen", OFF
10-09 02:03:34.663  1146  1179 I DreamManagerService: Entering dreamland.
10-09 02:03:34.664  1146  1179 I PowerManagerService: Dozing...
10-09 02:03:34.665  1146  1175 I DreamController: Starting dream: name=ComponentInfo{com.android.systemui/com.android.systemui.doze.DozeService}, isTest=false, canDoze=true, userId=0
10-09 02:03:34.712  1146  4501 I ActivityManager: Setting hasTopUi=true for pid=3237
10-09 02:03:34.900  1146  1171 I WindowManager: OverscanTimeout run
10-09 02:04:39.786  1146  1965 I PowerManagerService: Waking up from dozing (uid 1000)...
10-09 02:04:39.788  1146  1179 I DisplayPowerController: Blocking screen on until initial contents have been drawn.
10-09 02:04:39.789  1146  1177 I DisplayManagerService: Display device changed state: "Built-in Screen", ON
10-09 02:04:39.880  1146  1179 I DisplayPowerController: Unblocked screen on after 93 ms
10-09 02:04:39.882  1146  1179 I DreamManagerService: Gently waking up from dream.
10-09 02:04:39.883  1146  4501 I DreamManagerService: Leaving dreamland.
10-09 02:04:39.884  1146  1175 I DreamController: Stopping dream: name=ComponentInfo{com.android.systemui/com.android.systemui.doze.DozeService}, isTest=false, canDoze=true, userId=0
10-09 02:04:40.649  1146  1170 I VrManagerService: VR mode is allowed
10-09 02:04:40.729  1146  4356 W InputMethodManagerService: Window already focused, ignoring focus gain of: com.android.internal.view.IInputMethodClient$Stub$Proxy@fb4a940 attribute=android.view.inputmethod.EditorInfo@2fdc079, token = android.os.BinderProxy@f00c194
10-09 02:04:40.896  1146 16556 I ActivityManager: Setting hasTopUi=false for pid=3237
10-09 02:04:42.745  1146  1964 I ActivityManager: START u0 {act=android.intent.action.MAIN cat=[android.intent.category.HOME] flg=0x10200000 cmp=com.teslacoilsw.launcher/.NovaLauncher (has extras)} from uid 1000 on display 0
10-09 02:04:42.806  1146  1168 W ActivityManager: Unable to start service Intent { act=com.android.launcher3.WINDOW_OVERLAY dat=app://com.teslacoilsw.launcher:10060?v=5 pkg=com.google.android.googlequicksearchbox } U=0: not found
10-09 02:04:47.863  1146  4501 I ActivityManager: START u0 {flg=0x10804000 cmp=com.android.systemui/.recents.RecentsActivity} from uid 10033 on display 0
10-09 02:04:48.516  1146  1146 W WindowManager: Attempted to remove non-existing token: android.os.Binder@112b9e9
10-09 02:04:49.253  1146  1168 I ActivityManager: Killing 18886:com.example.administrator.ccoupons/u0a80 (adj 900): remove task
10-09 02:04:49.253  1146  1172 I libprocessgroup: Killing pid 18931 in uid 10080 as part of process group 18886
10-09 02:04:49.357  1146  1167 I WindowManager: WIN DEATH: Window{ac5b43d u0 com.example.administrator.ccoupons/com.example.administrator.ccoupons.Fragments.MainPageActivity}
10-09 02:04:49.360  1146 16558 D ActivityManager: cleanUpApplicationRecord -- 18886
10-09 02:04:49.766  1146  4502 I ActivityManager: Killing 18257:com.android.gallery3d/u0a25 (adj 900): remove task
10-09 02:04:49.826  1146  3284 I WindowManager: WIN DEATH: Window{d7e9381 u0 SurfaceView - com.android.gallery3d/com.android.gallery3d.app.GalleryActivity}
10-09 02:04:49.828  1146  4089 D ActivityManager: cleanUpApplicationRecord -- 18257
10-09 02:04:49.831  1146  4500 I WindowManager: WIN DEATH: Window{ec2b68b u0 com.android.gallery3d/com.android.gallery3d.app.GalleryActivity}
10-09 02:04:50.252  1146  4491 I ActivityManager: Killing 19125:com.example.administrator.ushot/u0a79 (adj 900): remove task
10-09 02:04:50.400  1146 13105 I WindowManager: WIN DEATH: Window{339a67d u0 com.example.administrator.ushot/com.example.administrator.ushot.Modules.MainActivity}
10-09 02:04:50.400  1146  1168 D ActivityManager: cleanUpApplicationRecord -- 19125
10-09 02:04:50.518  1146 16558 I ActivityManager: Killing 19957:com.android.captiveportallogin/u0a38 (adj 900): remove task
10-09 02:04:50.584  1146  4356 I WindowManager: WIN DEATH: Window{f702fed u0 com.android.captiveportallogin/com.android.captiveportallogin.CaptivePortalLoginActivity}
10-09 02:04:50.585  1146  4501 D ActivityManager: cleanUpApplicationRecord -- 19957
10-09 02:04:50.591  1146  4502 D ConnectivityService: ConnectivityService NetworkRequestInfo binderDied(NetworkRequest [ LISTEN id=19, [ Capabilities: INTERNET&NOT_RESTRICTED&TRUSTED&FOREGROUND] ], android.os.BinderProxy@abcc546)
10-09 02:04:50.591  1146 16556 D ConnectivityService: ConnectivityService NetworkRequestInfo binderDied(NetworkRequest [ LISTEN id=20, [ Transports: WIFI Capabilities: NOT_RESTRICTED&TRUSTED&NOT_VPN&FOREGROUND] ], android.os.BinderProxy@9f8307)
10-09 02:04:50.591  1146  4491 D ConnectivityService: ConnectivityService NetworkRequestInfo binderDied(NetworkRequest [ LISTEN id=21, [ Capabilities: INTERNET&NOT_RESTRICTED&TRUSTED&FOREGROUND] ], android.os.BinderProxy@c411c34)
10-09 02:04:50.601  1146  2370 E ConnectivityService: RemoteException caught trying to send a callback msg for NetworkRequest [ LISTEN id=19, [ Capabilities: INTERNET&NOT_RESTRICTED&TRUSTED&FOREGROUND] ]
10-09 02:04:50.602  1146  2370 E ConnectivityService: RemoteException caught trying to send a callback msg for NetworkRequest [ LISTEN id=20, [ Transports: WIFI Capabilities: NOT_RESTRICTED&TRUSTED&NOT_VPN&FOREGROUND] ]
10-09 02:04:50.604  1146  2370 E ConnectivityService: RemoteException caught trying to send a callback msg for NetworkRequest [ LISTEN id=21, [ Capabilities: INTERNET&NOT_RESTRICTED&TRUSTED&FOREGROUND] ]
10-09 02:04:50.839  1146  1182 I ActivityManager: Start proc 25247:com.android.defcontainer/u0a7 for service com.android.defcontainer/.DefaultContainerService
10-09 02:04:50.851  1146 16558 I ActivityManager: Killing 1331:org.cyanogenmod.snap/u0a26 (adj 900): remove task
10-09 02:04:50.863  1146  1167 I ActivityManager: START u0 {act=android.intent.action.MAIN cat=[android.intent.category.HOME] flg=0x10200000 cmp=com.teslacoilsw.launcher/.NovaLauncher} from uid 10033 on display 0
10-09 02:04:50.935  1146  3289 W ActivityManager: Unable to start service Intent { act=com.android.launcher3.WINDOW_OVERLAY dat=app://com.teslacoilsw.launcher:10060?v=5 pkg=com.google.android.googlequicksearchbox } U=0: not found
10-09 02:04:50.978  1146 13105 I WindowManager: WIN DEATH: Window{52de62b u0 org.cyanogenmod.snap/com.android.camera.CameraActivity}
10-09 02:04:50.978  1146 13105 W WindowManager: Force-removing child win Window{d5b5c21 u0 SurfaceView - org.cyanogenmod.snap/com.android.camera.CameraActivity} from container Window{52de62b u0 org.cyanogenmod.snap/com.android.camera.CameraActivity}
10-09 02:04:50.980  1146  4502 D ActivityManager: cleanUpApplicationRecord -- 1331
10-09 02:04:50.989  1146  1182 W PackageParser: Unknown element under <manifest>: meta-data at /data/app/vmdl2015182041.tmp/base.apk Binary XML file line #15
10-09 02:04:50.990  1146  1182 W PackageParser: No actions in intent filter at /data/app/vmdl2015182041.tmp/base.apk Binary XML file line #56
10-09 02:04:50.991  1146  1182 W PackageParser: No actions in intent filter at /data/app/vmdl2015182041.tmp/base.apk Binary XML file line #65
10-09 02:04:50.994  1146  4500 W WindowManager: Failed looking up window
10-09 02:04:50.994  1146  4500 W WindowManager: java.lang.IllegalArgumentException: Requested window android.os.BinderProxy@ee4a88 does not exist
10-09 02:04:50.994  1146  4500 W WindowManager: 	at com.android.server.wm.WindowManagerService.windowForClientLocked(WindowManagerService.java:9491)
10-09 02:04:50.994  1146  4500 W WindowManager: 	at com.android.server.wm.WindowManagerService.windowForClientLocked(WindowManagerService.java:9482)
10-09 02:04:50.994  1146  4500 W WindowManager: 	at com.android.server.wm.WindowState$DeathRecipient.binderDied(WindowState.java:1807)
10-09 02:04:50.994  1146  4500 W WindowManager: 	at android.os.BinderProxy.sendDeathNotice(Binder.java:688)
10-09 02:04:50.994  1146  4500 I WindowManager: WIN DEATH: null
10-09 02:04:52.439  1146  1170 I ActivityManager: Force stopping com.example.administrator.ushot appid=10079 user=-1: installPackageLI
10-09 02:04:52.542  1146  1182 I PackageManager: Package com.example.administrator.ushot codePath changed from /data/app/com.example.administrator.ushot-2 to /data/app/com.example.administrator.ushot-1; Retaining data and using new
10-09 02:04:52.543  1146  1182 W PackageManager: Code path for com.example.administrator.ushot changing from /data/app/com.example.administrator.ushot-2 to /data/app/com.example.administrator.ushot-1
10-09 02:04:52.543  1146  1182 W PackageManager: Resource path for com.example.administrator.ushot changing from /data/app/com.example.administrator.ushot-2 to /data/app/com.example.administrator.ushot-1
10-09 02:04:52.852  1146  1182 I ActivityManager: Force stopping com.example.administrator.ushot appid=10079 user=0: pkg removed
10-09 02:04:53.028  1146 13105 I ActivityManager: Start proc 25282:com.android.gallery3d/u0a25 for broadcast com.android.gallery3d/.app.PackagesMonitor
10-09 02:04:53.188  1146  1167 I ActivityManager: Start proc 25308:com.android.keychain/1000 for broadcast com.android.keychain/.KeyChainBroadcastReceiver
10-09 02:04:53.211  1146  1169 I ActivityManager: Start proc 25324:com.android.printspooler/u0a55 for service com.android.printspooler/.model.PrintSpoolerService
10-09 02:04:53.238 25308 25308 W ContextImpl: Calling a method in the system process without a qualified user: android.app.ContextImpl.startService:1357 android.content.ContextWrapper.startService:613 android.content.ContextWrapper.startService:613 com.android.keychain.KeyChainBroadcastReceiver.onReceive:12 android.app.ActivityThread.handleReceiver:3080 
10-09 02:04:53.308  1146  4089 I ActivityManager: Start proc 25341:com.mixplorer/u0a47 for broadcast com.mixplorer/.BroadcastReceiver
10-09 02:04:53.312  1146  1169 W VoiceInteractionManagerService: no available voice recognition services found for user 0
10-09 02:04:53.428  1146  4502 W BackupManagerService: dataChanged but no participant pkg='com.teslacoilsw.launcher' uid=10060
10-09 02:04:53.687  1146  3284 I ActivityManager: START u0 {act=android.intent.action.MAIN cat=[android.intent.category.LAUNCHER] flg=0x10000000 cmp=com.example.administrator.ushot/.Modules.MainActivity} from uid 2000 on display 0
10-09 02:04:53.754  1146  3289 I ActivityManager: Start proc 25368:com.example.administrator.ushot/u0a79 for activity com.example.administrator.ushot/.Modules.MainActivity
10-09 02:04:53.972  1146  4356 I ActivityManager: Process com.UCMobile (pid 18620) has died
10-09 02:04:53.972  1146  4356 D ActivityManager: cleanUpApplicationRecord -- 18620
10-09 02:04:53.973  1146  4356 W ActivityManager: Scheduling restart of crashed service com.UCMobile/com.uc.browser.startup.WarmStartupService in 1000ms
10-09 02:04:54.035  1146  3284 I ActivityManager: Start proc 25394:com.topjohnwu.magisk/u0a56 for broadcast com.topjohnwu.magisk/.receivers.PackageReceiver
10-09 02:04:54.218  1146  1167 I ActivityManager: Start proc 25414:com.UCMobile/u0a72 for broadcast com.UCMobile/com.uc.base.system.receivers.SysReceiver
10-09 02:04:54.652  1146 16556 I ActivityManager: Process com.UCMobile (pid 25414) has died
10-09 02:04:54.653  1146 16556 D ActivityManager: cleanUpApplicationRecord -- 25414
10-09 02:04:54.653  1146 16556 W ActivityManager: Scheduling restart of crashed service com.UCMobile/com.uc.browser.startup.WarmStartupService in 1000ms
10-09 02:04:54.669  1146  1170 I ActivityManager: Start proc 25442:stericson.busybox.donate/u0a77 for broadcast stericson.busybox.donate/.receivers.OnUpgradeReceiver
10-09 02:04:55.309  1146  3284 I ActivityManager: START u0 {act=android.media.action.IMAGE_CAPTURE flg=0x3 cmp=org.cyanogenmod.snap/com.android.camera.PhotoCamera clip={text/uri-list U:content://com.example.administrator.ushot.fileprovider/camera_photos/storage/emulated/0/images/20171009_020455.jpg} (has extras)} from uid 10079 on display 0
10-09 02:04:55.373  1146  4356 I ActivityManager: Start proc 25477:org.cyanogenmod.snap/u0a26 for activity org.cyanogenmod.snap/com.android.camera.PhotoCamera
10-09 02:04:55.569  1146 16556 I ActivityManager: START u0 {act=android.media.action.IMAGE_CAPTURE flg=0x2000003 cmp=org.cyanogenmod.snap/com.android.camera.CameraActivity clip={text/uri-list U:content://com.example.administrator.ushot.fileprovider/camera_photos/storage/emulated/0/images/20171009_020455.jpg} (has extras)} from uid 10026 on display 0
10-09 02:04:55.666  1146  1170 I ActivityManager: Start proc 25498:com.UCMobile/u0a72 for service com.UCMobile/com.uc.browser.startup.WarmStartupService
10-09 02:05:02.430  1146  4501 I ActivityManager: START u0 {act=com.android.camera.action.CROP dat=content://com.example.administrator.ushot.fileprovider/camera_photos/storage/emulated/0/images/20171009_020455.jpg typ=image/* flg=0x1 cmp=com.android.gallery3d/.filtershow.crop.CropActivity (has extras)} from uid 10079 on display 0
10-09 02:05:02.721  1146  1170 I ActivityManager: Killing 17517:com.qualcomm.timeservice/1000 (adj 906): empty #17
10-09 02:05:02.786  1146  1168 D ActivityManager: cleanUpApplicationRecord -- 17517
10-09 02:05:05.822  1146  4356 I ActivityManager: START u0 {cmp=com.example.administrator.ushot/.Modules.ViewActivity (has extras)} from uid 10079 on display 0
10-09 02:05:06.385  1146  1170 I ActivityManager: Killing 17535:org.omnirom.deskclock/u0a52 (adj 906): empty #17
10-09 02:05:06.426  1146  4501 D ActivityManager: cleanUpApplicationRecord -- 17535
10-09 02:05:09.608  1146  1965 I PowerManagerService: Going to sleep due to power button (uid 1000)...
10-09 02:05:09.982  1146  1170 I VrManagerService: VR mode is disallowed
10-09 02:05:10.032  1146  1177 I DisplayManagerService: Display device changed state: "Built-in Screen", OFF
10-09 02:05:10.407  1146  1179 I DreamManagerService: Entering dreamland.
10-09 02:05:10.408  1146  1179 I PowerManagerService: Dozing...
10-09 02:05:10.408  1146  1175 I DreamController: Starting dream: name=ComponentInfo{com.android.systemui/com.android.systemui.doze.DozeService}, isTest=false, canDoze=true, userId=0
10-09 02:05:10.458  1146  3289 I ActivityManager: Setting hasTopUi=true for pid=3237
10-09 02:05:10.646  1146  1171 I WindowManager: OverscanTimeout run
10-09 02:05:21.973  1146  4491 I ActivityManager: Start proc 26050:com.tencent.mobileqq:TMAssistantDownloadSDKService/u0a68 for service com.tencent.mobileqq/com.tencent.tmdownloader.TMAssistantDownloadService
10-09 02:05:25.016  1146 16558 I ActivityManager: Process com.tencent.mobileqq:TMAssistantDownloadSDKService (pid 26050) has died
10-09 02:05:25.016  1146 16558 D ActivityManager: cleanUpApplicationRecord -- 26050
10-09 02:05:25.016  1146 16558 W ActivityManager: Scheduling restart of crashed service com.tencent.mobileqq/com.tencent.tmdownloader.TMAssistantDownloadService in 1000ms
10-09 02:05:26.029  1146  1170 I ActivityManager: Start proc 26169:com.tencent.mobileqq:TMAssistantDownloadSDKService/u0a68 for service com.tencent.mobileqq/com.tencent.tmdownloader.TMAssistantDownloadService
10-09 02:06:13.266  1146  1920 I ActivityManager: Start proc 26800:com.example.administrator.ccoupons/u0a80 for service com.example.administrator.ccoupons/.Connections.MessageGetService
10-09 02:06:13.471  1146  4500 I ActivityManager: Killing 18683:com.android.packageinstaller/u0a24 (adj 906): empty #17
10-09 02:06:13.507  1146 16556 D ActivityManager: cleanUpApplicationRecord -- 18683
10-09 02:06:17.104  1146  1146 W WindowManager: Attempted to remove non-existing token: android.os.Binder@7c73fe7
10-09 02:06:17.116  1146 16556 W WindowManager: Failed looking up window
10-09 02:06:17.116  1146 16556 W WindowManager: java.lang.IllegalArgumentException: Requested window android.os.BinderProxy@4bdf383 does not exist
10-09 02:06:17.116  1146 16556 W WindowManager: 	at com.android.server.wm.WindowManagerService.windowForClientLocked(WindowManagerService.java:9491)
10-09 02:06:17.116  1146 16556 W WindowManager: 	at com.android.server.wm.WindowManagerService.windowForClientLocked(WindowManagerService.java:9482)
10-09 02:06:17.116  1146 16556 W WindowManager: 	at com.android.server.wm.WindowManagerService.removeWindow(WindowManagerService.java:2402)
10-09 02:06:17.116  1146 16556 W WindowManager: 	at com.android.server.wm.Session.remove(Session.java:202)
10-09 02:06:17.116  1146 16556 W WindowManager: 	at android.view.IWindowSession$Stub.onTransact(IWindowSession.java:242)
10-09 02:06:17.116  1146 16556 W WindowManager: 	at com.android.server.wm.Session.onTransact(Session.java:145)
10-09 02:06:17.116  1146 16556 W WindowManager: 	at android.os.Binder.execTransact(Binder.java:565)
10-09 02:06:20.612  1146  1146 W WindowManager: Attempted to remove non-existing token: android.os.Binder@8f8c794
10-09 02:06:20.613  1146 16556 W WindowManager: Failed looking up window
10-09 02:06:20.613  1146 16556 W WindowManager: java.lang.IllegalArgumentException: Requested window android.os.BinderProxy@ca73dc4 does not exist
10-09 02:06:20.613  1146 16556 W WindowManager: 	at com.android.server.wm.WindowManagerService.windowForClientLocked(WindowManagerService.java:9491)
10-09 02:06:20.613  1146 16556 W WindowManager: 	at com.android.server.wm.WindowManagerService.windowForClientLocked(WindowManagerService.java:9482)
10-09 02:06:20.613  1146 16556 W WindowManager: 	at com.android.server.wm.WindowManagerService.removeWindow(WindowManagerService.java:2402)
10-09 02:06:20.613  1146 16556 W WindowManager: 	at com.android.server.wm.Session.remove(Session.java:202)
10-09 02:06:20.613  1146 16556 W WindowManager: 	at android.view.IWindowSession$Stub.onTransact(IWindowSession.java:242)
10-09 02:06:20.613  1146 16556 W WindowManager: 	at com.android.server.wm.Session.onTransact(Session.java:145)
10-09 02:06:20.613  1146 16556 W WindowManager: 	at android.os.Binder.execTransact(Binder.java:565)
10-09 02:06:38.023  1146  1965 I PowerManagerService: Waking up from dozing (uid 1000)...
10-09 02:06:38.025  1146  1179 I DisplayPowerController: Blocking screen on until initial contents have been drawn.
10-09 02:06:38.027  1146  1177 I DisplayManagerService: Display device changed state: "Built-in Screen", ON
10-09 02:06:38.130  1146  1179 I DisplayPowerController: Unblocked screen on after 106 ms
10-09 02:06:38.132  1146  1179 I DreamManagerService: Gently waking up from dream.
10-09 02:06:38.137  1146  1167 I DreamManagerService: Leaving dreamland.
10-09 02:06:38.137  1146  1175 I DreamController: Stopping dream: name=ComponentInfo{com.android.systemui/com.android.systemui.doze.DozeService}, isTest=false, canDoze=true, userId=0
10-09 02:06:40.282  1146  1170 I VrManagerService: VR mode is allowed
10-09 02:06:40.347  1146 13105 W InputMethodManagerService: Window already focused, ignoring focus gain of: com.android.internal.view.IInputMethodClient$Stub$Proxy@a512deb attribute=android.view.inputmethod.EditorInfo@f505748, token = android.os.BinderProxy@ec1bf9d
10-09 02:06:40.528  1146  4491 I ActivityManager: Setting hasTopUi=false for pid=3237
10-09 02:06:45.165  1146  1965 I PowerManagerService: Going to sleep due to power button (uid 1000)...
10-09 02:06:45.529  1146  1170 I VrManagerService: VR mode is disallowed
10-09 02:06:45.579  1146  1177 I DisplayManagerService: Display device changed state: "Built-in Screen", OFF
10-09 02:06:45.936  1146  1179 I DreamManagerService: Entering dreamland.
10-09 02:06:45.936  1146  1179 I PowerManagerService: Dozing...
10-09 02:06:45.938  1146  1175 I DreamController: Starting dream: name=ComponentInfo{com.android.systemui/com.android.systemui.doze.DozeService}, isTest=false, canDoze=true, userId=0
10-09 02:06:45.982  1146 16558 I ActivityManager: Setting hasTopUi=true for pid=3237
10-09 02:06:46.170  1146  1171 I WindowManager: OverscanTimeout run
10-09 02:07:21.373  1146  1965 I PowerManagerService: Waking up from dozing (uid 1000)...
10-09 02:07:21.374  1146  1179 I DisplayPowerController: Blocking screen on until initial contents have been drawn.
10-09 02:07:21.375  1146  1177 I DisplayManagerService: Display device changed state: "Built-in Screen", ON
10-09 02:07:21.456  1146  1179 I DisplayPowerController: Unblocked screen on after 82 ms
10-09 02:07:21.458  1146  1179 I DreamManagerService: Gently waking up from dream.
10-09 02:07:21.478  1146 16558 I DreamManagerService: Leaving dreamland.
10-09 02:07:21.478  1146  1175 I DreamController: Stopping dream: name=ComponentInfo{com.android.systemui/com.android.systemui.doze.DozeService}, isTest=false, canDoze=true, userId=0
10-09 02:07:24.421  1146  1170 I VrManagerService: VR mode is allowed
10-09 02:07:24.478  1146  4491 W InputMethodManagerService: Window already focused, ignoring focus gain of: com.android.internal.view.IInputMethodClient$Stub$Proxy@8d45b43 attribute=android.view.inputmethod.EditorInfo@f0b75c0, token = android.os.BinderProxy@ec1bf9d
10-09 02:07:24.685  1146  4502 I ActivityManager: Setting hasTopUi=false for pid=3237
10-09 02:07:24.931  1146  1146 W WindowManager: Attempted to remove non-existing token: android.os.Binder@dc7b5af
10-09 02:07:28.369  1146  4500 I ActivityManager: START u0 {flg=0x10804000 cmp=com.android.systemui/.recents.RecentsActivity} from uid 10033 on display 0
10-09 02:07:29.231  1146  3284 E ActivityManager: applyOptionsLocked: Unknown animationType=0
10-09 02:07:41.936  1146  4089 I ActivityManager: START u0 {flg=0x10804000 cmp=com.android.systemui/.recents.RecentsActivity} from uid 10033 on display 0
10-09 02:07:42.808  1146 13105 E ActivityManager: applyOptionsLocked: Unknown animationType=0
10-09 02:07:48.804  1146  1965 I PowerManagerService: Going to sleep due to power button (uid 1000)...
10-09 02:07:49.187  1146  1170 I VrManagerService: VR mode is disallowed
10-09 02:07:49.233  1146  1177 I DisplayManagerService: Display device changed state: "Built-in Screen", OFF
10-09 02:07:49.601  1146  1179 I DreamManagerService: Entering dreamland.
10-09 02:07:49.601  1146  1179 I PowerManagerService: Dozing...
10-09 02:07:49.604  1146  1175 I DreamController: Starting dream: name=ComponentInfo{com.android.systemui/com.android.systemui.doze.DozeService}, isTest=false, canDoze=true, userId=0
10-09 02:07:49.657  1146  4491 I ActivityManager: Setting hasTopUi=true for pid=3237
10-09 02:07:49.845  1146  1171 I WindowManager: OverscanTimeout run
10-09 02:09:36.509  1146  2370 D NetworkNotificationManager: showNotification tag=ConnectivityNotification:111 event=SIGN_IN transport=Wi-Fi extraInfo="KHAN" highPrioriy=false
10-09 02:10:16.828  1146  1146 W WindowManager: Attempted to remove non-existing token: android.os.Binder@6a4d420
10-09 02:10:16.830  1146  4356 W WindowManager: Failed looking up window
10-09 02:10:16.830  1146  4356 W WindowManager: java.lang.IllegalArgumentException: Requested window android.os.BinderProxy@152579e does not exist
10-09 02:10:16.830  1146  4356 W WindowManager: 	at com.android.server.wm.WindowManagerService.windowForClientLocked(WindowManagerService.java:9491)
10-09 02:10:16.830  1146  4356 W WindowManager: 	at com.android.server.wm.WindowManagerService.windowForClientLocked(WindowManagerService.java:9482)
10-09 02:10:16.830  1146  4356 W WindowManager: 	at com.android.server.wm.WindowManagerService.removeWindow(WindowManagerService.java:2402)
10-09 02:10:16.830  1146  4356 W WindowManager: 	at com.android.server.wm.Session.remove(Session.java:202)
10-09 02:10:16.830  1146  4356 W WindowManager: 	at android.view.IWindowSession$Stub.onTransact(IWindowSession.java:242)
10-09 02:10:16.830  1146  4356 W WindowManager: 	at com.android.server.wm.Session.onTransact(Session.java:145)
10-09 02:10:16.830  1146  4356 W WindowManager: 	at android.os.Binder.execTransact(Binder.java:565)
10-09 02:10:20.338  1146  1146 W WindowManager: Attempted to remove non-existing token: android.os.Binder@d9041d9
10-09 02:10:20.343  1146  4356 W WindowManager: Failed looking up window
10-09 02:10:20.343  1146  4356 W WindowManager: java.lang.IllegalArgumentException: Requested window android.os.BinderProxy@8084faa does not exist
10-09 02:10:20.343  1146  4356 W WindowManager: 	at com.android.server.wm.WindowManagerService.windowForClientLocked(WindowManagerService.java:9491)
10-09 02:10:20.343  1146  4356 W WindowManager: 	at com.android.server.wm.WindowManagerService.windowForClientLocked(WindowManagerService.java:9482)
10-09 02:10:20.343  1146  4356 W WindowManager: 	at com.android.server.wm.WindowManagerService.removeWindow(WindowManagerService.java:2402)
10-09 02:10:20.343  1146  4356 W WindowManager: 	at com.android.server.wm.Session.remove(Session.java:202)
10-09 02:10:20.343  1146  4356 W WindowManager: 	at android.view.IWindowSession$Stub.onTransact(IWindowSession.java:242)
10-09 02:10:20.343  1146  4356 W WindowManager: 	at com.android.server.wm.Session.onTransact(Session.java:145)
10-09 02:10:20.343  1146  4356 W WindowManager: 	at android.os.Binder.execTransact(Binder.java:565)
10-09 02:10:23.850  1146  1146 W WindowManager: Attempted to remove non-existing token: android.os.Binder@553124c
10-09 02:10:23.852  1146 13105 W WindowManager: Failed looking up window
10-09 02:10:23.852  1146 13105 W WindowManager: java.lang.IllegalArgumentException: Requested window android.os.BinderProxy@5675311 does not exist
10-09 02:10:23.852  1146 13105 W WindowManager: 	at com.android.server.wm.WindowManagerService.windowForClientLocked(WindowManagerService.java:9491)
10-09 02:10:23.852  1146 13105 W WindowManager: 	at com.android.server.wm.WindowManagerService.windowForClientLocked(WindowManagerService.java:9482)
10-09 02:10:23.852  1146 13105 W WindowManager: 	at com.android.server.wm.WindowManagerService.removeWindow(WindowManagerService.java:2402)
10-09 02:10:23.852  1146 13105 W WindowManager: 	at com.android.server.wm.Session.remove(Session.java:202)
10-09 02:10:23.852  1146 13105 W WindowManager: 	at android.view.IWindowSession$Stub.onTransact(IWindowSession.java:242)
10-09 02:10:23.852  1146 13105 W WindowManager: 	at com.android.server.wm.Session.onTransact(Session.java:145)
10-09 02:10:23.852  1146 13105 W WindowManager: 	at android.os.Binder.execTransact(Binder.java:565)
10-09 02:14:16.816  1146  1146 W WindowManager: Attempted to remove non-existing token: android.os.Binder@111e44e
10-09 02:14:16.817  1146  4089 W WindowManager: Failed looking up window
10-09 02:14:16.817  1146  4089 W WindowManager: java.lang.IllegalArgumentException: Requested window android.os.BinderProxy@a82296f does not exist
10-09 02:14:16.817  1146  4089 W WindowManager: 	at com.android.server.wm.WindowManagerService.windowForClientLocked(WindowManagerService.java:9491)
10-09 02:14:16.817  1146  4089 W WindowManager: 	at com.android.server.wm.WindowManagerService.windowForClientLocked(WindowManagerService.java:9482)
10-09 02:14:16.817  1146  4089 W WindowManager: 	at com.android.server.wm.WindowManagerService.removeWindow(WindowManagerService.java:2402)
10-09 02:14:16.817  1146  4089 W WindowManager: 	at com.android.server.wm.Session.remove(Session.java:202)
10-09 02:14:16.817  1146  4089 W WindowManager: 	at android.view.IWindowSession$Stub.onTransact(IWindowSession.java:242)
10-09 02:14:16.817  1146  4089 W WindowManager: 	at com.android.server.wm.Session.onTransact(Session.java:145)
10-09 02:14:16.817  1146  4089 W WindowManager: 	at android.os.Binder.execTransact(Binder.java:565)
10-09 02:14:20.325  1146  1146 W WindowManager: Attempted to remove non-existing token: android.os.Binder@669db05
10-09 02:14:20.328  1146  4491 W WindowManager: Failed looking up window
10-09 02:14:20.328  1146  4491 W WindowManager: java.lang.IllegalArgumentException: Requested window android.os.BinderProxy@f322281 does not exist
10-09 02:14:20.328  1146  4491 W WindowManager: 	at com.android.server.wm.WindowManagerService.windowForClientLocked(WindowManagerService.java:9491)
10-09 02:14:20.328  1146  4491 W WindowManager: 	at com.android.server.wm.WindowManagerService.windowForClientLocked(WindowManagerService.java:9482)
10-09 02:14:20.328  1146  4491 W WindowManager: 	at com.android.server.wm.WindowManagerService.removeWindow(WindowManagerService.java:2402)
10-09 02:14:20.328  1146  4491 W WindowManager: 	at com.android.server.wm.Session.remove(Session.java:202)
10-09 02:14:20.328  1146  4491 W WindowManager: 	at android.view.IWindowSession$Stub.onTransact(IWindowSession.java:242)
10-09 02:14:20.328  1146  4491 W WindowManager: 	at com.android.server.wm.Session.onTransact(Session.java:145)
10-09 02:14:20.328  1146  4491 W WindowManager: 	at android.os.Binder.execTransact(Binder.java:565)
10-09 02:14:23.834  1146  1146 W WindowManager: Attempted to remove non-existing token: android.os.Binder@6abf75a
10-09 02:14:23.839  1146 16558 W WindowManager: Failed looking up window
10-09 02:14:23.839  1146 16558 W WindowManager: java.lang.IllegalArgumentException: Requested window android.os.BinderProxy@fca4914 does not exist
10-09 02:14:23.839  1146 16558 W WindowManager: 	at com.android.server.wm.WindowManagerService.windowForClientLocked(WindowManagerService.java:9491)
10-09 02:14:23.839  1146 16558 W WindowManager: 	at com.android.server.wm.WindowManagerService.windowForClientLocked(WindowManagerService.java:9482)
10-09 02:14:23.839  1146 16558 W WindowManager: 	at com.android.server.wm.WindowManagerService.removeWindow(WindowManagerService.java:2402)
10-09 02:14:23.839  1146 16558 W WindowManager: 	at com.android.server.wm.Session.remove(Session.java:202)
10-09 02:14:23.839  1146 16558 W WindowManager: 	at android.view.IWindowSession$Stub.onTransact(IWindowSession.java:242)
10-09 02:14:23.839  1146 16558 W WindowManager: 	at com.android.server.wm.Session.onTransact(Session.java:145)
10-09 02:14:23.839  1146 16558 W WindowManager: 	at android.os.Binder.execTransact(Binder.java:565)
10-09 02:14:27.341  1146  1146 W WindowManager: Attempted to remove non-existing token: android.os.Binder@631ed8b
10-09 02:14:27.343  1146  4500 W WindowManager: Failed looking up window
10-09 02:14:27.343  1146  4500 W WindowManager: java.lang.IllegalArgumentException: Requested window android.os.BinderProxy@d788303 does not exist
10-09 02:14:27.343  1146  4500 W WindowManager: 	at com.android.server.wm.WindowManagerService.windowForClientLocked(WindowManagerService.java:9491)
10-09 02:14:27.343  1146  4500 W WindowManager: 	at com.android.server.wm.WindowManagerService.windowForClientLocked(WindowManagerService.java:9482)
10-09 02:14:27.343  1146  4500 W WindowManager: 	at com.android.server.wm.WindowManagerService.removeWindow(WindowManagerService.java:2402)
10-09 02:14:27.343  1146  4500 W WindowManager: 	at com.android.server.wm.Session.remove(Session.java:202)
10-09 02:14:27.343  1146  4500 W WindowManager: 	at android.view.IWindowSession$Stub.onTransact(IWindowSession.java:242)
10-09 02:14:27.343  1146  4500 W WindowManager: 	at com.android.server.wm.Session.onTransact(Session.java:145)
10-09 02:14:27.343  1146  4500 W WindowManager: 	at android.os.Binder.execTransact(Binder.java:565)
10-09 02:15:46.733  1146  1173 E BatteryStatsService: no controller energy info supplied
10-09 02:15:46.733  1146  1173 E BatteryStatsService: no controller energy info supplied
10-09 02:15:46.781  1146  1173 E BatteryStatsService: modem info is invalid: ModemActivityInfo{ mTimestamp=856957172 mSleepTimeMs=846779678 mIdleTimeMs=-844992623 mTxTimeMs[]=[0, 0, 0, 0, 0] mRxTimeMs=12969 mEnergyUsed=0}
10-09 02:18:16.821  1146  1146 W WindowManager: Attempted to remove non-existing token: android.os.Binder@520eb0a
10-09 02:18:16.823  1146  4491 W WindowManager: Failed looking up window
10-09 02:18:16.823  1146  4491 W WindowManager: java.lang.IllegalArgumentException: Requested window android.os.BinderProxy@6aadd6 does not exist
10-09 02:18:16.823  1146  4491 W WindowManager: 	at com.android.server.wm.WindowManagerService.windowForClientLocked(WindowManagerService.java:9491)
10-09 02:18:16.823  1146  4491 W WindowManager: 	at com.android.server.wm.WindowManagerService.windowForClientLocked(WindowManagerService.java:9482)
10-09 02:18:16.823  1146  4491 W WindowManager: 	at com.android.server.wm.WindowManagerService.removeWindow(WindowManagerService.java:2402)
10-09 02:18:16.823  1146  4491 W WindowManager: 	at com.android.server.wm.Session.remove(Session.java:202)
10-09 02:18:16.823  1146  4491 W WindowManager: 	at android.view.IWindowSession$Stub.onTransact(IWindowSession.java:242)
10-09 02:18:16.823  1146  4491 W WindowManager: 	at com.android.server.wm.Session.onTransact(Session.java:145)
10-09 02:18:16.823  1146  4491 W WindowManager: 	at android.os.Binder.execTransact(Binder.java:565)
10-09 02:18:20.327  1146  1146 W WindowManager: Attempted to remove non-existing token: android.os.Binder@a5d4f7b
10-09 02:18:20.329  1146  3289 W WindowManager: Failed looking up window
10-09 02:18:20.329  1146  3289 W WindowManager: java.lang.IllegalArgumentException: Requested window android.os.BinderProxy@b98382d does not exist
10-09 02:18:20.329  1146  3289 W WindowManager: 	at com.android.server.wm.WindowManagerService.windowForClientLocked(WindowManagerService.java:9491)
10-09 02:18:20.329  1146  3289 W WindowManager: 	at com.android.server.wm.WindowManagerService.windowForClientLocked(WindowManagerService.java:9482)
10-09 02:18:20.329  1146  3289 W WindowManager: 	at com.android.server.wm.WindowManagerService.removeWindow(WindowManagerService.java:2402)
10-09 02:18:20.329  1146  3289 W WindowManager: 	at com.android.server.wm.Session.remove(Session.java:202)
10-09 02:18:20.329  1146  3289 W WindowManager: 	at android.view.IWindowSession$Stub.onTransact(IWindowSession.java:242)
10-09 02:18:20.329  1146  3289 W WindowManager: 	at com.android.server.wm.Session.onTransact(Session.java:145)
10-09 02:18:20.329  1146  3289 W WindowManager: 	at android.os.Binder.execTransact(Binder.java:565)
10-09 02:18:23.837  1146  1146 W WindowManager: Attempted to remove non-existing token: android.os.Binder@c148198
10-09 02:18:23.841  1146  4500 W WindowManager: Failed looking up window
10-09 02:18:23.841  1146  4500 W WindowManager: java.lang.IllegalArgumentException: Requested window android.os.BinderProxy@ddebb0 does not exist
10-09 02:18:23.841  1146  4500 W WindowManager: 	at com.android.server.wm.WindowManagerService.windowForClientLocked(WindowManagerService.java:9491)
10-09 02:18:23.841  1146  4500 W WindowManager: 	at com.android.server.wm.WindowManagerService.windowForClientLocked(WindowManagerService.java:9482)
10-09 02:18:23.841  1146  4500 W WindowManager: 	at com.android.server.wm.WindowManagerService.removeWindow(WindowManagerService.java:2402)
10-09 02:18:23.841  1146  4500 W WindowManager: 	at com.android.server.wm.Session.remove(Session.java:202)
10-09 02:18:23.841  1146  4500 W WindowManager: 	at android.view.IWindowSession$Stub.onTransact(IWindowSession.java:242)
10-09 02:18:23.841  1146  4500 W WindowManager: 	at com.android.server.wm.Session.onTransact(Session.java:145)
10-09 02:18:23.841  1146  4500 W WindowManager: 	at android.os.Binder.execTransact(Binder.java:565)
10-09 02:18:27.347  1146  1146 W WindowManager: Attempted to remove non-existing token: android.os.Binder@7c7adf1
10-09 02:18:27.349  1146 16558 W WindowManager: Failed looking up window
10-09 02:18:27.349  1146 16558 W WindowManager: java.lang.IllegalArgumentException: Requested window android.os.BinderProxy@1f10b4f does not exist
10-09 02:18:27.349  1146 16558 W WindowManager: 	at com.android.server.wm.WindowManagerService.windowForClientLocked(WindowManagerService.java:9491)
10-09 02:18:27.349  1146 16558 W WindowManager: 	at com.android.server.wm.WindowManagerService.windowForClientLocked(WindowManagerService.java:9482)
10-09 02:18:27.349  1146 16558 W WindowManager: 	at com.android.server.wm.WindowManagerService.removeWindow(WindowManagerService.java:2402)
10-09 02:18:27.349  1146 16558 W WindowManager: 	at com.android.server.wm.Session.remove(Session.java:202)
10-09 02:18:27.349  1146 16558 W WindowManager: 	at android.view.IWindowSession$Stub.onTransact(IWindowSession.java:242)
10-09 02:18:27.349  1146 16558 W WindowManager: 	at com.android.server.wm.Session.onTransact(Session.java:145)
10-09 02:18:27.349  1146 16558 W WindowManager: 	at android.os.Binder.execTransact(Binder.java:565)
10-09 02:19:36.992  1146  2370 D NetworkNotificationManager: showNotification tag=ConnectivityNotification:111 event=SIGN_IN transport=Wi-Fi extraInfo="KHAN" highPrioriy=false
10-09 02:21:13.296  1146  1170 I ProcessStatsService: Prepared write state in 9ms
10-09 02:21:13.323  1146  1178 W ProcessCpuTracker: Skipping unknown process pid 5260
10-09 02:21:13.722  1146  1169 I ProcessStatsService: Pruning old procstats: /data/system/procstats/state-1970-04-18-14-36-15.bin
10-09 02:21:16.932  1146  1146 W WindowManager: Attempted to remove non-existing token: android.os.Binder@37f5712
10-09 02:21:16.934  1146  4501 W WindowManager: Failed looking up window
10-09 02:21:16.934  1146  4501 W WindowManager: java.lang.IllegalArgumentException: Requested window android.os.BinderProxy@bd1663f does not exist
10-09 02:21:16.934  1146  4501 W WindowManager: 	at com.android.server.wm.WindowManagerService.windowForClientLocked(WindowManagerService.java:9491)
10-09 02:21:16.934  1146  4501 W WindowManager: 	at com.android.server.wm.WindowManagerService.windowForClientLocked(WindowManagerService.java:9482)
10-09 02:21:16.934  1146  4501 W WindowManager: 	at com.android.server.wm.WindowManagerService.removeWindow(WindowManagerService.java:2402)
10-09 02:21:16.934  1146  4501 W WindowManager: 	at com.android.server.wm.Session.remove(Session.java:202)
10-09 02:21:16.934  1146  4501 W WindowManager: 	at android.view.IWindowSession$Stub.onTransact(IWindowSession.java:242)
10-09 02:21:16.934  1146  4501 W WindowManager: 	at com.android.server.wm.Session.onTransact(Session.java:145)
10-09 02:21:16.934  1146  4501 W WindowManager: 	at android.os.Binder.execTransact(Binder.java:565)
10-09 02:21:20.442  1146  1146 W WindowManager: Attempted to remove non-existing token: android.os.Binder@61eec55
10-09 02:21:20.444  1146  1168 W WindowManager: Failed looking up window
10-09 02:21:20.444  1146  1168 W WindowManager: java.lang.IllegalArgumentException: Requested window android.os.BinderProxy@7296b21 does not exist
10-09 02:21:20.444  1146  1168 W WindowManager: 	at com.android.server.wm.WindowManagerService.windowForClientLocked(WindowManagerService.java:9491)
10-09 02:21:20.444  1146  1168 W WindowManager: 	at com.android.server.wm.WindowManagerService.windowForClientLocked(WindowManagerService.java:9482)
10-09 02:21:20.444  1146  1168 W WindowManager: 	at com.android.server.wm.WindowManagerService.removeWindow(WindowManagerService.java:2402)
10-09 02:21:20.444  1146  1168 W WindowManager: 	at com.android.server.wm.Session.remove(Session.java:202)
10-09 02:21:20.444  1146  1168 W WindowManager: 	at android.view.IWindowSession$Stub.onTransact(IWindowSession.java:242)
10-09 02:21:20.444  1146  1168 W WindowManager: 	at com.android.server.wm.Session.onTransact(Session.java:145)
10-09 02:21:20.444  1146  1168 W WindowManager: 	at android.os.Binder.execTransact(Binder.java:565)
10-09 02:21:23.953  1146  1146 W WindowManager: Attempted to remove non-existing token: android.os.Binder@5eab66a
10-09 02:21:23.958  1146 16558 W WindowManager: Failed looking up window
10-09 02:21:23.958  1146 16558 W WindowManager: java.lang.IllegalArgumentException: Requested window android.os.BinderProxy@1162234 does not exist
10-09 02:21:23.958  1146 16558 W WindowManager: 	at com.android.server.wm.WindowManagerService.windowForClientLocked(WindowManagerService.java:9491)
10-09 02:21:23.958  1146 16558 W WindowManager: 	at com.android.server.wm.WindowManagerService.windowForClientLocked(WindowManagerService.java:9482)
10-09 02:21:23.958  1146 16558 W WindowManager: 	at com.android.server.wm.WindowManagerService.removeWindow(WindowManagerService.java:2402)
10-09 02:21:23.958  1146 16558 W WindowManager: 	at com.android.server.wm.Session.remove(Session.java:202)
10-09 02:21:23.958  1146 16558 W WindowManager: 	at android.view.IWindowSession$Stub.onTransact(IWindowSession.java:242)
10-09 02:21:23.958  1146 16558 W WindowManager: 	at com.android.server.wm.Session.onTransact(Session.java:145)
10-09 02:21:23.958  1146 16558 W WindowManager: 	at android.os.Binder.execTransact(Binder.java:565)
10-09 02:22:52.592  1146  1169 I UsageStatsService: User[0] Flushing usage stats to disk
10-09 02:25:16.792  1146  1146 W WindowManager: Attempted to remove non-existing token: android.os.Binder@1f6e9ff
10-09 02:25:16.794  1146  4500 W WindowManager: Failed looking up window
10-09 02:25:16.794  1146  4500 W WindowManager: java.lang.IllegalArgumentException: Requested window android.os.BinderProxy@ba783cc does not exist
10-09 02:25:16.794  1146  4500 W WindowManager: 	at com.android.server.wm.WindowManagerService.windowForClientLocked(WindowManagerService.java:9491)
10-09 02:25:16.794  1146  4500 W WindowManager: 	at com.android.server.wm.WindowManagerService.windowForClientLocked(WindowManagerService.java:9482)
10-09 02:25:16.794  1146  4500 W WindowManager: 	at com.android.server.wm.WindowManagerService.removeWindow(WindowManagerService.java:2402)
10-09 02:25:16.794  1146  4500 W WindowManager: 	at com.android.server.wm.Session.remove(Session.java:202)
10-09 02:25:16.794  1146  4500 W WindowManager: 	at android.view.IWindowSession$Stub.onTransact(IWindowSession.java:242)
10-09 02:25:16.794  1146  4500 W WindowManager: 	at com.android.server.wm.Session.onTransact(Session.java:145)
10-09 02:25:16.794  1146  4500 W WindowManager: 	at android.os.Binder.execTransact(Binder.java:565)
10-09 02:25:20.302  1146  1146 W WindowManager: Attempted to remove non-existing token: android.os.Binder@ff1dd2a
10-09 02:25:20.307  1146  4356 W WindowManager: Failed looking up window
10-09 02:25:20.307  1146  4356 W WindowManager: java.lang.IllegalArgumentException: Requested window android.os.BinderProxy@d28a1f6 does not exist
10-09 02:25:20.307  1146  4356 W WindowManager: 	at com.android.server.wm.WindowManagerService.windowForClientLocked(WindowManagerService.java:9491)
