10-09 04:04:12.173  1146  1177 I DisplayManagerService: Display device changed state: "Built-in Screen", ON
10-09 04:04:12.173   404   404 D SurfaceFlinger: Set power mode=2, type=0 flinger=0x7f9a848000
10-09 04:04:12.173   404   404 D qdhwcomposer: hwc_setPowerMode: Setting mode 2 on display: 0
10-09 04:04:12.185   434   975 D audio_hw_primary: adev_set_parameters: enter: screen_state=on
10-09 04:04:12.185   434   975 D audio_hw_extn: audio_extn_set_anc_parameters: anc_enabled:0
10-09 04:04:12.192  1146 12160 V KeyguardServiceDelegate: **** SHOWN CALLED ****
10-09 04:04:12.255  1146  1179 I DisplayPowerController: Unblocked screen on after 83 ms
10-09 04:04:12.256  1146  1179 V KeyguardServiceDelegate: onScreenTurnedOn()
10-09 04:04:12.256  1146  1179 I DreamManagerService: Gently waking up from dream.
10-09 04:04:12.274  1146  4356 I DreamManagerService: Leaving dreamland.
10-09 04:04:12.275  1146  1175 I DreamController: Stopping dream: name=ComponentInfo{com.android.systemui/com.android.systemui.doze.DozeService}, isTest=false, canDoze=true, userId=0
10-09 04:04:12.389  1146  1798 W qti_sensors_hal: timestampCalc: Adjusting timestamp for rollover: 863462801055720, -2
10-09 04:04:12.421   404   715 I qdhwcomposer: handle_blank_event: dpy:0 panel power state: 1
10-09 04:04:12.445   404   404 D qdhwcomposer: hwc_setPowerMode: Done setting mode 2 on display 0
10-09 04:04:12.446  1146  3158 D SurfaceControl: Excessive delay in setPowerMode(): 273ms
10-09 04:04:12.936  1146 16558 E QCOM PowerHAL: Failed to acquire lock.
10-09 04:04:13.179  1146  1171 E QCOM PowerHAL: Failed to acquire lock.
10-09 04:04:13.297  3237  3237 D PhoneStatusBar: disable: < expand ICONS alerts SYSTEM_INFO back HOME RECENT clock SEARCH quick_settings >
10-09 04:04:13.323  1146  1170 I VrManagerService: VR mode is allowed
10-09 04:04:13.330  1146 12160 W ActivityManager: Unable to start service Intent { act=com.android.launcher3.WINDOW_OVERLAY dat=app://com.teslacoilsw.launcher:10060?v=5 pkg=com.google.android.googlequicksearchbox } U=0: not found
10-09 04:04:13.336  3237  3237 D PhoneStatusBar: disable: < expand icons* alerts system_info* back HOME RECENT clock SEARCH quick_settings >
10-09 04:04:13.384  3237  3237 D PhoneStatusBar: disable: < expand icons alerts system_info back home* recent* clock search* quick_settings >
10-09 04:04:13.385 12894 12894 I chatty  : uid=10068(com.tencent.mobileqq) expire 10 lines
10-09 04:04:13.630  1146 16558 I ActivityManager: Setting hasTopUi=false for pid=3237
10-09 04:04:14.696  1146  1964 E QCOM PowerHAL: Failed to acquire lock.
10-09 04:04:14.776  1146  2452 D AudioService: Stream muted, skip playback
10-09 04:04:15.617  1146  1964 E QCOM PowerHAL: Failed to acquire lock.
10-09 04:04:15.743  1146  1964 I ActivityManager: START u0 {act=android.intent.action.MAIN cat=[android.intent.category.HOME] flg=0x10200000 cmp=com.teslacoilsw.launcher/.NovaLauncher (has extras)} from uid 1000 on display 0
10-09 04:04:15.757  1146  1167 W ActivityManager: Unable to start service Intent { act=com.android.launcher3.WINDOW_OVERLAY dat=app://com.teslacoilsw.launcher:10060?v=5 pkg=com.google.android.googlequicksearchbox } U=0: not found
10-09 04:04:16.258   562   562 I MSM-irqbalance: Decided to move IRQ177 from CPU0 to CPU1
10-09 04:04:21.256   562   562 I MSM-irqbalance: Decided to move IRQ200 from CPU3 to CPU1
10-09 04:04:26.256   562   562 I MSM-irqbalance: Decided to move IRQ57 from CPU0 to CPU1
10-09 04:04:26.826 20215 20215 D AndroidRuntime: >>>>>> START com.android.internal.os.RuntimeInit uid 2000 <<<<<<
10-09 04:04:26.839 20220 20220 D AndroidRuntime: >>>>>> START com.android.internal.os.RuntimeInit uid 2000 <<<<<<
10-09 04:04:26.840 20215 20215 D AndroidRuntime: CheckJNI is OFF
10-09 04:04:26.842 20220 20220 D AndroidRuntime: CheckJNI is OFF
10-09 04:04:26.973 20220 20220 D ICU     : No timezone override file found: /data/misc/zoneinfo/current/icu/icu_tzdata.dat
10-09 04:04:26.979 20215 20215 D ICU     : No timezone override file found: /data/misc/zoneinfo/current/icu/icu_tzdata.dat
10-09 04:04:27.082 20215 20215 I Radio-JNI: register_android_hardware_Radio DONE
10-09 04:04:27.091 20220 20220 I Radio-JNI: register_android_hardware_Radio DONE
10-09 04:04:27.134 20215 20215 D AndroidRuntime: Calling main entry com.android.commands.wm.Wm
10-09 04:04:27.134 20220 20220 D AndroidRuntime: Calling main entry com.android.commands.pm.Pm
10-09 04:04:27.139 20215 20215 D AndroidRuntime: Shutting down VM
10-09 04:04:27.163   437   437 I         : free_cache(3074853) avail 8663470080
10-09 04:04:27.306  1146  1182 W PackageParser: Unknown element under <manifest>: meta-data at /data/app/vmdl122020699.tmp/base.apk Binary XML file line #17
10-09 04:04:27.307  1146  1182 W PackageParser: No actions in intent filter at /data/app/vmdl122020699.tmp/base.apk Binary XML file line #59
10-09 04:04:27.307  1146  1182 W PackageParser: No actions in intent filter at /data/app/vmdl122020699.tmp/base.apk Binary XML file line #68
10-09 04:04:27.319  1146  1182 I PackageManager.DexOptimizer: Running dexopt (dex2oat) on: /data/app/vmdl122020699.tmp/base.apk pkg=com.example.administrator.ushot isa=arm64 vmSafeMode=false debuggable=true target-filter=interpret-only oatDir = /data/app/vmdl122020699.tmp/oat sharedLibraries=null
10-09 04:04:27.410 20239 20239 I dex2oat : /system/bin/dex2oat --compiler-filter=interpret-only --debuggable
10-09 04:04:27.991 20239 20243 W dex2oat : Before Android 4.1, method int android.support.v7.widget.ListViewCompat.lookForSelectablePosition(int, boolean) would have incorrectly overridden the package-private method in android.widget.ListView
10-09 04:04:28.066 20239 20242 W dex2oat : Before Android 4.1, method void rx.internal.operators.OnSubscribeGroupJoin$ResultManager.init() would have incorrectly overridden the package-private method in java.util.HashMap
10-09 04:04:28.072 20239 20244 W dex2oat : Before Android 4.1, method android.graphics.PorterDuffColorFilter android.support.graphics.drawable.VectorDrawableCompat.updateTintFilter(android.graphics.PorterDuffColorFilter, android.content.res.ColorStateList, android.graphics.PorterDuff$Mode) would have incorrectly overridden the package-private method in android.graphics.drawable.Drawable
10-09 04:04:28.986 20239 20239 I dex2oat : dex2oat took 1.578s (threads: 6) arena alloc=5KB (5848B) java alloc=7MB (7506760B) native alloc=9MB (10090152B) free=2MB (2754904B)
10-09 04:04:29.004  1146  1170 I ActivityManager: Force stopping com.example.administrator.ushot appid=10079 user=-1: installPackageLI
10-09 04:04:29.102  1146  1182 I PackageManager: Package com.example.administrator.ushot codePath changed from /data/app/com.example.administrator.ushot-2 to /data/app/com.example.administrator.ushot-1; Retaining data and using new
10-09 04:04:29.103  1146  1182 W PackageManager: Code path for com.example.administrator.ushot changing from /data/app/com.example.administrator.ushot-2 to /data/app/com.example.administrator.ushot-1
10-09 04:04:29.103  1146  1182 W PackageManager: Resource path for com.example.administrator.ushot changing from /data/app/com.example.administrator.ushot-2 to /data/app/com.example.administrator.ushot-1
10-09 04:04:29.274  1146  1182 I art     : Starting a blocking GC Explicit
10-09 04:04:29.368  1146  1182 I art     : Explicit concurrent mark sweep GC freed 30154(1807KB) AllocSpace objects, 6(120KB) LOS objects, 33% free, 12MB/18MB, paused 1.461ms total 93.389ms
10-09 04:04:29.402   437   437 E         : Couldn't opendir /data/app/vmdl122020699.tmp: No such file or directory
10-09 04:04:29.403  1146  1182 I ActivityManager: Force stopping com.example.administrator.ushot appid=10079 user=0: pkg removed
10-09 04:04:29.468 20220 20220 I art     : System.exit called, status: 0
10-09 04:04:29.468 20220 20220 I AndroidRuntime: VM exiting with result code 0.
10-09 04:04:29.515  1146 30663 I ActivityManager: Start proc 20251:com.android.gallery3d/u0a25 for broadcast com.android.gallery3d/.app.PackagesMonitor
10-09 04:04:29.519  1146  1965 I InputReader: Reconfiguring input devices.  changes=0x00000010
10-09 04:04:29.520  1146  1965 I InputReader: Reconfiguring input devices.  changes=0x00000010
10-09 04:04:29.522  1146  1965 I InputReader: Reconfiguring input devices.  changes=0x00000010
10-09 04:04:29.527 11280 11280 D OverlayRefresher: A theme has been modified, sending update signal to refresh the list!
10-09 04:04:29.579 20251 20251 I art     : Starting a blocking GC AddRemoveAppImageSpace
10-09 04:04:29.643  3965  3965 D CarrierSvcBindHelper: No carrier app for: 0
10-09 04:04:29.644  3965  3965 D CarrierSvcBindHelper: No carrier app for: 1
10-09 04:04:29.645  3965  3965 D CarrierSvcBindHelper: No carrier app for: 0
10-09 04:04:29.646  3965  3965 D CarrierSvcBindHelper: No carrier app for: 1
10-09 04:04:29.648  3965  3965 D CarrierConfigLoader: mHandler: 9 phoneId: 0
10-09 04:04:29.719  1146  1169 W Searchables: No global search activity found
10-09 04:04:29.748  1146  3284 I ActivityManager: Start proc 20278:com.android.keychain/1000 for broadcast com.android.keychain/.KeyChainBroadcastReceiver
10-09 04:04:29.752  1146  1169 W Searchables: No global search activity found
10-09 04:04:29.774  1146  1169 W VoiceInteractionManagerService: no available voice recognition services found for user 0
10-09 04:04:29.781 20278 20278 I art     : Starting a blocking GC AddRemoveAppImageSpace
10-09 04:04:29.782 20278 20278 W System  : ClassLoader referenced unknown path: /system/app/KeyChain/lib/arm64
10-09 04:04:29.801 20278 20278 W ContextImpl: Calling a method in the system process without a qualified user: android.app.ContextImpl.startService:1357 android.content.ContextWrapper.startService:613 android.content.ContextWrapper.startService:613 com.android.keychain.KeyChainBroadcastReceiver.onReceive:12 android.app.ActivityThread.handleReceiver:3080 
10-09 04:04:29.872  1146  3284 I ActivityManager: Start proc 20296:com.mixplorer/u0a47 for broadcast com.mixplorer/.BroadcastReceiver
10-09 04:04:29.884  1146  3289 W BackupManagerService: dataChanged but no participant pkg='com.teslacoilsw.launcher' uid=10060
10-09 04:04:29.905 20296 20296 I art     : Starting a blocking GC AddRemoveAppImageSpace
10-09 04:04:29.907 20296 20296 W System  : ClassLoader referenced unknown path: /system/app/MiXplorer/lib/arm64
10-09 04:04:29.943 20296 20296 I STARTUP : Loading started...
10-09 04:04:30.085 20273 20273 D AndroidRuntime: >>>>>> START com.android.internal.os.RuntimeInit uid 2000 <<<<<<
10-09 04:04:30.088 20273 20273 D AndroidRuntime: CheckJNI is OFF
10-09 04:04:30.162 20273 20273 D ICU     : No timezone override file found: /data/misc/zoneinfo/current/icu/icu_tzdata.dat
10-09 04:04:30.216 20273 20273 I Radio-JNI: register_android_hardware_Radio DONE
10-09 04:04:30.231 20273 20273 D AndroidRuntime: Calling main entry com.android.commands.am.Am
10-09 04:04:30.234  3237  3237 D TileServices: Couldn't find tile for ComponentInfo{com.mixplorer/com.mixplorer.services.TileServiceFTP}
10-09 04:04:30.236  3237  3237 D TileServices: Couldn't find tile for ComponentInfo{com.mixplorer/com.mixplorer.services.TileServiceHTTP}
10-09 04:04:30.238  1146  4356 I ActivityManager: START u0 {act=android.intent.action.MAIN cat=[android.intent.category.LAUNCHER] flg=0x10000000 cmp=com.example.administrator.ushot/.Modules.MainActivity} from uid 2000 on display 0
10-09 04:04:30.246  1146  4356 E QCOM PowerHAL: Failed to acquire lock.
10-09 04:04:30.260 20273 20273 D AndroidRuntime: Shutting down VM
10-09 04:04:30.261  3237  3237 D TileServices: Couldn't find tile for ComponentInfo{com.mixplorer/com.mixplorer.services.TileServiceTCP}
10-09 04:04:30.282 20321 20321 I art     : Late-enabling -Xcheck:jni
10-09 04:04:30.316  1146  3289 I ActivityManager: Start proc 20321:com.example.administrator.ushot/u0a79 for activity com.example.administrator.ushot/.Modules.MainActivity
10-09 04:04:30.354 20321 20321 W System  : ClassLoader referenced unknown path: /data/app/com.example.administrator.ushot-1/lib/arm64
10-09 04:04:30.404 20321 20321 W art     : Before Android 4.1, method android.graphics.PorterDuffColorFilter android.support.graphics.drawable.VectorDrawableCompat.updateTintFilter(android.graphics.PorterDuffColorFilter, android.content.res.ColorStateList, android.graphics.PorterDuff$Mode) would have incorrectly overridden the package-private method in android.graphics.drawable.Drawable
10-09 04:04:30.474 17116 17116 I art     : System.exit called, status: 0
10-09 04:04:30.474 17116 17116 I AndroidRuntime: VM exiting with result code 0, cleanup skipped.
10-09 04:04:30.518  1146 30664 I ActivityManager: Process com.UCMobile (pid 17116) has died
10-09 04:04:30.518  1146 30664 D ActivityManager: cleanUpApplicationRecord -- 17116
10-09 04:04:30.519  1146 30664 W ActivityManager: Scheduling restart of crashed service com.UCMobile/com.uc.browser.startup.WarmStartupService in 1000ms
10-09 04:04:30.583 20321 20356 I Adreno  : QUALCOMM build                   : bc01238, I8e5c908169
10-09 04:04:30.583 20321 20356 I Adreno  : Build Date                       : 12/06/16
10-09 04:04:30.583 20321 20356 I Adreno  : OpenGL ES Shader Compiler Version: XE031.09.00.03
10-09 04:04:30.583 20321 20356 I Adreno  : Local Branch                     : 
10-09 04:04:30.583 20321 20356 I Adreno  : Remote Branch                    : quic/LA.BR.1.3.6_rb1.10
10-09 04:04:30.583 20321 20356 I Adreno  : Remote Branch                    : NONE
10-09 04:04:30.583 20321 20356 I Adreno  : Reconstruct Branch               : NOTHING
10-09 04:04:30.594 20321 20356 I OpenGLRenderer: Initialized EGL, version 1.4
10-09 04:04:30.594 20321 20356 D OpenGLRenderer: Swap behavior 1
10-09 04:04:30.619  1146 12777 I ActivityManager: Start proc 20359:com.UCMobile/u0a72 for broadcast com.UCMobile/com.uc.base.system.receivers.SysReceiver
10-09 04:04:30.680 20359 20359 I art     : Starting a blocking GC AddRemoveAppImageSpace
10-09 04:04:30.848  1146  1177 I ActivityManager: Displayed com.example.administrator.ushot/.Modules.MainActivity: +583ms
10-09 04:04:30.877  1146 12779 E QCOM PowerHAL: Failed to acquire lock.
10-09 04:04:31.051 20359 20359 W System  : ClassLoader referenced unknown path: 
10-09 04:04:31.051 20359 20359 W System  : ClassLoader referenced unknown path: 
10-09 04:04:31.056 20359 20359 W System  : ClassLoader referenced unknown path: 
10-09 04:04:31.056 20359 20359 W System  : ClassLoader referenced unknown path: 
10-09 04:04:31.112 20359 20359 I art     : System.exit called, status: 0
10-09 04:04:31.112 20359 20359 I AndroidRuntime: VM exiting with result code 0, cleanup skipped.
10-09 04:04:31.153  1146 16558 I ActivityManager: Process com.UCMobile (pid 20359) has died
10-09 04:04:31.154  1146 16558 D ActivityManager: cleanUpApplicationRecord -- 20359
10-09 04:04:31.154  1146 16558 W ActivityManager: Scheduling restart of crashed service com.UCMobile/com.uc.browser.startup.WarmStartupService in 1000ms
10-09 04:04:31.258   562   562 I MSM-irqbalance: Decided to move IRQ178 from CPU2 to CPU1
10-09 04:04:31.725  1146  1964 E QCOM PowerHAL: Failed to acquire lock.
10-09 04:04:31.779  1146  2452 D AudioService: Stream muted, skip playback
10-09 04:04:31.780  1146 12780 I ActivityManager: START u0 {cmp=com.example.administrator.ushot/com.zhihu.matisse.ui.MatisseActivity} from uid 10079 on display 0
10-09 04:04:32.001  1146  1177 I ActivityManager: Displayed com.example.administrator.ushot/com.zhihu.matisse.ui.MatisseActivity: +204ms
10-09 04:04:32.131 20321 20321 W Settings: Setting airplane_mode_on has moved from android.provider.Settings.System to android.provider.Settings.Global, returning read-only value.
10-09 04:04:32.169  1146  1170 I ActivityManager: Start proc 20426:com.UCMobile/u0a72 for service com.UCMobile/com.uc.browser.startup.WarmStartupService
10-09 04:04:32.240 20426 20426 I art     : Starting a blocking GC AddRemoveAppImageSpace
10-09 04:04:32.350   398   398 I rmt_storage: rmt_storage_connect_cb: clnt_h=0x1eb1 conn_h=0x7fb302a370
10-09 04:04:32.350   398   398 I rmt_storage: rmt_storage_rw_iovec_cb: /boot/modem_fs1: clnt_h=0x6: req_h=0x1eb1 msg_id=3: R/W request received
10-09 04:04:32.351   398   398 I rmt_storage: wakelock acquired: 1, error no: 42
10-09 04:04:32.351   398   780 I rmt_storage: rmt_storage_client_thread: /boot/modem_fs1: clnt_h=0x6 Unblock worker thread (th_id: 548461868112)
10-09 04:04:32.412   398   780 I rmt_storage: rmt_storage_client_thread: /boot/modem_fs1: clnt_h=0x6: req_h=0x1eb1 msg_id=3: Bytes written = 1572864
10-09 04:04:32.412   398   780 I rmt_storage: rmt_storage_client_thread: /boot/modem_fs1: clnt_h=0x6: req_h=0x1eb1 msg_id=3: Send response: res=0 err=0
10-09 04:04:32.412   398   780 I rmt_storage: rmt_storage_client_thread: /boot/modem_fs1: clnt_h=0x6 About to block rmt_storage client thread (th_id: 548461868112) wakelock released: 1, error no: 0
10-09 04:04:32.412   398   780 I rmt_storage: 
10-09 04:04:32.414   398   398 I rmt_storage: rmt_storage_disconnect_cb: clnt_h=0x1eb1 conn_h=0x7fb302a370
10-09 04:04:32.468 20426 20426 W System  : ClassLoader referenced unknown path: 
10-09 04:04:32.468 20426 20426 W System  : ClassLoader referenced unknown path: 
10-09 04:04:32.469 20426 20426 W System  : ClassLoader referenced unknown path: 
10-09 04:04:32.469 20426 20426 W System  : ClassLoader referenced unknown path: 
10-09 04:04:32.675 20426 20426 I crashsdk: libcrashsdk.so loaded
10-09 04:04:33.357  1146  1964 E QCOM PowerHAL: Failed to acquire lock.
10-09 04:04:33.438  1146  2452 D AudioService: Stream muted, skip playback
10-09 04:04:34.120  1146  1964 E QCOM PowerHAL: Failed to acquire lock.
10-09 04:04:34.241  1146  2452 D AudioService: Stream muted, skip playback
10-09 04:04:34.280  1146 12777 I ActivityManager: START u0 {cmp=com.example.administrator.ushot/.Modules.ViewActivity (has extras)} from uid 10079 on display 0
10-09 04:04:34.434 20321 20321 I System.out: path = /storage/emulated/0/DCIM/Camera/IMG_20171009_015858.jpg
10-09 04:04:34.467 20321 20492 D NetworkSecurityConfig: No Network Security Config specified, using platform default
10-09 04:04:35.081 20321 20321 I Choreographer: Skipped 38 frames!  The application may be doing too much work on its main thread.
10-09 04:04:35.505  4282  4298 I QtiTetherService: limitReached Alert received limitName: globalAlert on Interface: wlan0
10-09 04:04:35.515  1146 20518 I TetherStatsReporting: getTetherStats() called NetworkStats: elapsedRealtime=863485918
10-09 04:04:35.515  1146 20518 I TetherStatsReporting:   [0] iface=tun0 uid=0 set=DEFAULT tag=0x0 roaming=NO rxBytes=20519 rxPackets=174 txBytes=1040 txPackets=26 operations=0
10-09 04:04:35.515  1146 20518 I TetherStatsReporting:   [1] iface=tun0 uid=0 set=FOREGROUND tag=0x0 roaming=NO rxBytes=0 rxPackets=0 txBytes=0 txPackets=0 operations=0
10-09 04:04:35.515  1146 20518 I TetherStatsReporting:   [2] iface=tun0 uid=10068 set=DEFAULT tag=0x0 roaming=NO rxBytes=169079 rxPackets=191 txBytes=31236 txPackets=225 operations=0
10-09 04:04:35.515  1146 20518 I TetherStatsReporting:   [3] iface=tun0 uid=10068 set=FOREGROUND tag=0x0 roaming=NO rxBytes=18071 rxPackets=68 txBytes=19217 txPackets=79 operations=0
10-09 04:04:35.515  1146 20518 I TetherStatsReporting:   [4] iface=tun0 uid=10071 set=DEFAULT tag=0x0 roaming=NO rxBytes=35664 rxPackets=17 txBytes=1987 txPackets=20 operations=0
10-09 04:04:35.515  1146 20518 I TetherStatsReporting:   [5] iface=tun0 uid=10071 set=FOREGROUND tag=0x0 roaming=NO rxBytes=0 rxPackets=0 txBytes=0 txPackets=0 operations=0
10-09 04:04:35.515  1146 20518 I TetherStatsReporting:   [6] iface=tun0 uid=10072 set=DEFAULT tag=0x0 roaming=NO rxBytes=64277022 rxPackets=19095 txBytes=458651 txPackets=9979 operations=0
10-09 04:04:35.515  1146 20518 I TetherStatsReporting:   [7] iface=tun0 uid=10072 set=FOREGROUND tag=0x0 roaming=NO rxBytes=5224262 rxPackets=912 txBytes=56762 txPackets=783 operations=0
10-09 04:04:35.515  1146 20518 I TetherStatsReporting:   [8] iface=tun0 uid=10073 set=DEFAULT tag=0x0 roaming=NO rxBytes=8189 rxPackets=76 txBytes=11688 txPackets=121 operations=0
10-09 04:04:35.515  1146 20518 I TetherStatsReporting:   [9] iface=tun0 uid=10073 set=FOREGROUND tag=0x0 roaming=NO rxBytes=0 rxPackets=0 txBytes=0 txPackets=0 operations=0
10-09 04:04:35.515  1146 20518 I TetherStatsReporting:   [10] iface=tun0 uid=10079 set=DEFAULT tag=0x0 roaming=NO rxBytes=212 rxPackets=1 txBytes=80 txPackets=2 operations=0
10-09 04:04:35.515  1146 20518 I TetherStatsReporting:   [11] iface=tun0 uid=10079 set=FOREGROUND tag=0x0 roaming=NO rxBytes=1365 rxPackets=25 txBytes=289575 txPackets=112 operations=0
10-09 04:04:35.515  1146 20518 I TetherStatsReporting:   [12] iface=tun0 uid=10082 set=DEFAULT tag=0x0 roaming=NO rxBytes=5175 rxPackets=17 txBytes=3077 txPackets=42 operations=0
10-09 04:04:35.515  1146 20518 I TetherStatsReporting:   [13] iface=tun0 uid=10082 set=FOREGROUND tag=0x0 roaming=NO rxBytes=3666 rxPackets=9 txBytes=2412 txPackets=19 operations=0
10-09 04:04:35.515  1146 20518 I TetherStatsReporting:   [14] iface=tun0 uid=10072 set=DEFAULT tag=0xa004 roaming=NO rxBytes=3213 rxPackets=9 txBytes=1312 txPackets=16 operations=0
10-09 04:04:35.515  1146 20518 I TetherStatsReporting:   [15] iface=tun0 uid=10072 set=FOREGROUND tag=0xa004 roaming=NO rxBytes=1774 rxPackets=6 txBytes=1469 txPackets=10 operations=0
10-09 04:04:35.515  1146 20518 I TetherStatsReporting:   [16] iface=tun0 uid=10073 set=DEFAULT tag=0xa005 roaming=NO rxBytes=456 rxPackets=3 txBytes=387 txPackets=4 operations=0
10-09 04:04:35.515  1146 20518 I TetherStatsReporting:   [17] iface=tun0 uid=10073 set=FOREGROUND tag=0xa005 roaming=NO rxBytes=0 rxPackets=0 txBytes=0 txPackets=0 operations=0
10-09 04:04:35.515  1146 20518 I TetherStatsReporting:   [18] iface=tun0 uid=10072 set=DEFAULT tag=0x7b52d0e8 roaming=NO rxBytes=0 rxPackets=0 txBytes=0 txPackets=0 operations=0
10-09 04:04:35.515  1146 20518 I TetherStatsReporting:   [19] iface=tun0 uid=10072 set=FOREGROUND tag=0x7b52d0e8 roaming=NO rxBytes=2512 rxPackets=3 txBytes=477 txPackets=6 operations=0
10-09 04:04:35.515  1146 20518 I TetherStatsReporting:   [20] iface=wlan0 uid=0 set=DEFAULT tag=0x0 roaming=NO rxBytes=4019781 rxPackets=7979 txBytes=245272 txPackets=5135 operations=0
10-09 04:04:35.515  1146 20518 I TetherStatsReporting:   [21] iface=wlan0 uid=0 set=FOREGROUND tag=0x0 roaming=NO rxBytes=0 rxPackets=0 txBytes=0 txPackets=0 operations=0
10-09 04:04:35.515  1146 20518 I TetherStatsReporting:   [22] iface=wlan0 uid=1000 set=DEFAULT tag=0x0 roaming=NO rxBytes=163646 rxPackets=276 txBytes=37001 txPackets=448 operations=0
10-09 04:04:35.515  1146 20518 I TetherStatsReporting:   [23] iface=wlan0 uid=1000 set=FOREGROUND tag=0x0 roaming=NO rxBytes=0 rxPackets=0 txBytes=0 txPackets=0 operations=0
10-09 04:04:35.515  1146 20518 I TetherStatsReporting:   [24] iface=wlan0 uid=10032 set=DEFAULT tag=0x0 roaming=NO rxBytes=48656 rxPackets=67 txBytes=8652 txPackets=96 operations=0
10-09 04:04:35.515  1146 20518 I TetherStatsReporting:   [25] iface=wlan0 uid=10032 set=FOREGROUND tag=0x0 roaming=NO rxBytes=0 rxPackets=0 txBytes=0 txPackets=0 operations=0
10-09 04:04:35.515  1146 20518 I TetherStatsReporting:   [26] iface=wlan0 uid=10038 set=DEFAULT tag=0x0 roaming=NO rxBytes=2109 rxPackets=26 txBytes=4863 txPackets=54 operations=0
10-09 04:04:35.515  1146 20518 I TetherStatsReporting:   [27] iface=wlan0 uid=10038 set=FOREGROUND tag=0x0 roaming=NO rxBytes=504604 rxPackets=561 txBytes=86878 txPackets=618 operations=0
10-09 04:04:35.515  1146 20518 I TetherStatsReporting:   [28] iface=wlan0 uid=10045 set=DEFAULT tag=0x0 roaming=NO rxBytes=3593 rxPackets=56 txBytes=10987 txPackets=93 operations=0
10-09 04:04:35.515  1146 20518 I TetherStatsReporting:   [29] iface=wlan0 uid=10045 set=FOREGROUND tag=0x0 roaming=NO rxBytes=336543 rxPackets=470 txBytes=58350 txPackets=485 operations=0
10-09 04:04:35.515  1146 20518 I TetherStatsReporting:   [30] iface=wlan0 uid=10060 set=DEFAULT tag=0x0 roaming=NO rxBytes=35600 rxPackets=104 txBytes=26143 txPackets=126 operations=0
10-09 04:04:35.515  1146 20518 I TetherStatsReporting:   [31] iface=wlan0 uid=10060 set=FOREGROUND tag=0x0 roaming=NO rxBytes=40 rxPackets=1 txBytes=40 txP
10-09 04:04:35.515  1146 20518 I TetherStatsReporting: combining tether stats
10-09 04:04:35.516  4282  4305 D QtiTetherService/IpaWrapper: getStats(false)
10-09 04:04:36.256   562   562 I MSM-irqbalance: Decided to move IRQ174 from CPU0 to CPU3
10-09 04:04:37.128 20321 20321 I Choreographer: Skipped 118 frames!  The application may be doing too much work on its main thread.
10-09 04:04:37.136  1146  1177 I ActivityManager: Displayed com.example.administrator.ushot/.Modules.ViewActivity: +2s822ms
10-09 04:04:38.648 20321 20321 I Choreographer: Skipped 90 frames!  The application may be doing too much work on its main thread.
10-09 04:04:39.123 20321 20326 I art     : Do partial code cache collection, code=22KB, data=30KB
10-09 04:04:39.124 20321 20326 I art     : After code cache collection, code=22KB, data=30KB
10-09 04:04:39.124 20321 20326 I art     : Increasing code cache capacity to 128KB
10-09 04:04:41.258   562   562 I MSM-irqbalance: Decided to move IRQ155 from CPU2 to CPU3
10-09 04:04:46.258   562   562 I MSM-irqbalance: Decided to move IRQ57 from CPU1 to CPU0
10-09 04:04:51.256   562   562 I MSM-irqbalance: Decided to move IRQ200 from CPU1 to CPU0
10-09 04:04:56.256   562   562 I MSM-irqbalance: Decided to move IRQ215 from CPU3 to CPU0
10-09 04:05:01.261   562   562 I MSM-irqbalance: Decided to move IRQ155 from CPU3 to CPU0
10-09 04:05:05.368  1146  1964 E QCOM PowerHAL: Failed to acquire lock.
10-09 04:05:05.507  1146  1964 I ActivityManager: START u0 {act=android.intent.action.MAIN cat=[android.intent.category.HOME] flg=0x10200000 cmp=com.teslacoilsw.launcher/.NovaLauncher (has extras)} from uid 1000 on display 0
10-09 04:05:05.511  1146  1964 E QCOM PowerHAL: Failed to acquire lock.
10-09 04:05:05.583  1146  4491 W ActivityManager: Unable to start service Intent { act=com.android.launcher3.WINDOW_OVERLAY dat=app://com.teslacoilsw.launcher:10060?v=5 pkg=com.google.android.googlequicksearchbox } U=0: not found
10-09 04:05:05.603  4372  4570 I Adreno  : QUALCOMM build                   : bc01238, I8e5c908169
10-09 04:05:05.603  4372  4570 I Adreno  : Build Date                       : 12/06/16
10-09 04:05:05.603  4372  4570 I Adreno  : OpenGL ES Shader Compiler Version: XE031.09.00.03
10-09 04:05:05.603  4372  4570 I Adreno  : Local Branch                     : 
10-09 04:05:05.603  4372  4570 I Adreno  : Remote Branch                    : quic/LA.BR.1.3.6_rb1.10
10-09 04:05:05.603  4372  4570 I Adreno  : Remote Branch                    : NONE
10-09 04:05:05.603  4372  4570 I Adreno  : Reconstruct Branch               : NOTHING
10-09 04:05:05.621  4372  4570 I OpenGLRenderer: Initialized EGL, version 1.4
10-09 04:05:05.621  4372  4570 D OpenGLRenderer: Swap behavior 1
10-09 04:05:05.660  1146  1156 I art     : Background partial concurrent mark sweep GC freed 63090(3MB) AllocSpace objects, 15(364KB) LOS objects, 33% free, 12MB/18MB, paused 7.338ms total 105.867ms
10-09 04:05:05.684  1146 30664 E QCOM PowerHAL: Failed to acquire lock.
10-09 04:05:05.747  1146  1964 E QCOM PowerHAL: Failed to acquire lock.
10-09 04:05:05.941  1146  4501 I ActivityManager: START u0 {flg=0x10804000 cmp=com.android.systemui/.recents.RecentsActivity} from uid 10033 on display 0
10-09 04:05:05.943  1146  4501 E QCOM PowerHAL: Failed to acquire lock.
10-09 04:05:06.100  1146  1168 E QCOM PowerHAL: Failed to acquire lock.
10-09 04:05:06.259   562   562 I MSM-irqbalance: Decided to move IRQ104 from CPU3 to CPU0
10-09 04:05:06.479  1146  1964 E QCOM PowerHAL: Failed to acquire lock.
10-09 04:05:06.549  1146  1171 E QCOM PowerHAL: Failed to acquire lock.
10-09 04:05:06.829  1146 12777 I ActivityManager: Killing 20321:com.example.administrator.ushot/u0a79 (adj 900): remove task
10-09 04:05:06.943  1146  1167 I WindowManager: WIN DEATH: Window{cd17ddc u0 com.example.administrator.ushot/com.example.administrator.ushot.Modules.ViewActivity}
10-09 04:05:06.944  1146 30663 D GraphicsStats: Buffer count: 7
10-09 04:05:06.945  1146  4502 D ActivityManager: cleanUpApplicationRecord -- 20321
10-09 04:05:06.950  1146  3289 I WindowManager: WIN DEATH: Window{d654ae u0 com.example.administrator.ushot/com.example.administrator.ushot.Modules.ViewActivity}
10-09 04:05:07.032  1146  1964 E QCOM PowerHAL: Failed to acquire lock.
10-09 04:05:07.118  1146  1171 E QCOM PowerHAL: Failed to acquire lock.
10-09 04:05:07.362  1146  4500 I ActivityManager: Stopping service com.tencent.mobileqq/.msf.service.MsfService: remove task
10-09 04:05:07.362  1146  4500 I ActivityManager: Killing 19052:com.tencent.mobileqq:qqfav/u0a68 (adj 906): remove task
10-09 04:05:07.376  1146  1964 E QCOM PowerHAL: Failed to acquire lock.
10-09 04:05:07.420 12894 12913 I chatty  : uid=10068(com.tencent.mobileqq) expire 2 lines
10-09 04:05:07.442  1146  3289 D ActivityManager: cleanUpApplicationRecord -- 19052
10-09 04:05:07.446  1146  1171 E QCOM PowerHAL: Failed to acquire lock.
10-09 04:05:07.463  1146 12779 I ActivityManager: Killing 12894:com.tencent.mobileqq/u0a68 (adj 0): remove task
10-09 04:05:07.546  1146  4491 D GraphicsStats: Buffer count: 6
10-09 04:05:07.547  1146  1168 D ActivityManager: cleanUpApplicationRecord -- 12894
10-09 04:05:07.548  1146  1168 I ActivityManager: Killing 12920:com.tencent.mobileqq:MSF/u0a68 (adj 0): remove task
10-09 04:05:07.549  1146  1168 W ActivityManager: Scheduling restart of crashed service com.tencent.mobileqq/.app.CoreService in 1000ms
10-09 04:05:07.592  1146 12777 D ActivityManager: cleanUpApplicationRecord -- 12920
10-09 04:05:07.599  1146  1751 W qti_sensors_hal: timestampCalc: Adjusting timestamp for rollover: 863463282224509, -2
10-09 04:05:07.702  1146  1964 E QCOM PowerHAL: Failed to acquire lock.
10-09 04:05:07.721  1146 12776 I ActivityManager: Killing 17993:com.example.atsst.testproject/u0a69 (adj 900): remove task
10-09 04:05:07.733  1146  1171 E QCOM PowerHAL: Failed to acquire lock.
10-09 04:05:07.792  1146 12160 D GraphicsStats: Buffer count: 5
10-09 04:05:07.792  1146  3289 I WindowManager: WIN DEATH: Window{34b1a85 u0 com.example.atsst.testproject/com.example.atsst.testproject.MainActivity}
10-09 04:05:07.792  1146  4501 D ActivityManager: cleanUpApplicationRecord -- 17993
10-09 04:05:07.989  1146  1964 E QCOM PowerHAL: Failed to acquire lock.
10-09 04:05:08.005  1146  1171 E QCOM PowerHAL: Failed to acquire lock.
10-09 04:05:08.019  1146  3284 I ActivityManager: Killing 22406:app.greyshirts.sslcapture/u0a82 (adj 900): remove task
10-09 04:05:08.106  1146  4089 I WindowManager: WIN DEATH: Window{1dbeef8 u0 app.greyshirts.sslcapture/ui.HomeActivity}
10-09 04:05:08.107  1146  4500 D GraphicsStats: Buffer count: 4
10-09 04:05:08.107  1146  4500 D ActivityManager: cleanUpApplicationRecord -- 22406
10-09 04:05:08.109  1146 16558 D ConnectivityService: ConnectivityService NetworkRequestInfo binderDied(NetworkRequest [ LISTEN id=28, [ Capabilities: INTERNET&NOT_RESTRICTED&TRUSTED&FOREGROUND] ], android.os.BinderProxy@98f3b55)
10-09 04:05:08.110  1146 12776 D ConnectivityService: ConnectivityService NetworkRequestInfo binderDied(NetworkRequest [ LISTEN id=29, [ Capabilities: INTERNET&NOT_RESTRICTED&TRUSTED&FOREGROUND] ], android.os.BinderProxy@ece596a)
10-09 04:05:08.117  1146  4491 I WindowManager: WIN DEATH: Window{4342d21 u0 app.greyshirts.sslcapture/ui.HomeActivity}
10-09 04:05:08.119  1146 30664 I WindowManager: WIN DEATH: Window{ef4b555 u0 app.greyshirts.sslcapture/ui.StreamListActivity}
10-09 04:05:08.122  1146 12160 I WindowManager: WIN DEATH: Window{f72bf10 u0 app.greyshirts.sslcapture/ui.PacketActivity}
10-09 04:05:08.125  1146 12161 I WindowManager: WIN DEATH: Window{4fb5501 u0 app.greyshirts.sslcapture/ui.HomeActivity}
10-09 04:05:08.127  1146  1964 W InputDispatcher: channel 'f147860 app.greyshirts.sslcapture/ui.HomeActivity (server)' ~ Consumer closed input channel or an error occurred.  events=0x9
10-09 04:05:08.128  1146  1964 E InputDispatcher: channel 'f147860 app.greyshirts.sslcapture/ui.HomeActivity (server)' ~ Channel is unrecoverably broken and will be disposed!
10-09 04:05:08.130  1146  1964 W InputDispatcher: channel 'c130d7e app.greyshirts.sslcapture/ui.StreamListActivity (server)' ~ Consumer closed input channel or an error occurred.  events=0x9
10-09 04:05:08.130  1146  1964 E InputDispatcher: channel 'c130d7e app.greyshirts.sslcapture/ui.StreamListActivity (server)' ~ Channel is unrecoverably broken and will be disposed!
10-09 04:05:08.130  1146  1964 W InputDispatcher: channel '928bed7 app.greyshirts.sslcapture/ui.PacketActivity (server)' ~ Consumer closed input channel or an error occurred.  events=0x9
10-09 04:05:08.130  1146  1964 E InputDispatcher: channel '928bed7 app.greyshirts.sslcapture/ui.PacketActivity (server)' ~ Channel is unrecoverably broken and will be disposed!
10-09 04:05:08.131  1146  1964 W InputDispatcher: channel '670eb7d app.greyshirts.sslcapture/ui.HomeActivity (server)' ~ Consumer closed input channel or an error occurred.  events=0x9
10-09 04:05:08.131  1146  1964 E InputDispatcher: channel '670eb7d app.greyshirts.sslcapture/ui.HomeActivity (server)' ~ Channel is unrecoverably broken and will be disposed!
10-09 04:05:08.132  1146  2370 E ConnectivityService: RemoteException caught trying to send a callback msg for NetworkRequest [ LISTEN id=29, [ Capabilities: INTERNET&NOT_RESTRICTED&TRUSTED&FOREGROUND] ]
10-09 04:05:08.133  1146  2370 E ConnectivityService: RemoteException caught trying to send a callback msg for NetworkRequest [ LISTEN id=28, [ Capabilities: INTERNET&NOT_RESTRICTED&TRUSTED&FOREGROUND] ]
10-09 04:05:08.134  1146  1167 I WindowManager: WIN DEATH: Window{928bed7 u0 app.greyshirts.sslcapture/ui.PacketActivity}
10-09 04:05:08.134  1146  1167 W InputDispatcher: Attempted to unregister already unregistered input channel '928bed7 app.greyshirts.sslcapture/ui.PacketActivity (server)'
10-09 04:05:08.137  1146 30663 I WindowManager: WIN DEATH: Window{670eb7d u0 app.greyshirts.sslcapture/ui.HomeActivity}
10-09 04:05:08.137  1146 30663 W InputDispatcher: Attempted to unregister already unregistered input channel '670eb7d app.greyshirts.sslcapture/ui.HomeActivity (server)'
10-09 04:05:08.140  1146 12780 I WindowManager: WIN DEATH: Window{c130d7e u0 app.greyshirts.sslcapture/ui.StreamListActivity}
10-09 04:05:08.140  1146 12780 W InputDispatcher: Attempted to unregister already unregistered input channel 'c130d7e app.greyshirts.sslcapture/ui.StreamListActivity (server)'
10-09 04:05:08.143  1146 12777 I WindowManager: WIN DEATH: Window{f147860 u0 app.greyshirts.sslcapture/ui.HomeActivity}
10-09 04:05:08.143  1146 12777 W InputDispatcher: Attempted to unregister already unregistered input channel 'f147860 app.greyshirts.sslcapture/ui.HomeActivity (server)'
10-09 04:05:08.260  1146  1964 E QCOM PowerHAL: Failed to acquire lock.
10-09 04:05:08.293  1146  1171 E QCOM PowerHAL: Failed to acquire lock.
10-09 04:05:08.304  1146 12779 I ActivityManager: Killing 12863:com.coolapk.market:pushservice/u0a73 (adj 800): remove task
10-09 04:05:08.361  1146  4502 D ActivityManager: cleanUpApplicationRecord -- 12863
10-09 04:05:08.362  1146  4502 W ActivityManager: Scheduling restart of crashed service com.coolapk.market/com.xiaomi.push.service.XMPushService in 10187ms
10-09 04:05:08.548  1146  1964 E QCOM PowerHAL: Failed to acquire lock.
10-09 04:05:08.567  1146  1170 I ActivityManager: Start proc 20977:com.tencent.mobileqq/u0a68 for service com.tencent.mobileqq/.app.CoreService
10-09 04:05:08.588  1146  1171 E QCOM PowerHAL: Failed to acquire lock.
10-09 04:05:08.589  1146 30664 I ActivityManager: Killing 20426:com.UCMobile/u0a72 (adj 500): remove task
10-09 04:05:08.592  1146 30664 I ActivityManager: Killing 12381:com.UCMobile:DownloadService/u0a72 (adj 1001): remove task
10-09 04:05:08.597  1146 30664 I ActivityManager: Killing 16539:com.UCMobile:push/u0a72 (adj 500): remove task
10-09 04:05:08.614  1146 30664 I ActivityManager: Killing 3200:com.UCMobile:ppappstore/u0a72 (adj 1001): remove task
10-09 04:05:08.617  1146 30664 I ActivityManager: Killing 16433:com.UCMobile:channel/u0a72 (adj 500): remove task
10-09 04:05:08.655  1146 12777 D ActivityManager: cleanUpApplicationRecord -- 20426
10-09 04:05:08.655  1146 12777 W ActivityManager: Scheduling restart of crashed service com.UCMobile/com.uc.browser.startup.WarmStartupService in 19894ms
10-09 04:05:08.657  1146 16556 D ActivityManager: cleanUpApplicationRecord -- 12381
10-09 04:05:08.657  1146 16556 W ActivityManager: Scheduling restart of crashed service com.UCMobile/com.uc.browser.core.download.service.RemoteDownloadService in 29892ms
10-09 04:05:08.659  1146 16558 D ActivityManager: cleanUpApplicationRecord -- 3200
10-09 04:05:08.660  1146 16558 W ActivityManager: Scheduling restart of crashed service com.UCMobile/com.pp.plugin.appstore.service.PPRemoteIntentService in 39889ms
10-09 04:05:08.661  1146 12161 D ActivityManager: cleanUpApplicationRecord -- 16433
10-09 04:05:08.662  1146 12161 W ActivityManager: Scheduling restart of crashed service com.UCMobile/com.taobao.accs.ChannelService in 49887ms
10-09 04:05:08.670  1146 13105 D ActivityManager: cleanUpApplicationRecord -- 16539
10-09 04:05:08.671  1146 13105 W ActivityManager: Scheduling restart of crashed service com.UCMobile/com.uc.base.rism.RismService in 59878ms
10-09 04:05:08.671  1146 13105 W ActivityManager: Scheduling restart of crashed service com.UCMobile/com.uc.base.push.dispatcher.PushHandlerService in 69878ms
10-09 04:05:08.671  1146 13105 W ActivityManager: Scheduling restart of crashed service com.UCMobile/com.taobao.accs.data.MsgDistributeService in 79878ms
10-09 04:05:08.705 20977 20977 I chatty  : uid=10068(com.tencent.mobileqq) expire 56 lines
10-09 04:05:08.842  1146  1964 E QCOM PowerHAL: Failed to acquire lock.
10-09 04:05:08.859  1146  1171 E QCOM PowerHAL: Failed to acquire lock.
10-09 04:05:08.893  1146  4502 I ActivityManager: Start proc 21003:com.tencent.mobileqq:MSF/u0a68 for service com.tencent.mobileqq/.msf.service.MsfService
10-09 04:05:08.919  1146 13105 I ActivityManager: START u0 {act=android.intent.action.MAIN cat=[android.intent.category.HOME] flg=0x10200000 cmp=com.teslacoilsw.launcher/.NovaLauncher} from uid 10033 on display 0
10-09 04:05:08.921  1146 13105 E QCOM PowerHAL: Failed to acquire lock.
10-09 04:05:08.960  1146 12776 W ActivityManager: Unable to start service Intent { act=com.android.launcher3.WINDOW_OVERLAY dat=app://com.teslacoilsw.launcher:10060?v=5 pkg=com.google.android.googlequicksearchbox } U=0: not found
10-09 04:05:09.015  1146 13105 E QCOM PowerHAL: Failed to acquire lock.
10-09 04:05:09.113  1146  1964 E QCOM PowerHAL: Failed to acquire lock.
10-09 04:05:09.113  1146  1171 E QCOM PowerHAL: Failed to acquire lock.
10-09 04:05:09.116 21003 21003 I chatty  : uid=10068 com.tencent.mobileqq:MSF expire 60 lines
10-09 04:05:09.243 21003 21033 I chatty  : uid=10068(com.tencent.mobileqq) logWriteThread expire 20 lines
10-09 04:05:09.257 20977 20996 I chatty  : uid=10068(com.tencent.mobileqq) QQ_SUB expire 5 lines
10-09 04:05:09.369  1146  1964 E QCOM PowerHAL: Failed to acquire lock.
10-09 04:05:09.379 21042 21042 I chatty  : uid=10068(com.tencent.mobileqq) pool-2-thread-3 expire 3 lines
10-09 04:05:09.399  1146  1171 E QCOM PowerHAL: Failed to acquire lock.
10-09 04:05:09.551 20977 21029 I chatty  : uid=10068(com.tencent.mobileqq) QQ_FILE_RW expire 2 lines
10-09 04:05:09.625 20977 21059 I chatty  : uid=10068(com.tencent.mobileqq) expire 44 lines
10-09 04:05:09.654  1146  1964 E QCOM PowerHAL: Failed to acquire lock.
10-09 04:05:09.685  1146  1171 E QCOM PowerHAL: Failed to acquire lock.
10-09 04:05:09.940  1146  1964 E QCOM PowerHAL: Failed to acquire lock.
10-09 04:05:09.979  1146  1171 E QCOM PowerHAL: Failed to acquire lock.
10-09 04:05:10.233  1146  1964 E QCOM PowerHAL: Failed to acquire lock.
10-09 04:05:10.272  1146  1171 E QCOM PowerHAL: Failed to acquire lock.
10-09 04:05:10.618 20977 21032 I chatty  : uid=10068(com.tencent.mobileqq) expire 4 lines
10-09 04:05:11.256   562   562 I MSM-irqbalance: Decided to move IRQ174 from CPU3 to CPU2
10-09 04:05:11.792 20977 20993 I chatty  : uid=10068(com.tencent.mobileqq) logWriteThread expire 20 lines
10-09 04:05:11.798 21003 21100 I chatty  : uid=10068(com.tencent.mobileqq) MsfCoreMsgSende expire 11 lines
10-09 04:05:11.888 21003 21112 I chatty  : uid=10068 com.tencent.mobileqq:MSF expire 1 line
10-09 04:05:11.907 21003 21081 I chatty  : uid=10068(com.tencent.mobileqq) MSF_StatReportT expire 1 line
10-09 04:05:11.992 20977 21105 I chatty  : uid=10068(com.tencent.mobileqq) expire 9 lines
10-09 04:05:12.065 21003 21003 I chatty  : uid=10068 com.tencent.mobileqq:MSF expire 4 lines
10-09 04:05:12.067 21003 21100 I chatty  : uid=10068(com.tencent.mobileqq) MsfCoreMsgSende expire 42 lines
10-09 04:05:12.070 20977 20977 I chatty  : uid=10068(com.tencent.mobileqq) expire 1 line
10-09 04:05:12.096 21003 21124 I chatty  : uid=10068 com.tencent.mobileqq:MSF expire 1 line
10-09 04:05:12.100 21003 21015 I chatty  : uid=10068(com.tencent.mobileqq) Binder:21003_2 expire 12 lines
10-09 04:05:12.151 21003 21014 I chatty  : uid=10068(com.tencent.mobileqq) Binder:21003_1 expire 6 lines
10-09 04:05:12.156 21003 21113 I chatty  : uid=10068(com.tencent.mobileqq) MsfServiceAppMs expire 31 lines
10-09 04:05:12.208 21003 21112 I chatty  : uid=10068 com.tencent.mobileqq:MSF expire 26 lines
10-09 04:05:12.225 21003 21133 I chatty  : uid=10068(com.tencent.mobileqq) MsfCoreSocketRe expire 36 lines
10-09 04:05:12.325  1146  4356 W ActivityManager: Unable to start service Intent { cmp=com.tencent.mobileqq/.qipc.QIPCService } U=0: not found
10-09 04:05:12.328 21003 21125 I chatty  : uid=10068 com.tencent.mobileqq:MSF expire 1 line
10-09 04:05:12.351 21003 21143 I chatty  : uid=10068(com.tencent.mobileqq) BUGLY_THREAD expire 20 lines
10-09 04:05:12.427 21003 21136 I chatty  : uid=10068(com.tencent.mobileqq) Binder:21003_3 expire 12 lines
10-09 04:05:12.567 20977 21041 I chatty  : uid=10068(com.tencent.mobileqq) pool-2-thread-2 expire 1 line
10-09 04:05:12.760 21003 21013 I chatty  : uid=10068(com.tencent.mobileqq) HeapTaskDaemon expire 1 line
10-09 04:05:12.839 20977 20987 I chatty  : uid=10068(com.tencent.mobileqq) HeapTaskDaemon expire 1 line
10-09 04:05:12.936 21003 21151 I chatty  : uid=10068 com.tencent.mobileqq:MSF expire 1 line
10-09 04:05:12.950 21003 21107 I chatty  : uid=10068(com.tencent.mobileqq) MsfCorePushMana expire 1 line
10-09 04:05:13.284 20977 21056 I chatty  : uid=10068(com.tencent.mobileqq) MSF-Receiver expire 8 lines
10-09 04:05:13.640 21003 21134 I chatty  : uid=10068(com.tencent.mobileqq) pool-1-thread-2 expire 2 lines
10-09 04:05:14.070 20977 21059 I chatty  : uid=10068(com.tencent.mobileqq) expire 18 lines
10-09 04:05:14.879 20977 20996 I chatty  : uid=10068(com.tencent.mobileqq) QQ_SUB expire 8 lines
10-09 04:05:15.039 20977 21175 I chatty  : uid=10068(com.tencent.mobileqq) expire 5 lines
10-09 04:05:15.061 20977 21176 I chatty  : uid=10068(com.tencent.mobileqq) Thread-21 expire 1 line
10-09 04:05:16.256   562   562 I MSM-irqbalance: Decided to move IRQ215 from CPU0 to CPU1
10-09 04:05:16.306 20977 21063 I chatty  : uid=10068(com.tencent.mobileqq) GlobalPool-L-2 expire 2 lines
10-09 04:05:16.511 20977 21192 I chatty  : uid=10068(com.tencent.mobileqq) GlobalPool-L-3 expire 1 line
10-09 04:05:16.752 20977 21207 I chatty  : uid=10068(com.tencent.mobileqq) QQ_FTS_Sync expire 2 lines
10-09 04:05:16.996 20977 21214 I chatty  : uid=10068(com.tencent.mobileqq) ArkAnalyseThrea expire 3 lines
10-09 04:05:17.005 20977 21214 W System.err: 	at xbw.run(ProGuard:307)
10-09 04:05:17.005 20977 21214 W System.err: 	at android.os.Handler.handleCallback(Handler.java:751)
10-09 04:05:17.005 20977 21214 W System.err: 	at android.os.Handler.dispatchMessage(Handler.java:95)
10-09 04:05:17.005 20977 21214 W System.err: 	at android.os.Looper.loop(Looper.java:153)
10-09 04:05:17.005 20977 21214 W System.err: 	at android.os.HandlerThread.run(HandlerThread.java:61)
10-09 04:05:17.005 20977 21214 I ArkApp.AI: copyFolder, copyWordData from oldPath to newPath failed.
10-09 04:05:17.007 20977 21214 I ArkApp.AI: getWordInitConfig,WordSegment init is opened.
10-09 04:05:17.008 20977 21214 I ArkApp.AI: initWordData failed, ret=127
10-09 04:05:17.008 20977 21214 I ArkApp.AI: getNetType, dictConfigJsonString is empty
10-09 04:05:17.034 20977 21059 D VipFontSoLoader: libvipfont.so load success.
10-09 04:05:17.167  3965  4074 E PhoneInterfaceManager: [PhoneIntfMgr] getIccId: No UICC
10-09 04:05:17.196 20977 20996 I SOSO.LBS: location manager requestLocationUpdates result is: 0
10-09 04:05:17.240  1146 12161 I GnssLocationProvider: WakeLock acquired by sendMessage(3, 0, com.android.server.location.GnssLocationProvider$GpsRequest@c59563)
10-09 04:05:17.241  1146  1169 I GnssLocationProvider: WakeLock released by handleMessage(3, 0, com.android.server.location.GnssLocationProvider$GpsRequest@c59563)
10-09 04:05:17.330  1146  3950 D IzatProviderEngine_jni: onStatusChangedJNI :: status : 6
10-09 04:05:17.332  1146  3950 D IzatProviderEngine_jni: onStatusChangedJNI :: status : 4
10-09 04:05:17.360 21003 21145 W beacon  : onUserAction return false, because eventName:[dim.Msf.IMEIReading] is not allowed in server strategy!
10-09 04:05:17.366 21003 21145 W Settings: Setting airplane_mode_on has moved from android.provider.Settings.System to android.provider.Settings.Global, returning read-only value.
10-09 04:05:17.367 21003 21145 W beacon  : onUserAction return false, because eventName:[dim.Msf.AppConnectFail] is not allowed in server strategy!
10-09 04:05:17.373 21003 21145 W Settings: Setting airplane_mode_on has moved from android.provider.Settings.System to android.provider.Settings.Global, returning read-only value.
10-09 04:05:17.374 21003 21145 W beacon  : onUserAction return false, because eventName:[dim.Msf.AppConnectFail] is not allowed in server strategy!
10-09 04:05:17.379 21003 21145 W Settings: Setting airplane_mode_on has moved from android.provider.Settings.System to android.provider.Settings.Global, returning read-only value.
10-09 04:05:17.380 21003 21145 W beacon  : onUserAction return false, because eventName:[dim.msf.ServiceInitToConnedCost] is not allowed in server strategy!
10-09 04:05:17.386 21003 21145 W Settings: Setting airplane_mode_on has moved from android.provider.Settings.System to android.provider.Settings.Global, returning read-only value.
10-09 04:05:17.387 21003 21145 W beacon  : onUserAction return false, because eventName:[dim.Msf.ConnElapsedTime] is not allowed in server strategy!
10-09 04:05:17.392 21003 21145 W Settings: Setting airplane_mode_on has moved from android.provider.Settings.System to android.provider.Settings.Global, returning read-only value.
10-09 04:05:17.393 21003 21145 W beacon  : onUserAction return false, because eventName:[msf_connAndRecv] is not allowed in server strategy!
10-09 04:05:17.398 21003 21145 W Settings: Setting airplane_mode_on has moved from android.provider.Settings.System to android.provider.Settings.Global, returning read-only value.
10-09 04:05:17.400 21003 21145 W beacon  : onUserAction return false, because eventName:[dim.Msf.RigisterPushResult] is not allowed in server strategy!
10-09 04:05:17.407 21003 21145 W Settings: Setting airplane_mode_on has moved from android.provider.Settings.System to android.provider.Settings.Global, returning read-only value.
10-09 04:05:17.408 21003 21145 W beacon  : onUserAction return false, because eventName:[dim.Msf.AppConnectFail] is not allowed in server strategy!
10-09 04:05:17.410 20977 21236 D NetworkSecurityConfig: No Network Security Config specified, using platform default
10-09 04:05:17.414 20977 21059 D MSF.D.AppNetInfoNewImpl: registerNetInfoHandler 8e495cd
10-09 04:05:17.415 21003 21145 W Settings: Setting airplane_mode_on has moved from android.provider.Settings.System to android.provider.Settings.Global, returning read-only value.
10-09 04:05:17.416 21003 21145 W beacon  : onUserAction return false, because eventName:[dim.Msf.AppConnectFail] is not allowed in server strategy!
10-09 04:05:17.428 21003 21145 W Settings: Setting airplane_mode_on has moved from android.provider.Settings.System to android.provider.Settings.Global, returning read-only value.
10-09 04:05:17.435 21003 21145 W beacon  : onUserAction return false, because eventName:[loadSoNew] is not allowed in server strategy!
10-09 04:05:17.446 21003 21145 W Settings: Setting airplane_mode_on has moved from android.provider.Settings.System to android.provider.Settings.Global, returning read-only value.
10-09 04:05:17.447 21003 21145 W beacon  : onUserAction return false, because eventName:[loadSoOld] is not allowed in server strategy!
10-09 04:05:17.452 21003 21145 W Settings: Setting airplane_mode_on has moved from android.provider.Settings.System to android.provider.Settings.Global, returning read-only value.
10-09 04:05:17.453 21003 21145 W beacon  : onUserAction return false, because eventName:[msf.sdk.event_bindCost] is not allowed in server strategy!
10-09 04:05:17.457 21003 21145 W Settings: Setting airplane_mode_on has moved from android.provider.Settings.System to android.provider.Settings.Global, returning read-only value.
10-09 04:05:17.458 21003 21145 W beacon  : onUserAction return false, because eventName:[actSBGetbindProtol] is not allowed in server strategy!
10-09 04:05:17.508 21003 21145 W Settings: Setting airplane_mode_on has moved from android.provider.Settings.System to android.provider.Settings.Global, returning read-only value.
10-09 04:05:17.568 20977 21029 I ApolloDaoManager: roamList is empty, change local ts
10-09 04:05:17.579 21003 21145 W beacon  : onUserAction return false, because eventName:[prxyRegisterM] is not allowed in server strategy!
