10-09 03:55:34.305  3237  3237 W View    : requestLayout() improperly called by StatusBarIconView(slot= icon=StatusBarIcon(icon=Icon(typ=RESOURCE pkg=android id=0x010806bc) visible user=-1 ) notification=Notification(pri=-1 contentView=null vibrate=null sound=null tick defaults=0x0 flags=0x2 color=0xff4285f4 vis=PUBLIC)) during layout: running second layout pass
10-09 03:55:34.317  3237  3237 D PhoneStatusBar: disable: < expand ICONS alerts SYSTEM_INFO back HOME* RECENT* clock SEARCH* quick_settings >
10-09 03:55:34.351  1146  1171 I WindowManager: OverscanTimeout run
10-09 03:55:35.903   562   562 I MSM-irqbalance: Decided to move IRQ178 from CPU1 to CPU3
10-09 03:55:45.938   562   562 I MSM-irqbalance: Decided to move IRQ222 from CPU1 to CPU3
10-09 03:55:50.953   562   562 I MSM-irqbalance: Decided to move IRQ166 from CPU1 to CPU3
10-09 03:56:06.004   562   562 I MSM-irqbalance: Decided to move IRQ200 from CPU0 to CPU3
10-09 03:56:10.962  1146 12776 I ActivityManager: START u0 {flg=0x14040000 cmp=com.tencent.mobileqq/.activity.QQLSActivity (has extras)} from uid 10068 on display 0
10-09 03:56:10.965  1146 12776 E QCOM PowerHAL: Failed to acquire lock.
10-09 03:56:11.019  1146  1146 D         : set_speaker_light_locked mode 1, colorRGB=FF00FF00, onMS=2000, offMS=2000
10-09 03:56:11.038 12894 19792 I chatty  : uid=10068(com.tencent.mobileqq) expire 4 lines
10-09 03:56:11.077  1146  1146 D LightsService: Excessive delay setting light: 59ms
10-09 03:56:11.131 12894 12913 I chatty  : uid=10068(com.tencent.mobileqq) expire 6 lines
10-09 03:56:11.184  1146 30663 I PowerManagerService: Waking up from dozing (uid 10068)...
10-09 03:56:11.185  1146 30663 E QCOM PowerHAL: Failed to acquire lock.
10-09 03:56:11.185  1146 30663 I QTI PowerHAL: Got set_interactive hint
10-09 03:56:11.186  1146 30663 E QCOM PowerHAL: Invalid hint ID.
10-09 03:56:11.187  1146  1179 I DisplayPowerController: Blocking screen on until initial contents have been drawn.
10-09 03:56:11.187  1146  1179 V KeyguardServiceDelegate: onScreenTurnedOn(showListener = com.android.server.policy.PhoneWindowManager$2@1299aa)
10-09 03:56:11.189  1146  1146 V KeyguardServiceDelegate: onStartedWakingUp()
10-09 03:56:11.190  1146  1177 I DisplayManagerService: Display device changed state: "Built-in Screen", ON
10-09 03:56:11.191   404   404 D SurfaceFlinger: Set power mode=2, type=0 flinger=0x7f9a848000
10-09 03:56:11.191   404   404 D qdhwcomposer: hwc_setPowerMode: Setting mode 2 on display: 0
10-09 03:56:11.205  1146  1146 D         : set_speaker_light_locked mode 0, colorRGB=6400FF00, onMS=0, offMS=0
10-09 03:56:11.209   434   975 D audio_hw_primary: adev_set_parameters: enter: screen_state=on
10-09 03:56:11.209   434   975 D audio_hw_extn: audio_extn_set_anc_parameters: anc_enabled:0
10-09 03:56:11.211 12920 12999 I chatty  : uid=10068 com.tencent.mobileqq:MSF expire 2 lines
10-09 03:56:11.230  1146  4502 V KeyguardServiceDelegate: **** SHOWN CALLED ****
10-09 03:56:11.245 12894 19793 I chatty  : uid=10068(com.tencent.mobileqq) expire 2 lines
10-09 03:56:11.259 12894 19791 I chatty  : uid=10068(com.tencent.mobileqq) expire 2 lines
10-09 03:56:11.278  3237  3237 W View    : requestLayout() improperly called by com.android.systemui.statusbar.NotificationOverflowIconsView{f1f7c6e V.E...... ......ID 180,30-1044,102 #7f12028a app:id/overflow_icons_view} during layout: running second layout pass
10-09 03:56:11.278  3237  3237 W View    : requestLayout() improperly called by StatusBarIconView(slot= icon=StatusBarIcon(icon=Icon(typ=RESOURCE pkg=com.coolapk.market id=0x7f02021d) visible user=0 ) notification=Notification(pri=0 contentView=null vibrate=null sound=null tick defaults=0x0 flags=0x10 color=0xff4caf50 actions=1 vis=PRIVATE)) during layout: running second layout pass
10-09 03:56:11.278  3237  3237 W View    : requestLayout() improperly called by StatusBarIconView(slot= icon=StatusBarIcon(icon=Icon(typ=RESOURCE pkg=com.coolapk.market id=0x7f02021d) visible user=0 ) notification=Notification(pri=0 contentView=null vibrate=null sound=null tick defaults=0x0 flags=0x10 color=0xff4caf50 actions=2 vis=PRIVATE)) during layout: running second layout pass
10-09 03:56:11.278  3237  3237 W View    : requestLayout() improperly called by StatusBarIconView(slot= icon=StatusBarIcon(icon=Icon(typ=RESOURCE pkg=android id=0x010806bc) visible user=-1 ) notification=Notification(pri=-1 contentView=null vibrate=null sound=null tick defaults=0x0 flags=0x2 color=0xff4285f4 vis=PUBLIC)) during layout: running second layout pass
10-09 03:56:11.315  1146  1798 W qti_sensors_hal: timestampCalc: Adjusting timestamp for rollover: 862981727768631, -2
10-09 03:56:11.425 12894 19439 I chatty  : uid=10068(com.tencent.mobileqq) expire 5 lines
10-09 03:56:11.435   404   715 I qdhwcomposer: handle_blank_event: dpy:0 panel power state: 1
10-09 03:56:11.460   404   404 D qdhwcomposer: hwc_setPowerMode: Done setting mode 2 on display 0
10-09 03:56:11.460  1146  3158 D SurfaceControl: Excessive delay in setPowerMode(): 270ms
10-09 03:56:11.486  1146  3284 E QCOM PowerHAL: Failed to acquire lock.
10-09 03:56:11.513  1146  1179 I DisplayPowerController: Unblocked screen on after 327 ms
10-09 03:56:11.515  1146  1179 V KeyguardServiceDelegate: onScreenTurnedOn()
10-09 03:56:11.515  1146  1179 I VrManagerService: VR mode is allowed
10-09 03:56:11.517  1146  1179 I DreamManagerService: Gently waking up from dream.
10-09 03:56:11.518  1146  4501 I DreamManagerService: Leaving dreamland.
10-09 03:56:11.519  1146  1175 I DreamController: Stopping dream: name=ComponentInfo{com.android.systemui/com.android.systemui.doze.DozeService}, isTest=false, canDoze=true, userId=0
10-09 03:56:11.564 12894 19790 I chatty  : uid=10068(com.tencent.mobileqq) expire 3 lines
10-09 03:56:11.567  1146  1177 V KeyguardServiceDelegate: setOccluded(true) animate=false
10-09 03:56:11.587  1146  4502 I ActivityManager: Start proc 19802:com.tencent.mobileqq:qzone/u0a68 for service com.tencent.mobileqq/cooperation.qzone.QzonePluginProxyService
10-09 03:56:11.594  1146  1177 I ActivityManager: Displayed com.tencent.mobileqq/.activity.QQLSActivity: +547ms (total +563ms)
10-09 03:56:11.675  3237  3237 D PhoneStatusBar: disable: < expand ICONS alerts SYSTEM_INFO back home* RECENT clock SEARCH quick_settings >
10-09 03:56:11.678  1146 30663 I ActivityManager: Setting hasTopUi=false for pid=3237
10-09 03:56:11.679  3237  3237 D PhoneStatusBar: disable: < expand icons* alerts system_info* back home RECENT clock SEARCH quick_settings >
10-09 03:56:11.699 19802 19802 I chatty  : uid=10068 com.tencent.mobileqq:qzone expire 25 lines
10-09 03:56:11.709  3237  3237 V PhoneStatusBar: setLightsOn(true)
10-09 03:56:11.747 19802 19818 I chatty  : uid=10068 com.tencent.mobileqq:qzone expire 20 lines
10-09 03:56:11.819 19802 19827 I chatty  : uid=10068 com.tencent.mobileqq:qzone expire 19 lines
10-09 03:56:11.836 19830 19830 I chatty  : uid=10068 com.tencent.mobileqq:qzone expire 3 lines
10-09 03:56:11.861 12920 12920 I chatty  : uid=10068 com.tencent.mobileqq:MSF expire 3 lines
10-09 03:56:11.913 19802 19802 I chatty  : uid=10068 com.tencent.mobileqq:qzone expire 16 lines
10-09 03:56:11.916 19802 19827 I chatty  : uid=10068 com.tencent.mobileqq:qzone expire 1 line
10-09 03:56:12.046 19802 19845 I chatty  : uid=10068 com.tencent.mobileqq:qzone expire 19 lines
10-09 03:56:12.070 12920 12931 I chatty  : uid=10068 com.tencent.mobileqq:MSF expire 2 lines
10-09 03:56:12.087 12920 13013 I chatty  : uid=10068 com.tencent.mobileqq:MSF expire 6 lines
10-09 03:56:12.088 12920 13169 I chatty  : uid=10068 com.tencent.mobileqq:MSF expire 2 lines
10-09 03:56:12.528 19802 19843 I chatty  : uid=10068 com.tencent.mobileqq:qzone expire 1 line
10-09 03:56:12.950 19802 19822 I chatty  : uid=10068 com.tencent.mobileqq:qzone expire 75 lines
10-09 03:56:13.068 12894 12894 I chatty  : uid=10068(com.tencent.mobileqq) expire 1 line
10-09 03:56:13.072 12894 19853 I chatty  : uid=10068(com.tencent.mobileqq) expire 2 lines
10-09 03:56:13.268 19802 19861 I chatty  : uid=10068 com.tencent.mobileqq:qzone expire 3 lines
10-09 03:56:13.306 19802 19871 I chatty  : uid=10068 com.tencent.mobileqq:qzone expire 4 lines
10-09 03:56:14.878 19802 19831 I chatty  : uid=10068 com.tencent.mobileqq:qzone expire 1 line
10-09 03:56:15.078 12920 13038 I chatty  : uid=10068 com.tencent.mobileqq:MSF expire 12 lines
10-09 03:56:15.865 19802 19875 I chatty  : uid=10068 com.tencent.mobileqq:qzone expire 86 lines
10-09 03:56:15.974 19802 19855 I chatty  : uid=10068 com.tencent.mobileqq:qzone expire 3 lines
10-09 03:56:16.001   562   562 I MSM-irqbalance: Decided to move IRQ222 from CPU3 to CPU1
10-09 03:56:16.143 19802 19890 I chatty  : uid=10068 com.tencent.mobileqq:qzone expire 5 lines
10-09 03:56:16.271 19802 19891 I chatty  : uid=10068 com.tencent.mobileqq:qzone expire 4 lines
10-09 03:56:16.347 19802 19892 I chatty  : uid=10068 com.tencent.mobileqq:qzone expire 3 lines
10-09 03:56:16.349 19802 19894 I chatty  : uid=10068 com.tencent.mobileqq:qzone expire 3 lines
10-09 03:56:16.351 19802 19893 I chatty  : uid=10068 com.tencent.mobileqq:qzone expire 3 lines
10-09 03:56:16.464 12920 12999 I chatty  : uid=10068 com.tencent.mobileqq:MSF expire 2 lines
10-09 03:56:16.515 12920 13018 I chatty  : uid=10068 com.tencent.mobileqq:MSF expire 13 lines
10-09 03:56:16.900 19802 19875 I chatty  : uid=10068 com.tencent.mobileqq:qzone expire 14 lines
10-09 03:56:16.901 19802 19822 I chatty  : uid=10068 com.tencent.mobileqq:qzone expire 3 lines
10-09 03:56:16.908 19802 19891 I chatty  : uid=10068 com.tencent.mobileqq:qzone expire 1 line
10-09 03:56:16.911 19802 19890 I chatty  : uid=10068 com.tencent.mobileqq:qzone expire 1 line
10-09 03:56:16.926 19802 19892 I chatty  : uid=10068 com.tencent.mobileqq:qzone expire 1 line
10-09 03:56:17.035 19802 19845 I chatty  : uid=10068 com.tencent.mobileqq:qzone expire 25 lines
10-09 03:56:17.037 19802 19855 I chatty  : uid=10068 com.tencent.mobileqq:qzone expire 1 line
10-09 03:56:17.290 19802 19893 I chatty  : uid=10068 com.tencent.mobileqq:qzone expire 1 line
10-09 03:56:17.332 19802 19894 I chatty  : uid=10068 com.tencent.mobileqq:qzone expire 2 lines
10-09 03:56:20.096 12920 13038 I chatty  : uid=10068 com.tencent.mobileqq:MSF expire 2 lines
10-09 03:56:21.002   562   562 I MSM-irqbalance: Decided to move IRQ178 from CPU3 to CPU1
10-09 03:56:26.070   562   562 I MSM-irqbalance: Decided to move IRQ155 from CPU3 to CPU1
10-09 03:56:27.254 12920 13013 I chatty  : uid=10068 com.tencent.mobileqq:MSF expire 12 lines
10-09 03:56:27.257 12894 12967 I chatty  : uid=10068(com.tencent.mobileqq) expire 22 lines
10-09 03:56:27.262 12894 19901 I chatty  : uid=10068(com.tencent.mobileqq) expire 2 lines
10-09 03:56:27.768  3237  3237 V PhoneStatusBar: setLightsOn(true)
10-09 03:56:27.778  1146 12779 I ActivityManager: moveTaskToBack: TaskRecord{24a3822 #118 A=com.tencent.mobileqq U=0 StackId=1 sz=2}
10-09 03:56:27.780  3237  3237 V PhoneStatusBar: setLightsOn(true)
10-09 03:56:27.877  1146  4356 W ActivityManager: Unable to start service Intent { act=com.android.launcher3.WINDOW_OVERLAY dat=app://com.teslacoilsw.launcher:10060?v=5 pkg=com.google.android.googlequicksearchbox } U=0: not found
10-09 03:56:27.890  4372  4570 I Adreno  : QUALCOMM build                   : bc01238, I8e5c908169
10-09 03:56:27.890  4372  4570 I Adreno  : Build Date                       : 12/06/16
10-09 03:56:27.890  4372  4570 I Adreno  : OpenGL ES Shader Compiler Version: XE031.09.00.03
10-09 03:56:27.890  4372  4570 I Adreno  : Local Branch                     : 
10-09 03:56:27.890  4372  4570 I Adreno  : Remote Branch                    : quic/LA.BR.1.3.6_rb1.10
10-09 03:56:27.890  4372  4570 I Adreno  : Remote Branch                    : NONE
10-09 03:56:27.890  4372  4570 I Adreno  : Reconstruct Branch               : NOTHING
10-09 03:56:27.900  4372  4570 I OpenGLRenderer: Initialized EGL, version 1.4
10-09 03:56:27.900  4372  4570 D OpenGLRenderer: Swap behavior 1
10-09 03:56:27.943  1146  1177 V KeyguardServiceDelegate: setOccluded(false) animate=true
10-09 03:56:27.945  1146 12776 I ActivityManager: Setting hasTopUi=true for pid=3237
10-09 03:56:27.957  1146  1156 I art     : Background partial concurrent mark sweep GC freed 27984(1558KB) AllocSpace objects, 2(176KB) LOS objects, 33% free, 12MB/18MB, paused 5.619ms total 106.579ms
10-09 03:56:28.001  3237  3237 D PhoneStatusBar: disable: < expand ICONS* alerts SYSTEM_INFO* back home RECENT clock SEARCH quick_settings >
10-09 03:56:28.087  1146  1170 I VrManagerService: VR mode is disallowed
10-09 03:56:28.098  1146 12780 I PowerManagerService: Going to sleep due to screen timeout (uid 1000)...
10-09 03:56:28.109  3237  3237 W View    : requestLayout() improperly called by com.android.systemui.statusbar.NotificationOverflowIconsView{f1f7c6e V.E...... ......ID 180,30-1044,102 #7f12028a app:id/overflow_icons_view} during layout: running second layout pass
10-09 03:56:28.109  3237  3237 W View    : requestLayout() improperly called by com.android.systemui.statusbar.ExpandableNotificationRow{7778659 VFE...C.. ......ID 0,0-1080,852} during layout: running second layout pass
10-09 03:56:28.109  3237  3237 W View    : requestLayout() improperly called by com.android.systemui.statusbar.ExpandableNotificationRow{9e582f7 VFE...C.. ......ID 0,0-1080,452} during layout: running second layout pass
10-09 03:56:28.109  3237  3237 W View    : requestLayout() improperly called by StatusBarIconView(slot= icon=StatusBarIcon(icon=Icon(typ=RESOURCE pkg=com.coolapk.market id=0x7f02021d) visible user=0 ) notification=Notification(pri=0 contentView=null vibrate=null sound=null tick defaults=0x0 flags=0x10 color=0xff4caf50 actions=2 vis=PRIVATE)) during layout: running second layout pass
10-09 03:56:28.109  3237  3237 W View    : requestLayout() improperly called by StatusBarIconView(slot= icon=StatusBarIcon(icon=Icon(typ=RESOURCE pkg=android id=0x010806bc) visible user=-1 ) notification=Notification(pri=-1 contentView=null vibrate=null sound=null tick defaults=0x0 flags=0x2 color=0xff4285f4 vis=PUBLIC)) during layout: running second layout pass
10-09 03:56:28.127  3237  3237 D PhoneStatusBar: disable: < expand ICONS alerts SYSTEM_INFO back HOME* RECENT clock SEARCH quick_settings >
10-09 03:56:28.225 12894 19904 I chatty  : uid=10068(com.tencent.mobileqq) expire 2 lines
10-09 03:56:28.234  1146  1798 W qti_sensors_hal: timestampCalc: Adjusting timestamp for rollover: 862998646504538, -2
10-09 03:56:28.462  1146  1179 V KeyguardServiceDelegate: onScreenTurnedOff()
10-09 03:56:28.481  1146  1177 I DisplayManagerService: Display device changed state: "Built-in Screen", OFF
10-09 03:56:28.487   404   404 D SurfaceFlinger: Set power mode=0, type=0 flinger=0x7f9a848000
10-09 03:56:28.487   404   404 D qdhwcomposer: hwc_setPowerMode: Setting mode 0 on display: 0
10-09 03:56:28.841   404   715 I qdhwcomposer: handle_blank_event: dpy:0 panel power state: 0
10-09 03:56:28.854   404   404 D qdhwcomposer: hwc_setPowerMode: Done setting mode 0 on display 0
10-09 03:56:28.854  1146  3158 D SurfaceControl: Excessive delay in setPowerMode(): 370ms
10-09 03:56:28.855  1146  1179 I QTI PowerHAL: Got set_interactive hint
10-09 03:56:28.855  1146  1179 E QCOM PowerHAL: Failed to acquire lock.
10-09 03:56:28.856  1146  1179 I DreamManagerService: Entering dreamland.
10-09 03:56:28.857  1146  1179 I PowerManagerService: Dozing...
10-09 03:56:28.857  1146  1175 I DreamController: Starting dream: name=ComponentInfo{com.android.systemui/com.android.systemui.doze.DozeService}, isTest=false, canDoze=true, userId=0
10-09 03:56:28.886   434   975 D audio_hw_primary: adev_set_parameters: enter: screen_state=off
10-09 03:56:28.886   434   975 D audio_hw_extn: audio_extn_set_anc_parameters: anc_enabled:0
10-09 03:56:28.902  3237  3237 D PhoneStatusBar: disable: < expand ICONS alerts SYSTEM_INFO back HOME RECENT clock SEARCH quick_settings >
10-09 03:56:28.979 12920 12920 I chatty  : uid=10068 com.tencent.mobileqq:MSF expire 8 lines
10-09 03:56:29.080  1146  1171 I WindowManager: OverscanTimeout run
10-09 03:56:31.069   562   562 I MSM-irqbalance: Decided to move IRQ57 from CPU3 to CPU1
10-09 03:56:32.116 12920 12999 I chatty  : uid=10068 com.tencent.mobileqq:MSF expire 14 lines
10-09 03:56:32.126   398   398 I rmt_storage: rmt_storage_connect_cb: clnt_h=0x1eac conn_h=0x7fb302a370
10-09 03:56:32.126   398   398 I rmt_storage: rmt_storage_rw_iovec_cb: /boot/modem_fs2: clnt_h=0x1eac: req_h=0x1eac msg_id=3: R/W request received
10-09 03:56:32.126   398   398 I rmt_storage: wakelock acquired: 1, error no: 42
10-09 03:56:32.126   398   781 I rmt_storage: rmt_storage_client_thread: /boot/modem_fs2: clnt_h=0x1eac Unblock worker thread (th_id: 548460831824)
10-09 03:56:32.188   398   781 I rmt_storage: rmt_storage_client_thread: /boot/modem_fs2: clnt_h=0x1eac: req_h=0x1eac msg_id=3: Bytes written = 1572864
10-09 03:56:32.188   398   781 I rmt_storage: rmt_storage_client_thread: /boot/modem_fs2: clnt_h=0x1eac: req_h=0x1eac msg_id=3: Send response: res=0 err=0
10-09 03:56:32.188   398   781 I rmt_storage: rmt_storage_client_thread: /boot/modem_fs2: clnt_h=0x1eac About to block rmt_storage client thread (th_id: 548460831824) wakelock released: 1, error no: 0
10-09 03:56:32.188   398   781 I rmt_storage: 
10-09 03:56:32.190   398   398 I rmt_storage: rmt_storage_disconnect_cb: clnt_h=0x1eac conn_h=0x7fb302a370
10-09 03:56:41.946 19802 19839 I chatty  : uid=10068 com.tencent.mobileqq:qzone expire 20 lines
10-09 03:56:55.155 12894 19919 I chatty  : uid=10068(com.tencent.mobileqq) expire 2 lines
10-09 03:57:00.692 12894 19923 I chatty  : uid=10068(com.tencent.mobileqq) expire 2 lines
10-09 03:57:07.116 12894 19927 I chatty  : uid=10068(com.tencent.mobileqq) expire 2 lines
10-09 03:57:15.751 12894 19930 I chatty  : uid=10068(com.tencent.mobileqq) expire 2 lines
10-09 03:57:16.237   562   562 I MSM-irqbalance: Decided to move IRQ215 from CPU1 to CPU2
10-09 03:57:21.253   562   562 I MSM-irqbalance: Decided to move IRQ155 from CPU1 to CPU2
10-09 03:57:26.270   562   562 I MSM-irqbalance: Decided to move IRQ178 from CPU1 to CPU2
10-09 03:57:36.303   562   562 I MSM-irqbalance: Decided to move IRQ222 from CPU1 to CPU2
10-09 03:57:40.578 12920 13018 I chatty  : uid=10068 com.tencent.mobileqq:MSF expire 6 lines
10-09 03:57:40.579 12920 13013 I chatty  : uid=10068 com.tencent.mobileqq:MSF expire 4 lines
10-09 03:57:40.694 12894 12967 I chatty  : uid=10068(com.tencent.mobileqq) expire 62 lines
10-09 03:57:40.722 12920 12999 I chatty  : uid=10068 com.tencent.mobileqq:MSF expire 6 lines
10-09 03:57:40.726 12894 19940 I chatty  : uid=10068(com.tencent.mobileqq) expire 2 lines
10-09 03:57:41.320   562   562 I MSM-irqbalance: Decided to move IRQ170 from CPU3 to CPU2
10-09 03:57:56.371   562   562 I MSM-irqbalance: Decided to move IRQ203 from CPU0 to CPU1
10-09 03:58:01.386   562   562 I MSM-irqbalance: Decided to move IRQ200 from CPU4 [P:0] to CPU0 [P:1] (banned)
10-09 03:58:06.386   562   562 I MSM-irqbalance: Decided to move IRQ155 from CPU2 to CPU1
10-09 03:58:06.851   398   398 I rmt_storage: rmt_storage_connect_cb: clnt_h=0x1ead conn_h=0x7fb302a370
10-09 03:58:06.851   398   398 I rmt_storage: rmt_storage_rw_iovec_cb: /boot/modem_fs1: clnt_h=0x6: req_h=0x1ead msg_id=3: R/W request received
10-09 03:58:06.851   398   398 I rmt_storage: wakelock acquired: 1, error no: 42
10-09 03:58:06.851   398   780 I rmt_storage: rmt_storage_client_thread: /boot/modem_fs1: clnt_h=0x6 Unblock worker thread (th_id: 548461868112)
10-09 03:58:07.000   398   780 I rmt_storage: rmt_storage_client_thread: /boot/modem_fs1: clnt_h=0x6: req_h=0x1ead msg_id=3: Bytes written = 1572864
10-09 03:58:07.000   398   780 I rmt_storage: rmt_storage_client_thread: /boot/modem_fs1: clnt_h=0x6: req_h=0x1ead msg_id=3: Send response: res=0 err=0
10-09 03:58:07.000   398   780 I rmt_storage: rmt_storage_client_thread: /boot/modem_fs1: clnt_h=0x6 About to block rmt_storage client thread (th_id: 548461868112) wakelock released: 1, error no: 0
10-09 03:58:07.000   398   780 I rmt_storage: 
10-09 03:58:07.002   398   398 I rmt_storage: rmt_storage_disconnect_cb: clnt_h=0x1ead conn_h=0x7fb302a370
10-09 03:58:09.603 12863 12880 V xiaomi  : [Thread:523] JOB: Handle intent action = com.xiaomi.push.timer
10-09 03:58:09.603 12863 12880 V xiaomi  : [Thread:523] Service called on timer
10-09 03:58:09.608 12863 12880 V xiaomi  : [Thread:523] [Slim] SND ping id=0
10-09 03:58:09.649 12863  4123 V xiaomi  : [Thread:546] [Slim] RCV ping id=0
10-09 03:58:11.400   562   562 I MSM-irqbalance: Decided to move IRQ178 from CPU2 to CPU1
10-09 03:58:16.437   562   562 I MSM-irqbalance: Decided to move IRQ222 from CPU2 to CPU1
10-09 03:58:16.535 12894 19949 I chatty  : uid=10068(com.tencent.mobileqq) expire 2 lines
10-09 03:58:19.640 12863 12880 V xiaomi  : [Thread:523] JOB: check the ping-pong.1507521489606
10-09 03:58:36.467   562   562 I MSM-irqbalance: Decided to move IRQ200 from CPU0 to CPU3
10-09 03:58:41.466   562   562 I MSM-irqbalance: Decided to move IRQ203 from CPU0 to CPU3
10-09 03:59:12.095 19802 19802 I chatty  : uid=10068 com.tencent.mobileqq:qzone expire 6 lines
10-09 03:59:12.200  1146  1168 I MediaFocusControl:  AudioFocus  abandonAudioFocus() from uid/pid 10068/12894 clientId=android.media.AudioManager@b76f01aagv@db2c1a6
10-09 03:59:12.202 12894 12894 I chatty  : uid=10068(com.tencent.mobileqq) expire 1 line
10-09 03:59:12.212 12920 12932 I chatty  : uid=10068 com.tencent.mobileqq:MSF expire 2 lines
10-09 03:59:12.217 12920 13014 I chatty  : uid=10068 com.tencent.mobileqq:MSF expire 3 lines
10-09 03:59:12.351  1146 30663 I ActivityManager: Process com.tencent.mobileqq:qzone (pid 19802) has died
10-09 03:59:12.351  1146 30663 D ActivityManager: cleanUpApplicationRecord -- 19802
10-09 03:59:16.751 12894 19968 I chatty  : uid=10068(com.tencent.mobileqq) expire 2 lines
10-09 03:59:50.755   398   398 I rmt_storage: rmt_storage_connect_cb: clnt_h=0x1eae conn_h=0x7fb302a370
10-09 03:59:50.756   398   398 I rmt_storage: rmt_storage_rw_iovec_cb: /boot/modem_fs2: clnt_h=0x1eae: req_h=0x1eae msg_id=3: R/W request received
10-09 03:59:50.756   398   398 I rmt_storage: wakelock acquired: 1, error no: 42
10-09 03:59:50.756   398   781 I rmt_storage: rmt_storage_client_thread: /boot/modem_fs2: clnt_h=0x1eae Unblock worker thread (th_id: 548460831824)
10-09 03:59:50.911   398   781 I rmt_storage: rmt_storage_client_thread: /boot/modem_fs2: clnt_h=0x1eae: req_h=0x1eae msg_id=3: Bytes written = 1572864
10-09 03:59:50.911   398   781 I rmt_storage: rmt_storage_client_thread: /boot/modem_fs2: clnt_h=0x1eae: req_h=0x1eae msg_id=3: Send response: res=0 err=0
10-09 03:59:50.911   398   781 I rmt_storage: rmt_storage_client_thread: /boot/modem_fs2: clnt_h=0x1eae About to block rmt_storage client thread (th_id: 548460831824) wakelock released: 1, error no: 0
10-09 03:59:50.911   398   781 I rmt_storage: 
10-09 03:59:50.913   398   398 I rmt_storage: rmt_storage_disconnect_cb: clnt_h=0x1eae conn_h=0x7fb302a370
10-09 03:59:51.468   562   562 I MSM-irqbalance: Decided to move IRQ200 from CPU4 [P:0] to CPU1 [P:1] (banned)
10-09 04:00:01.288 12894 12910 I chatty  : uid=10068(com.tencent.mobileqq) expire 1 line
10-09 04:00:01.519 12920 12942 I chatty  : uid=10068 com.tencent.mobileqq:MSF expire 1 line
10-09 04:00:01.951 19052 19070 I chatty  : uid=10068 com.tencent.mobileqq:qqfav expire 1 line
10-09 04:00:05.127  1146 30664 D         : set_speaker_light_locked mode 0, colorRGB=64000000, onMS=0, offMS=0
10-09 04:00:05.128  1146  1179 I PowerManagerService: Waking up from dozing (uid 1000)...
10-09 04:00:05.128  1146  1179 E QCOM PowerHAL: Failed to acquire lock.
10-09 04:00:05.129  1146  1179 I QTI PowerHAL: Got set_interactive hint
10-09 04:00:05.129  1146  1179 E QCOM PowerHAL: Invalid hint ID.
10-09 04:00:05.129  1146  1179 I DisplayPowerController: Blocking screen on until initial contents have been drawn.
10-09 04:00:05.131  4282  4367 W QCNEJ   : |CORE| CNE received unexpected action: android.intent.action.BATTERY_CHANGED
10-09 04:00:05.132  1146  1179 V KeyguardServiceDelegate: onScreenTurnedOn(showListener = com.android.server.policy.PhoneWindowManager$2@1299aa)
10-09 04:00:05.133  1146  1177 I DisplayManagerService: Display device changed state: "Built-in Screen", ON
10-09 04:00:05.133   404   404 D SurfaceFlinger: Set power mode=2, type=0 flinger=0x7f9a848000
10-09 04:00:05.133   404   404 D qdhwcomposer: hwc_setPowerMode: Setting mode 2 on display: 0
10-09 04:00:05.136  1146  1146 V KeyguardServiceDelegate: onStartedWakingUp()
10-09 04:00:05.141  1146  1173 E BatteryStatsService: no controller energy info supplied
10-09 04:00:05.141  1146  1173 E BatteryStatsService: no controller energy info supplied
10-09 04:00:05.151   434  9589 D audio_hw_primary: adev_set_parameters: enter: screen_state=on
10-09 04:00:05.151   434  9589 D audio_hw_extn: audio_extn_set_anc_parameters: anc_enabled:0
10-09 04:00:05.153  3965  3965 E QtiImsExtUtils: getConfigForPhoneId subId is invalid
10-09 04:00:05.153  3965  3965 E QtiImsExtUtils: isCarrierConfigEnabled bundle is null
10-09 04:00:05.162  1146 12160 V KeyguardServiceDelegate: **** SHOWN CALLED ****
10-09 04:00:05.204 17993 18000 I art     : Debugger is no longer active
10-09 04:00:05.204 17993 18000 I art     : Starting a blocking GC Instrumentation
10-09 04:00:05.233  1146  1179 I DisplayPowerController: Unblocked screen on after 103 ms
10-09 04:00:05.234  1146  1179 V KeyguardServiceDelegate: onScreenTurnedOn()
10-09 04:00:05.234  1146  1179 I DreamManagerService: Gently waking up from dream.
10-09 04:00:05.237  1146 30664 I DreamManagerService: Leaving dreamland.
10-09 04:00:05.238  1146  1175 I DreamController: Stopping dream: name=ComponentInfo{com.android.systemui/com.android.systemui.doze.DozeService}, isTest=false, canDoze=true, userId=0
10-09 04:00:05.270  1146  1173 E BatteryStatsService: modem info is invalid: ModemActivityInfo{ mTimestamp=863215656 mSleepTimeMs=852958819 mIdleTimeMs=-852155453 mTxTimeMs[]=[0, 0, 0, 0, 0] mRxTimeMs=5200 mEnergyUsed=0}
10-09 04:00:05.272  1146  1173 I BatteryStatsImpl: Resetting battery stats: level=100 status=5 dischargeLevel=100 lowAmount=0 highAmount=0
10-09 04:00:05.283  1146  1173 E BatteryStatsService: power: Missing API
10-09 04:00:05.369  1146  1798 W qti_sensors_hal: timestampCalc: Adjusting timestamp for rollover: 863215781341389, -2
10-09 04:00:05.386   404   715 I qdhwcomposer: handle_blank_event: dpy:0 panel power state: 1
10-09 04:00:05.428   404   404 D qdhwcomposer: hwc_setPowerMode: Done setting mode 2 on display 0
10-09 04:00:05.428  1146  3158 D SurfaceControl: Excessive delay in setPowerMode(): 295ms
10-09 04:00:05.912  1146  1173 E BatteryStatsService: no controller energy info supplied
10-09 04:00:06.467   562   562 I MSM-irqbalance: Decided to move IRQ65 from CPU2 to CPU3
10-09 04:00:11.466   562   562 I MSM-irqbalance: Decided to move IRQ200 from CPU1 to CPU3
10-09 04:00:15.131  1146  1179 I PowerManagerService: Going to sleep due to screen timeout (uid 1000)...
10-09 04:00:15.554  1146  1179 V KeyguardServiceDelegate: onScreenTurnedOff()
10-09 04:00:15.560   404   404 D SurfaceFlinger: Set power mode=0, type=0 flinger=0x7f9a848000
10-09 04:00:15.561  1146  1177 I DisplayManagerService: Display device changed state: "Built-in Screen", OFF
10-09 04:00:15.562   404   404 D qdhwcomposer: hwc_setPowerMode: Setting mode 0 on display: 0
10-09 04:00:15.912   404   715 I qdhwcomposer: handle_blank_event: dpy:0 panel power state: 0
10-09 04:00:15.931   404   404 D qdhwcomposer: hwc_setPowerMode: Done setting mode 0 on display 0
10-09 04:00:15.931  1146  3158 D SurfaceControl: Excessive delay in setPowerMode(): 371ms
10-09 04:00:15.932  1146  1179 I QTI PowerHAL: Got set_interactive hint
10-09 04:00:15.933  1146  1179 E QCOM PowerHAL: Failed to acquire lock.
10-09 04:00:15.934  1146  1179 I DreamManagerService: Entering dreamland.
10-09 04:00:15.935  1146  1179 I PowerManagerService: Dozing...
10-09 04:00:15.938  1146  1175 I DreamController: Starting dream: name=ComponentInfo{com.android.systemui/com.android.systemui.doze.DozeService}, isTest=false, canDoze=true, userId=0
10-09 04:00:15.972   434   975 D audio_hw_primary: adev_set_parameters: enter: screen_state=off
10-09 04:00:15.972   434   975 D audio_hw_extn: audio_extn_set_anc_parameters: anc_enabled:0
10-09 04:00:15.983  3237  3237 D PhoneStatusBar: disable: < expand ICONS alerts SYSTEM_INFO back HOME RECENT clock SEARCH quick_settings >
10-09 04:00:16.164  1146  1171 I WindowManager: OverscanTimeout run
10-09 04:00:23.328   562   562 I MSM-irqbalance: Decided to move IRQ203 from CPU0 to CPU3
10-09 04:00:51.814  1146  1173 E BatteryStatsService: no controller energy info supplied
10-09 04:00:51.890 12920 12990 I chatty  : uid=10068 com.tencent.mobileqq:MSF expire 1 line
10-09 04:01:26.662   398   398 I rmt_storage: rmt_storage_connect_cb: clnt_h=0x1eaf conn_h=0x7fb302a370
10-09 04:01:26.663   398   398 I rmt_storage: rmt_storage_rw_iovec_cb: /boot/modem_fs1: clnt_h=0x6: req_h=0x1eaf msg_id=3: R/W request received
10-09 04:01:26.663   398   398 I rmt_storage: wakelock acquired: 1, error no: 42
10-09 04:01:26.663   398   780 I rmt_storage: rmt_storage_client_thread: /boot/modem_fs1: clnt_h=0x6 Unblock worker thread (th_id: 548461868112)
10-09 04:01:26.722   398   780 I rmt_storage: rmt_storage_client_thread: /boot/modem_fs1: clnt_h=0x6: req_h=0x1eaf msg_id=3: Bytes written = 1572864
10-09 04:01:26.722   398   780 I rmt_storage: rmt_storage_client_thread: /boot/modem_fs1: clnt_h=0x6: req_h=0x1eaf msg_id=3: Send response: res=0 err=0
10-09 04:01:26.722   398   780 I rmt_storage: rmt_storage_client_thread: /boot/modem_fs1: clnt_h=0x6 About to block rmt_storage client thread (th_id: 548461868112) wakelock released: 1, error no: 0
10-09 04:01:26.722   398   780 I rmt_storage: 
10-09 04:01:26.725   398   398 I rmt_storage: rmt_storage_disconnect_cb: clnt_h=0x1eaf conn_h=0x7fb302a370
10-09 04:01:26.746 12894 12913 I chatty  : uid=10068(com.tencent.mobileqq) expire 1 line
10-09 04:01:26.757 12894 20095 I chatty  : uid=10068(com.tencent.mobileqq) expire 3 lines
10-09 04:02:17.493  1146  1173 E BatteryStatsService: no controller energy info supplied
10-09 04:02:17.682 12920 13018 I chatty  : uid=10068 com.tencent.mobileqq:MSF expire 1 line
10-09 04:02:17.788 12920 20100 I chatty  : uid=10068 com.tencent.mobileqq:MSF expire 1 line
10-09 04:02:24.005 12920 13038 I chatty  : uid=10068 com.tencent.mobileqq:MSF expire 6 lines
10-09 04:02:24.180   562   562 I MSM-irqbalance: Decided to move IRQ178 from CPU0 to CPU3
10-09 04:03:01.379   398   398 I rmt_storage: rmt_storage_connect_cb: clnt_h=0x1eb0 conn_h=0x7fb302a370
10-09 04:03:01.379   398   398 I rmt_storage: rmt_storage_rw_iovec_cb: /boot/modem_fs2: clnt_h=0x1eb0: req_h=0x1eb0 msg_id=3: R/W request received
10-09 04:03:01.379   398   398 I rmt_storage: wakelock acquired: 1, error no: 42
10-09 04:03:01.379   398   781 I rmt_storage: rmt_storage_client_thread: /boot/modem_fs2: clnt_h=0x1eb0 Unblock worker thread (th_id: 548460831824)
10-09 04:03:01.390  1146  1173 E BatteryStatsService: no controller energy info supplied
10-09 04:03:01.441   398   781 I rmt_storage: rmt_storage_client_thread: /boot/modem_fs2: clnt_h=0x1eb0: req_h=0x1eb0 msg_id=3: Bytes written = 1572864
10-09 04:03:01.441   398   781 I rmt_storage: rmt_storage_client_thread: /boot/modem_fs2: clnt_h=0x1eb0: req_h=0x1eb0 msg_id=3: Send response: res=0 err=0
10-09 04:03:01.441   398   781 I rmt_storage: rmt_storage_client_thread: /boot/modem_fs2: clnt_h=0x1eb0 About to block rmt_storage client thread (th_id: 548460831824) wakelock released: 1, error no: 0
10-09 04:03:01.441   398   781 I rmt_storage: 
10-09 04:03:01.443   398   398 I rmt_storage: rmt_storage_disconnect_cb: clnt_h=0x1eb0 conn_h=0x7fb302a370
10-09 04:03:08.198   562   562 I MSM-irqbalance: Decided to move IRQ157 from CPU0 to CPU3
10-09 04:03:09.606 12863 12880 V xiaomi  : [Thread:523] JOB: Handle intent action = com.xiaomi.push.timer
10-09 04:03:09.606 12863 12880 V xiaomi  : [Thread:523] Service called on timer
10-09 04:03:09.608 12863 12880 V xiaomi  : [Thread:523] [Slim] SND ping id=0
10-09 04:03:09.617  1146  1173 E BatteryStatsService: no controller energy info supplied
10-09 04:03:09.647 12863  4123 V xiaomi  : [Thread:546] [Slim] RCV ping id=0
10-09 04:03:12.918  4282  4367 W QCNEJ   : |CORE| CNE received unexpected action: android.intent.action.BATTERY_CHANGED
10-09 04:03:12.924  3965  3965 E QtiImsExtUtils: getConfigForPhoneId subId is invalid
10-09 04:03:12.924  3965  3965 E QtiImsExtUtils: isCarrierConfigEnabled bundle is null
10-09 04:03:12.925  1146 19821 D NetworkMonitor/NetworkAgentInfo [WIFI () - 111]: Forcing reevaluation for UID 0
10-09 04:03:13.060  1146 20126 D NetworkMonitor/NetworkAgentInfo [WIFI () - 111]: PROBE_DNS OK 133ms, www.google.com=243.185.187.39
10-09 04:03:13.062  1146 20127 D NetworkMonitor/NetworkAgentInfo [WIFI () - 111]: PROBE_DNS OK 135ms, connectivitycheck.gstatic.com=58.83.160.138,124.243.204.132
10-09 04:03:13.094  1146 20127 D NetworkMonitor/NetworkAgentInfo [WIFI () - 111]: PROBE_HTTP http://connectivitycheck.gstatic.com/generate_204 time=31ms ret=302 request={User-Agent=[Mozilla/5.0 (X11; Linux x86_64) AppleWebKit/537.36 (KHTML, like Gecko) Chrome/52.0.2743.82 Safari/537.36]} headers={null=[HTTP/1.1 302 Moved temporarily], Cache-Control=[no-cache], Connection=[close], Location=[http://wifi.shouji.360.cn/index.html?wifiname=KHAN&mid=00e6a306929d4f6ecf627ecfc436644c&checkurl=http%3A%2F%2F172.17.19.1%3A8087%2Fcheck&random=8652359&m=aydePVFyka0eCDiT%2BZoPaziogk9%2B5tMAeML2wepq6e4HbvKAZG8PTQ%3D%3D&devtype=fpcwifi&popfrom=204&v=5.3.0.4030], X-Android-Received-Millis=[1507521793093], X-Android-Response-Source=[NETWORK 302], X-Android-Selected-Protocol=[http/1.1], X-Android-Sent-Millis=[1507521793091]}
10-09 04:03:13.096  1146  2150 D WifiStateMachine: NETWORK_STATUS_UNWANTED_VALIDATION_FAILED
10-09 04:03:13.096  1146  2370 D NetworkNotificationManager: showNotification tag=ConnectivityNotification:111 event=SIGN_IN transport=Wi-Fi extraInfo="KHAN" highPrioriy=false
10-09 04:03:13.099  1146 20131 D WifiNetworkHistory: saving network history: "Marriott_GUEST"NONE gw: 14:02:ec:43:e4:0d Network Selection-status: NETWORK_SELECTION_ENABLED ephemeral=false choice:null link:0 status:1 nid:1 hasEverConnected: true
10-09 04:03:13.100  1146 20131 V WifiNetworkHistory: writeKnownNetworkHistory write config "Marriott_GUEST"NONE
10-09 04:03:13.101  1146 20131 D WifiNetworkHistory: saving network history: "KHAN"WPA_PSK gw: null Network Selection-status: NETWORK_SELECTION_ENABLED ephemeral=false choice:null link:0 status:0 nid:0 hasEverConnected: true
10-09 04:03:13.101  1146 20131 V WifiNetworkHistory: writeKnownNetworkHistory write config "KHAN"WPA_PSK
10-09 04:03:13.754  1146 30664 D         : set_speaker_light_locked mode 0, colorRGB=6400FF00, onMS=0, offMS=0
10-09 04:03:13.757  1146  1179 I PowerManagerService: Waking up from dozing (uid 1000)...
10-09 04:03:13.757  4282  4367 W QCNEJ   : |CORE| CNE received unexpected action: android.intent.action.BATTERY_CHANGED
10-09 04:03:13.757  1146  1179 E QCOM PowerHAL: Failed to acquire lock.
10-09 04:03:13.760  1146  1179 I QTI PowerHAL: Got set_interactive hint
10-09 04:03:13.760  1146  1179 E QCOM PowerHAL: Invalid hint ID.
10-09 04:03:13.760  1146  1173 E BatteryStatsService: no controller energy info supplied
10-09 04:03:13.760  1146  1173 E BatteryStatsService: no controller energy info supplied
10-09 04:03:13.769  1146  1146 I EntropyMixer: Writing entropy...
10-09 04:03:13.781  1146  1179 I DisplayPowerController: Blocking screen on until initial contents have been drawn.
10-09 04:03:13.781  1146  1179 V KeyguardServiceDelegate: onScreenTurnedOn(showListener = com.android.server.policy.PhoneWindowManager$2@1299aa)
10-09 04:03:13.783  1146  1177 I DisplayManagerService: Display device changed state: "Built-in Screen", ON
10-09 04:03:13.786   404   404 D SurfaceFlinger: Set power mode=2, type=0 flinger=0x7f9a848000
10-09 04:03:13.786   404   404 D qdhwcomposer: hwc_setPowerMode: Setting mode 2 on display: 0
10-09 04:03:13.800  1146  1146 V KeyguardServiceDelegate: onStartedWakingUp()
10-09 04:03:13.808  3965  3965 E QtiImsExtUtils: getConfigForPhoneId subId is invalid
10-09 04:03:13.808  3965  3965 E QtiImsExtUtils: isCarrierConfigEnabled bundle is null
10-09 04:03:13.811   434   434 D audio_hw_primary: adev_set_parameters: enter: screen_state=on
10-09 04:03:13.811   434   434 D audio_hw_extn: audio_extn_set_anc_parameters: anc_enabled:0
10-09 04:03:13.833  1146  4356 V KeyguardServiceDelegate: **** SHOWN CALLED ****
10-09 04:03:13.834  1146  1156 I art     : Background sticky concurrent mark sweep GC freed 58505(4MB) AllocSpace objects, 37(868KB) LOS objects, 31% free, 12MB/18MB, paused 6.789ms total 48.045ms
10-09 04:03:13.854  1146  1173 E BatteryStatsService: modem info is invalid: ModemActivityInfo{ mTimestamp=863404241 mSleepTimeMs=853145587 mIdleTimeMs=-852958254 mTxTimeMs[]=[0, 0, 0, 0, 0] mRxTimeMs=1316 mEnergyUsed=0}
10-09 04:03:13.890  1146  1179 I DisplayPowerController: Unblocked screen on after 109 ms
10-09 04:03:13.891  1146  1179 V KeyguardServiceDelegate: onScreenTurnedOn()
10-09 04:03:13.891  1146  1179 I DreamManagerService: Gently waking up from dream.
10-09 04:03:13.907  1146  4501 I DreamManagerService: Leaving dreamland.
10-09 04:03:13.907  1146  1175 I DreamController: Stopping dream: name=ComponentInfo{com.android.systemui/com.android.systemui.doze.DozeService}, isTest=false, canDoze=true, userId=0
10-09 04:03:13.959 12920 12920 I chatty  : uid=10068 com.tencent.mobileqq:MSF expire 7 lines
10-09 04:03:14.030   404   715 I qdhwcomposer: handle_blank_event: dpy:0 panel power state: 1
10-09 04:03:14.079   404   404 D qdhwcomposer: hwc_setPowerMode: Done setting mode 2 on display 0
10-09 04:03:14.080  1146  3158 D SurfaceControl: Excessive delay in setPowerMode(): 296ms
10-09 04:03:14.089  1146  1798 W qti_sensors_hal: timestampCalc: Adjusting timestamp for rollover: 863404499824207, -2
10-09 04:03:14.222 20180 20180 I getprop : type=1400 audit(0.0:881): avc: denied { open } for path="/dev/__properties__/u:object_r:userinit_prop:s0" dev="tmpfs" ino=6490 scontext=u:r:shell:s0 tcontext=u:object_r:userinit_prop:s0 tclass=file permissive=1
10-09 04:03:14.222 20180 20180 I getprop : type=1400 audit(0.0:882): avc: denied { getattr } for path="/dev/__properties__/u:object_r:userinit_prop:s0" dev="tmpfs" ino=6490 scontext=u:r:shell:s0 tcontext=u:object_r:userinit_prop:s0 tclass=file permissive=1
10-09 04:03:14.222 20180 20180 I getprop : type=1400 audit(0.0:883): avc: denied { open } for path="/dev/__properties__/u:object_r:adbsecure_prop:s0" dev="tmpfs" ino=6491 scontext=u:r:shell:s0 tcontext=u:object_r:adbsecure_prop:s0 tclass=file permissive=1
10-09 04:03:14.222 20180 20180 I getprop : type=1400 audit(0.0:884): avc: denied { getattr } for path="/dev/__properties__/u:object_r:adbsecure_prop:s0" dev="tmpfs" ino=6491 scontext=u:r:shell:s0 tcontext=u:object_r:adbsecure_prop:s0 tclass=file permissive=1
10-09 04:03:14.222 20180 20180 I getprop : type=1400 audit(0.0:885): avc: denied { open } for path="/dev/__properties__/u:object_r:recovery_prop:s0" dev="tmpfs" ino=6492 scontext=u:r:shell:s0 tcontext=u:object_r:recovery_prop:s0 tclass=file permissive=1
10-09 04:03:14.222 20180 20180 I getprop : type=1400 audit(0.0:886): avc: denied { getattr } for path="/dev/__properties__/u:object_r:recovery_prop:s0" dev="tmpfs" ino=6492 scontext=u:r:shell:s0 tcontext=u:object_r:recovery_prop:s0 tclass=file permissive=1
10-09 04:03:14.222 20180 20180 I getprop : type=1400 audit(0.0:887): avc: denied { open } for path="/dev/__properties__/u:object_r:adbtcp_prop:s0" dev="tmpfs" ino=6493 scontext=u:r:shell:s0 tcontext=u:object_r:adbtcp_prop:s0 tclass=file permissive=1
10-09 04:03:14.222 20180 20180 I getprop : type=1400 audit(0.0:888): avc: denied { getattr } for path="/dev/__properties__/u:object_r:adbtcp_prop:s0" dev="tmpfs" ino=6493 scontext=u:r:shell:s0 tcontext=u:object_r:adbtcp_prop:s0 tclass=file permissive=1
10-09 04:03:14.222 20180 20180 I getprop : type=1400 audit(0.0:889): avc: denied { open } for path="/dev/__properties__/u:object_r:media_msm8956_version_prop:s0" dev="tmpfs" ino=6494 scontext=u:r:shell:s0 tcontext=u:object_r:media_msm8956_version_prop:s0 tclass=file permissive=1
10-09 04:03:14.222 20180 20180 I getprop : type=1400 audit(0.0:890): avc: denied { getattr } for path="/dev/__properties__/u:object_r:media_msm8956_version_prop:s0" dev="tmpfs" ino=6494 scontext=u:r:shell:s0 tcontext=u:object_r:media_msm8956_version_prop:s0 tclass=file permissive=1
10-09 04:03:14.222 20180 20180 I getprop : type=1400 audit(0.0:891): avc: denied { open } for path="/dev/__properties__/u:object_r:media_msm8956hw_prop:s0" dev="tmpfs" ino=6496 scontext=u:r:shell:s0 tcontext=u:object_r:media_msm8956hw_prop:s0 tclass=file permissive=1
10-09 04:03:14.222 20180 20180 I getprop : type=1400 audit(0.0:892): avc: denied { getattr } for path="/dev/__properties__/u:object_r:media_msm8956hw_prop:s0" dev="tmpfs" ino=6496 scontext=u:r:shell:s0 tcontext=u:object_r:media_msm8956hw_prop:s0 tclass=file permissive=1
10-09 04:03:14.222 20180 20180 I getprop : type=1400 audit(0.0:893): avc: denied { open } for path="/dev/__properties__/u:object_r:boot_mode_prop:s0" dev="tmpfs" ino=6498 scontext=u:r:shell:s0 tcontext=u:object_r:boot_mode_prop:s0 tclass=file permissive=1
10-09 04:03:14.222 20180 20180 I getprop : type=1400 audit(0.0:894): avc: denied { getattr } for path="/dev/__properties__/u:object_r:boot_mode_prop:s0" dev="tmpfs" ino=6498 scontext=u:r:shell:s0 tcontext=u:object_r:boot_mode_prop:s0 tclass=file permissive=1
10-09 04:03:14.222 20180 20180 I getprop : type=1400 audit(0.0:895): avc: denied { open } for path="/dev/__properties__/u:object_r:sys_usb_tethering_prop:s0" dev="tmpfs" ino=6513 scontext=u:r:shell:s0 tcontext=u:object_r:sys_usb_tethering_prop:s0 tclass=file permissive=1
10-09 04:03:14.222 20180 20180 I getprop : type=1400 audit(0.0:896): avc: denied { getattr } for path="/dev/__properties__/u:object_r:sys_usb_tethering_prop:s0" dev="tmpfs" ino=6513 scontext=u:r:shell:s0 tcontext=u:object_r:sys_usb_tethering_prop:s0 tclass=file permissive=1
10-09 04:03:14.222 20180 20180 I getprop : type=1400 audit(0.0:897): avc: denied { open } for path="/dev/__properties__/u:object_r:sys_usb_configfs_prop:s0" dev="tmpfs" ino=6514 scontext=u:r:shell:s0 tcontext=u:object_r:sys_usb_configfs_prop:s0 tclass=file permissive=1
10-09 04:03:14.222 20180 20180 I getprop : type=1400 audit(0.0:898): avc: denied { getattr } for path="/dev/__properties__/u:object_r:sys_usb_configfs_prop:s0" dev="tmpfs" ino=6514 scontext=u:r:shell:s0 tcontext=u:object_r:sys_usb_configfs_prop:s0 tclass=file permissive=1
10-09 04:03:14.222 20180 20180 I getprop : type=1400 audit(0.0:899): avc: denied { open } for path="/dev/__properties__/u:object_r:sys_usb_controller_prop:s0" dev="tmpfs" ino=6515 scontext=u:r:shell:s0 tcontext=u:object_r:sys_usb_controller_prop:s0 tclass=file permissive=1
10-09 04:03:14.222 20180 20180 I getprop : type=1400 audit(0.0:900): avc: denied { getattr } for path="/dev/__properties__/u:object_r:sys_usb_controller_prop:s0" dev="tmpfs" ino=6515 scontext=u:r:shell:s0 tcontext=u:object_r:sys_usb_controller_prop:s0 tclass=file permissive=1
10-09 04:03:14.222 20180 20180 I getprop : type=1400 audit(0.0:901): avc: denied { open } for path="/dev/__properties__/u:object_r:mpdecision_prop:s0" dev="tmpfs" ino=6519 scontext=u:r:shell:s0 tcontext=u:object_r:mpdecision_prop:s0 tclass=file permissive=1
10-09 04:03:14.222 20180 20180 I getprop : type=1400 audit(0.0:902): avc: denied { getattr } for path="/dev/__properties__/u:object_r:mpdecision_prop:s0" dev="tmpfs" ino=6519 scontext=u:r:shell:s0 tcontext=u:object_r:mpdecision_prop:s0 tclass=file permissive=1
10-09 04:03:14.222 20180 20180 I getprop : type=1400 audit(0.0:903): avc: denied { open } for path="/dev/__properties__/u:object_r:spcomlib_prop:s0" dev="tmpfs" ino=6523 scontext=u:r:shell:s0 tcontext=u:object_r:spcomlib_prop:s0 tclass=file permissive=1
10-09 04:03:14.222 20180 20180 I getprop : type=1400 audit(0.0:904): avc: denied { getattr } for path="/dev/__properties__/u:object_r:spcomlib_prop:s0" dev="tmpfs" ino=6523 scontext=u:r:shell:s0 tcontext=u:object_r:spcomlib_prop:s0 tclass=file permissive=1
10-09 04:03:14.225 20180 20180 I getprop : type=1400 audit(0.0:905): avc: denied { open } for path="/dev/__properties__/u:object_r:safemode_prop:s0" dev="tmpfs" ino=6538 scontext=u:r:shell:s0 tcontext=u:object_r:safemode_prop:s0 tclass=file permissive=1
10-09 04:03:14.225 20180 20180 I getprop : type=1400 audit(0.0:906): avc: denied { getattr } for path="/dev/__properties__/u:object_r:safemode_prop:s0" dev="tmpfs" ino=6538 scontext=u:r:shell:s0 tcontext=u:object_r:safemode_prop:s0 tclass=file permissive=1
10-09 04:03:14.225 20180 20180 I getprop : type=1400 audit(0.0:907): avc: denied { open } for path="/dev/__properties__/u:object_r:mmc_prop:s0" dev="tmpfs" ino=6539 scontext=u:r:shell:s0 tcontext=u:object_r:mmc_prop:s0 tclass=file permissive=1
10-09 04:03:14.225 20180 20180 I getprop : type=1400 audit(0.0:908): avc: denied { getattr } for path="/dev/__properties__/u:object_r:mmc_prop:s0" dev="tmpfs" ino=6539 scontext=u:r:shell:s0 tcontext=u:object_r:mmc_prop:s0 tclass=file permissive=1
10-09 04:03:14.225 20180 20180 I getprop : type=1400 audit(0.0:909): avc: denied { open } for path="/dev/__properties__/u:object_r:device_logging_prop:s0" dev="tmpfs" ino=6541 scontext=u:r:shell:s0 tcontext=u:object_r:device_logging_prop:s0 tclass=file permissive=1
10-09 04:03:14.225 20180 20180 I getprop : type=1400 audit(0.0:910): avc: denied { getattr } for path="/dev/__properties__/u:object_r:device_logging_prop:s0" dev="tmpfs" ino=6541 scontext=u:r:shell:s0 tcontext=u:object_r:device_logging_prop:s0 tclass=file permissive=1
10-09 04:03:14.225 20180 20180 I getprop : type=1400 audit(0.0:911): avc: denied { open } for path="/dev/__properties__/u:object_r:theme_prop:s0" dev="tmpfs" ino=6556 scontext=u:r:shell:s0 tcontext=u:object_r:theme_prop:s0 tclass=file permissive=1
10-09 04:03:14.225 20180 20180 I getprop : type=1400 audit(0.0:912): avc: denied { getattr } for path="/dev/__properties__/u:object_r:theme_prop:s0" dev="tmpfs" ino=6556 scontext=u:r:shell:s0 tcontext=u:object_r:theme_prop:s0 tclass=file permissive=1
10-09 04:03:16.258   562   562 I MSM-irqbalance: Decided to move IRQ65 from CPU0 to CPU3
10-09 04:03:19.627 12863 12880 V xiaomi  : [Thread:523] JOB: check the ping-pong.1507521789608
10-09 04:03:21.258   562   562 I MSM-irqbalance: Decided to move IRQ200 from CPU0 to CPU3
10-09 04:03:23.467  1146 20126 D NetworkMonitor/NetworkAgentInfo [WIFI () - 111]: Probably not a portal: exception java.net.SocketTimeoutException: connect timed out
10-09 04:03:23.759  1146  1179 I PowerManagerService: Going to sleep due to screen timeout (uid 1000)...
10-09 04:03:24.125  1146  1179 V KeyguardServiceDelegate: onScreenTurnedOff()
10-09 04:03:24.142  1146  1177 I DisplayManagerService: Display device changed state: "Built-in Screen", OFF
10-09 04:03:24.148   404   404 D SurfaceFlinger: Set power mode=0, type=0 flinger=0x7f9a848000
10-09 04:03:24.149   404   404 D qdhwcomposer: hwc_setPowerMode: Setting mode 0 on display: 0
10-09 04:03:24.506   404   715 I qdhwcomposer: handle_blank_event: dpy:0 panel power state: 0
10-09 04:03:24.523   404   404 D qdhwcomposer: hwc_setPowerMode: Done setting mode 0 on display 0
10-09 04:03:24.523  1146  3158 D SurfaceControl: Excessive delay in setPowerMode(): 381ms
10-09 04:03:24.523  1146  1179 I QTI PowerHAL: Got set_interactive hint
10-09 04:03:24.524  1146  1179 E QCOM PowerHAL: Failed to acquire lock.
10-09 04:03:24.524  1146  1179 I DreamManagerService: Entering dreamland.
10-09 04:03:24.525  1146  1179 I PowerManagerService: Dozing...
10-09 04:03:24.528  1146  1175 I DreamController: Starting dream: name=ComponentInfo{com.android.systemui/com.android.systemui.doze.DozeService}, isTest=false, canDoze=true, userId=0
10-09 04:03:24.561   434  9589 D audio_hw_primary: adev_set_parameters: enter: screen_state=off
10-09 04:03:24.561   434  9589 D audio_hw_extn: audio_extn_set_anc_parameters: anc_enabled:0
10-09 04:03:24.575  3237  3237 D PhoneStatusBar: disable: < expand ICONS alerts SYSTEM_INFO back HOME RECENT clock SEARCH quick_settings >
10-09 04:03:24.753  1146  1171 I WindowManager: OverscanTimeout run
10-09 04:03:26.258   562   562 I MSM-irqbalance: Decided to move IRQ104 from CPU0 to CPU3
10-09 04:03:31.259   562   562 I MSM-irqbalance: Decided to move IRQ155 from CPU0 to CPU2
10-09 04:03:36.259   562   562 I MSM-irqbalance: Decided to move IRQ178 from CPU0 to CPU2
10-09 04:03:41.259   562   562 I MSM-irqbalance: Decided to move IRQ166 from CPU0 to CPU2
10-09 04:03:46.259   562   562 I MSM-irqbalance: Decided to move IRQ222 from CPU0 to CPU2
10-09 04:04:01.260   562   562 I MSM-irqbalance: Decided to move IRQ200 from CPU4 [P:0] to CPU0 [P:1] (banned)
10-09 04:04:06.258   562   562 I MSM-irqbalance: Decided to move IRQ200 from CPU0 to CPU3
10-09 04:04:11.258   562   562 I MSM-irqbalance: Decided to move IRQ215 from CPU0 to CPU3
10-09 04:04:12.170  1146  1965 I PowerManagerService: Waking up from dozing (uid 1000)...
10-09 04:04:12.171  1146  1965 E QCOM PowerHAL: Failed to acquire lock.
10-09 04:04:12.171  1146  1965 I QTI PowerHAL: Got set_interactive hint
10-09 04:04:12.171  1146  1965 E QCOM PowerHAL: Invalid hint ID.
10-09 04:04:12.171  1146  1179 I DisplayPowerController: Blocking screen on until initial contents have been drawn.
10-09 04:04:12.171  1146  1179 V KeyguardServiceDelegate: onScreenTurnedOn(showListener = com.android.server.policy.PhoneWindowManager$2@1299aa)
10-09 04:04:12.172  1146  1146 V KeyguardServiceDelegate: onStartedWakingUp()
